`torch_dtype` is deprecated! Use `dtype` instead!
common/specter: 1,024/52,000; reutilizados 534; 5.6s
common/specter: 2,048/52,000; reutilizados 543; 5.5s
common/specter: 3,072/52,000; reutilizados 573; 5.0s
common/specter: 4,096/52,000; reutilizados 546; 5.4s
common/specter: 5,120/52,000; reutilizados 545; 5.3s
common/specter: 6,144/52,000; reutilizados 534; 5.4s
common/specter: 7,168/52,000; reutilizados 531; 5.4s
common/specter: 8,192/52,000; reutilizados 560; 5.1s
common/specter: 9,216/52,000; reutilizados 555; 5.1s
common/specter: 10,240/52,000; reutilizados 559; 5.0s
common/specter: 11,264/52,000; reutilizados 523; 5.4s
common/specter: 12,288/52,000; reutilizados 561; 5.1s
common/specter: 13,312/52,000; reutilizados 559; 5.0s
common/specter: 14,336/52,000; reutilizados 542; 5.3s
common/specter: 15,360/52,000; reutilizados 544; 5.3s
common/specter: 16,384/52,000; reutilizados 534; 5.4s
common/specter: 17,408/52,000; reutilizados 531; 5.4s
common/specter: 18,432/52,000; reutilizados 554; 5.2s
common/specter: 19,456/52,000; reutilizados 557; 5.1s
common/specter: 20,480/52,000; reutilizados 532; 5.4s
common/specter: 21,504/52,000; reutilizados 545; 5.2s
common/specter: 22,528/52,000; reutilizados 526; 5.4s
common/specter: 23,552/52,000; reutilizados 532; 5.4s
common/specter: 24,576/52,000; reutilizados 539; 5.2s
common/specter: 25,600/52,000; reutilizados 515; 5.7s
common/specter: 26,624/52,000; reutilizados 537; 5.4s
common/specter: 27,648/52,000; reutilizados 546; 5.6s
common/specter: 28,672/52,000; reutilizados 532; 5.4s
common/specter: 29,696/52,000; reutilizados 572; 5.1s
common/specter: 30,720/52,000; reutilizados 531; 5.4s
common/specter: 31,744/52,000; reutilizados 571; 5.0s
common/specter: 32,768/52,000; reutilizados 526; 5.4s
common/specter: 33,792/52,000; reutilizados 599; 4.8s
common/specter: 34,816/52,000; reutilizados 729; 3.3s
common/specter: 35,840/52,000; reutilizados 556; 4.7s
common/specter: 36,864/52,000; reutilizados 479; 5.4s
common/specter: 37,888/52,000; reutilizados 792; 2.5s
common/specter: 38,912/52,000; reutilizados 566; 5.0s
common/specter: 39,936/52,000; reutilizados 741; 3.1s
common/specter: 40,960/52,000; reutilizados 546; 4.9s
common/specter: 41,984/52,000; reutilizados 239; 7.8s
common/specter: 43,008/52,000; reutilizados 732; 3.1s
common/specter: 44,032/52,000; reutilizados 574; 4.5s
common/specter: 45,056/52,000; reutilizados 403; 6.4s
common/specter: 46,080/52,000; reutilizados 318; 7.2s
common/specter: 47,104/52,000; reutilizados 392; 6.4s
common/specter: 48,128/52,000; reutilizados 471; 5.8s
common/specter: 49,152/52,000; reutilizados 302; 7.5s
common/specter: 50,176/52,000; reutilizados 289; 7.5s
common/specter: 51,200/52,000; reutilizados 311; 7.2s
common/specter: 52,000/52,000; reutilizados 429; 4.0s
{"rows": 52000, "target": 52000, "complete": true, "shards": 51, "seconds": 270.53903504504706, "truncated_rows": 0, "updated_at": "2026-09-17T07:31:34.772157+00:00", "manifest_sha256": "640745e73a5355de7b04000a58a94d702d9ab556015225e4f8ada3bcc3bf9da1"}
`torch_dtype` is deprecated! Use `dtype` instead!
There are adapters available but none are activated for the forward pass.
common/specter2: 1,024/52,000; reutilizados 534; 5.2s
common/specter2: 2,048/52,000; reutilizados 543; 5.1s
common/specter2: 3,072/52,000; reutilizados 573; 4.9s
common/specter2: 4,096/52,000; reutilizados 546; 5.3s
common/specter2: 5,120/52,000; reutilizados 545; 5.2s
common/specter2: 6,144/52,000; reutilizados 534; 5.4s
common/specter2: 7,168/52,000; reutilizados 531; 5.3s
common/specter2: 8,192/52,000; reutilizados 560; 5.1s
common/specter2: 9,216/52,000; reutilizados 555; 5.2s
common/specter2: 10,240/52,000; reutilizados 559; 5.1s
common/specter2: 11,264/52,000; reutilizados 523; 5.4s
common/specter2: 12,288/52,000; reutilizados 561; 4.9s
common/specter2: 13,312/52,000; reutilizados 559; 5.0s
common/specter2: 14,336/52,000; reutilizados 542; 5.1s
common/specter2: 15,360/52,000; reutilizados 544; 5.2s
common/specter2: 16,384/52,000; reutilizados 534; 5.6s
common/specter2: 17,408/52,000; reutilizados 531; 5.4s
common/specter2: 18,432/52,000; reutilizados 554; 5.2s
common/specter2: 19,456/52,000; reutilizados 557; 5.1s
common/specter2: 20,480/52,000; reutilizados 532; 5.4s
common/specter2: 21,504/52,000; reutilizados 545; 5.1s
common/specter2: 22,528/52,000; reutilizados 526; 5.4s
common/specter2: 23,552/52,000; reutilizados 532; 5.3s
common/specter2: 24,576/52,000; reutilizados 539; 5.2s
common/specter2: 25,600/52,000; reutilizados 515; 5.5s
common/specter2: 26,624/52,000; reutilizados 537; 5.2s
common/specter2: 27,648/52,000; reutilizados 546; 5.1s
common/specter2: 28,672/52,000; reutilizados 532; 5.2s
common/specter2: 29,696/52,000; reutilizados 572; 4.9s
common/specter2: 30,720/52,000; reutilizados 531; 5.3s
common/specter2: 31,744/52,000; reutilizados 571; 5.0s
common/specter2: 32,768/52,000; reutilizados 526; 6.0s
common/specter2: 33,792/52,000; reutilizados 599; 4.7s
common/specter2: 34,816/52,000; reutilizados 729; 3.2s
common/specter2: 35,840/52,000; reutilizados 556; 4.8s
common/specter2: 36,864/52,000; reutilizados 479; 5.5s
common/specter2: 37,888/52,000; reutilizados 792; 2.5s
common/specter2: 38,912/52,000; reutilizados 566; 4.9s
common/specter2: 39,936/52,000; reutilizados 741; 3.1s
common/specter2: 40,960/52,000; reutilizados 546; 4.9s
common/specter2: 41,984/52,000; reutilizados 239; 7.7s
common/specter2: 43,008/52,000; reutilizados 732; 2.9s
common/specter2: 44,032/52,000; reutilizados 574; 4.6s
common/specter2: 45,056/52,000; reutilizados 403; 6.3s
common/specter2: 46,080/52,000; reutilizados 318; 7.2s
common/specter2: 47,104/52,000; reutilizados 392; 6.3s
common/specter2: 48,128/52,000; reutilizados 471; 5.7s
common/specter2: 49,152/52,000; reutilizados 302; 7.4s
common/specter2: 50,176/52,000; reutilizados 289; 7.5s
common/specter2: 51,200/52,000; reutilizados 311; 7.2s
common/specter2: 52,000/52,000; reutilizados 429; 4.0s
{"rows": 52000, "target": 52000, "complete": true, "shards": 51, "seconds": 268.0141340830596, "truncated_rows": 0, "updated_at": "2026-09-17T07:36:06.653131+00:00", "manifest_sha256": "e43bf2891a28db6c22b1305288c743d25470a2eb5ebe2ec60aaeaaa098d5687c"}
`torch_dtype` is deprecated! Use `dtype` instead!
common/scincl: 1,024/52,000; reutilizados 534; 5.1s
common/scincl: 2,048/52,000; reutilizados 543; 4.9s
common/scincl: 3,072/52,000; reutilizados 573; 4.7s
common/scincl: 4,096/52,000; reutilizados 546; 5.2s
common/scincl: 5,120/52,000; reutilizados 545; 5.1s
common/scincl: 6,144/52,000; reutilizados 534; 5.2s
common/scincl: 7,168/52,000; reutilizados 531; 5.2s
common/scincl: 8,192/52,000; reutilizados 560; 4.9s
common/scincl: 9,216/52,000; reutilizados 555; 5.1s
common/scincl: 10,240/52,000; reutilizados 559; 4.8s
common/scincl: 11,264/52,000; reutilizados 523; 5.3s
common/scincl: 12,288/52,000; reutilizados 561; 4.8s
common/scincl: 13,312/52,000; reutilizados 559; 4.8s
common/scincl: 14,336/52,000; reutilizados 542; 5.0s
common/scincl: 15,360/52,000; reutilizados 544; 5.0s
common/scincl: 16,384/52,000; reutilizados 534; 5.1s
common/scincl: 17,408/52,000; reutilizados 531; 5.2s
common/scincl: 18,432/52,000; reutilizados 554; 4.9s
common/scincl: 19,456/52,000; reutilizados 557; 4.9s
common/scincl: 20,480/52,000; reutilizados 532; 5.1s
common/scincl: 21,504/52,000; reutilizados 545; 4.9s
common/scincl: 22,528/52,000; reutilizados 526; 5.2s
common/scincl: 23,552/52,000; reutilizados 532; 5.1s
common/scincl: 24,576/52,000; reutilizados 539; 5.0s
common/scincl: 25,600/52,000; reutilizados 515; 5.3s
common/scincl: 26,624/52,000; reutilizados 537; 5.0s
common/scincl: 27,648/52,000; reutilizados 546; 4.9s
common/scincl: 28,672/52,000; reutilizados 532; 5.2s
common/scincl: 29,696/52,000; reutilizados 572; 4.8s
common/scincl: 30,720/52,000; reutilizados 531; 5.6s
common/scincl: 31,744/52,000; reutilizados 571; 4.8s
common/scincl: 32,768/52,000; reutilizados 526; 5.2s
common/scincl: 33,792/52,000; reutilizados 599; 4.5s
common/scincl: 34,816/52,000; reutilizados 729; 3.1s
common/scincl: 35,840/52,000; reutilizados 556; 4.6s
common/scincl: 36,864/52,000; reutilizados 479; 5.3s
common/scincl: 37,888/52,000; reutilizados 792; 2.4s
common/scincl: 38,912/52,000; reutilizados 566; 4.7s
common/scincl: 39,936/52,000; reutilizados 741; 3.0s
common/scincl: 40,960/52,000; reutilizados 546; 4.7s
common/scincl: 41,984/52,000; reutilizados 239; 7.5s
common/scincl: 43,008/52,000; reutilizados 732; 2.9s
common/scincl: 44,032/52,000; reutilizados 574; 4.4s
common/scincl: 45,056/52,000; reutilizados 403; 6.3s
common/scincl: 46,080/52,000; reutilizados 318; 7.0s
common/scincl: 47,104/52,000; reutilizados 392; 6.2s
common/scincl: 48,128/52,000; reutilizados 471; 5.5s
common/scincl: 49,152/52,000; reutilizados 302; 7.1s
common/scincl: 50,176/52,000; reutilizados 289; 7.3s
common/scincl: 51,200/52,000; reutilizados 311; 7.0s
common/scincl: 52,000/52,000; reutilizados 429; 3.8s
{"rows": 52000, "target": 52000, "complete": true, "shards": 51, "seconds": 258.6207545430225, "truncated_rows": 0, "updated_at": "2026-09-17T07:40:29.287903+00:00", "manifest_sha256": "a81d704da3404796d4e8b4d713c4102e804f66b466d33a8e4780d735daa1c26f"}
`torch_dtype` is deprecated! Use `dtype` instead!
common/scibert: 1,024/52,000; reutilizados 534; 5.1s
common/scibert: 2,048/52,000; reutilizados 543; 4.9s
common/scibert: 3,072/52,000; reutilizados 573; 4.8s
common/scibert: 4,096/52,000; reutilizados 546; 5.2s
common/scibert: 5,120/52,000; reutilizados 545; 5.1s
common/scibert: 6,144/52,000; reutilizados 534; 5.3s
common/scibert: 7,168/52,000; reutilizados 531; 5.3s
common/scibert: 8,192/52,000; reutilizados 560; 5.0s
common/scibert: 9,216/52,000; reutilizados 555; 5.1s
common/scibert: 10,240/52,000; reutilizados 559; 5.0s
common/scibert: 11,264/52,000; reutilizados 523; 5.4s
common/scibert: 12,288/52,000; reutilizados 561; 5.0s
common/scibert: 13,312/52,000; reutilizados 559; 4.9s
common/scibert: 14,336/52,000; reutilizados 542; 5.1s
common/scibert: 15,360/52,000; reutilizados 544; 5.1s
common/scibert: 16,384/52,000; reutilizados 534; 5.2s
common/scibert: 17,408/52,000; reutilizados 531; 5.2s
common/scibert: 18,432/52,000; reutilizados 554; 5.0s
common/scibert: 19,456/52,000; reutilizados 557; 5.0s
common/scibert: 20,480/52,000; reutilizados 532; 5.2s
common/scibert: 21,504/52,000; reutilizados 545; 5.0s
common/scibert: 22,528/52,000; reutilizados 526; 5.2s
common/scibert: 23,552/52,000; reutilizados 532; 5.1s
common/scibert: 24,576/52,000; reutilizados 539; 5.1s
common/scibert: 25,600/52,000; reutilizados 515; 5.4s
common/scibert: 26,624/52,000; reutilizados 537; 5.2s
common/scibert: 27,648/52,000; reutilizados 546; 4.9s
common/scibert: 28,672/52,000; reutilizados 532; 5.1s
common/scibert: 29,696/52,000; reutilizados 572; 4.8s
common/scibert: 30,720/52,000; reutilizados 531; 5.2s
common/scibert: 31,744/52,000; reutilizados 571; 4.9s
common/scibert: 32,768/52,000; reutilizados 526; 5.3s
common/scibert: 33,792/52,000; reutilizados 599; 4.6s
common/scibert: 34,816/52,000; reutilizados 729; 3.2s
common/scibert: 35,840/52,000; reutilizados 556; 4.7s
common/scibert: 36,864/52,000; reutilizados 479; 5.3s
common/scibert: 37,888/52,000; reutilizados 792; 2.4s
common/scibert: 38,912/52,000; reutilizados 566; 4.7s
common/scibert: 39,936/52,000; reutilizados 741; 3.0s
common/scibert: 40,960/52,000; reutilizados 546; 4.8s
common/scibert: 41,984/52,000; reutilizados 239; 7.5s
common/scibert: 43,008/52,000; reutilizados 732; 2.9s
common/scibert: 44,032/52,000; reutilizados 574; 4.4s
common/scibert: 45,056/52,000; reutilizados 403; 6.2s
common/scibert: 46,080/52,000; reutilizados 318; 7.2s
common/scibert: 47,104/52,000; reutilizados 392; 6.3s
common/scibert: 48,128/52,000; reutilizados 471; 5.5s
common/scibert: 49,152/52,000; reutilizados 302; 7.2s
common/scibert: 50,176/52,000; reutilizados 289; 7.3s
common/scibert: 51,200/52,000; reutilizados 311; 6.9s
common/scibert: 52,000/52,000; reutilizados 429; 3.9s
{"rows": 52000, "target": 52000, "complete": true, "shards": 51, "seconds": 261.0702319579723, "truncated_rows": 0, "updated_at": "2026-09-17T07:44:54.681567+00:00", "manifest_sha256": "92cd4d9cba4ecc536e56354420002d1a44a107e85017be57b9fc4b27d646f516"}
`torch_dtype` is deprecated! Use `dtype` instead!
common/bert: 1,024/52,000; reutilizados 534; 4.7s
common/bert: 2,048/52,000; reutilizados 543; 4.6s
common/bert: 3,072/52,000; reutilizados 573; 4.5s
common/bert: 4,096/52,000; reutilizados 546; 4.8s
common/bert: 5,120/52,000; reutilizados 545; 4.7s
common/bert: 6,144/52,000; reutilizados 534; 4.9s
common/bert: 7,168/52,000; reutilizados 531; 4.9s
common/bert: 8,192/52,000; reutilizados 560; 4.6s
common/bert: 9,216/52,000; reutilizados 555; 4.6s
common/bert: 10,240/52,000; reutilizados 559; 4.6s
common/bert: 11,264/52,000; reutilizados 523; 4.9s
common/bert: 12,288/52,000; reutilizados 561; 4.5s
common/bert: 13,312/52,000; reutilizados 559; 4.5s
common/bert: 14,336/52,000; reutilizados 542; 4.8s
common/bert: 15,360/52,000; reutilizados 544; 4.6s
common/bert: 16,384/52,000; reutilizados 534; 4.8s
common/bert: 17,408/52,000; reutilizados 531; 4.8s
common/bert: 18,432/52,000; reutilizados 554; 4.7s
common/bert: 19,456/52,000; reutilizados 557; 5.6s
common/bert: 20,480/52,000; reutilizados 532; 5.0s
common/bert: 21,504/52,000; reutilizados 545; 4.9s
common/bert: 22,528/52,000; reutilizados 526; 5.0s
common/bert: 23,552/52,000; reutilizados 532; 4.9s
common/bert: 24,576/52,000; reutilizados 539; 4.8s
common/bert: 25,600/52,000; reutilizados 515; 5.1s
common/bert: 26,624/52,000; reutilizados 537; 4.8s
common/bert: 27,648/52,000; reutilizados 546; 4.9s
common/bert: 28,672/52,000; reutilizados 532; 4.9s
common/bert: 29,696/52,000; reutilizados 572; 4.5s
common/bert: 30,720/52,000; reutilizados 531; 4.9s
common/bert: 31,744/52,000; reutilizados 571; 4.5s
common/bert: 32,768/52,000; reutilizados 526; 5.1s
common/bert: 33,792/52,000; reutilizados 599; 4.2s
common/bert: 34,816/52,000; reutilizados 729; 3.0s
common/bert: 35,840/52,000; reutilizados 556; 4.6s
common/bert: 36,864/52,000; reutilizados 479; 5.4s
common/bert: 37,888/52,000; reutilizados 792; 2.3s
common/bert: 38,912/52,000; reutilizados 566; 4.5s
common/bert: 39,936/52,000; reutilizados 741; 2.9s
common/bert: 40,960/52,000; reutilizados 546; 4.7s
common/bert: 41,984/52,000; reutilizados 239; 7.6s
common/bert: 43,008/52,000; reutilizados 732; 2.9s
common/bert: 44,032/52,000; reutilizados 574; 4.4s
common/bert: 45,056/52,000; reutilizados 403; 6.2s
common/bert: 46,080/52,000; reutilizados 318; 6.7s
common/bert: 47,104/52,000; reutilizados 392; 6.2s
common/bert: 48,128/52,000; reutilizados 471; 5.4s
common/bert: 49,152/52,000; reutilizados 302; 7.1s
common/bert: 50,176/52,000; reutilizados 289; 7.3s
common/bert: 51,200/52,000; reutilizados 311; 7.0s
common/bert: 52,000/52,000; reutilizados 429; 3.7s
{"rows": 52000, "target": 52000, "complete": true, "shards": 51, "seconds": 249.14376525401894, "truncated_rows": 0, "updated_at": "2026-09-17T07:49:08.724587+00:00", "manifest_sha256": "d0e864eb5ae280d1f97b747edaedac6b580857bd25eac611b0a1a7ba075ed4ea"}
`torch_dtype` is deprecated! Use `dtype` instead!
common/mpnet: 1,024/52,000; reutilizados 534; 5.0s
common/mpnet: 2,048/52,000; reutilizados 543; 5.0s
common/mpnet: 3,072/52,000; reutilizados 573; 4.8s
common/mpnet: 4,096/52,000; reutilizados 546; 5.0s
common/mpnet: 5,120/52,000; reutilizados 545; 5.0s
common/mpnet: 6,144/52,000; reutilizados 534; 5.0s
common/mpnet: 7,168/52,000; reutilizados 531; 5.1s
common/mpnet: 8,192/52,000; reutilizados 560; 4.8s
common/mpnet: 9,216/52,000; reutilizados 555; 4.8s
common/mpnet: 10,240/52,000; reutilizados 559; 4.8s
common/mpnet: 11,264/52,000; reutilizados 523; 5.1s
common/mpnet: 12,288/52,000; reutilizados 561; 4.7s
common/mpnet: 13,312/52,000; reutilizados 559; 4.7s
common/mpnet: 14,336/52,000; reutilizados 542; 4.8s
common/mpnet: 15,360/52,000; reutilizados 544; 4.9s
common/mpnet: 16,384/52,000; reutilizados 534; 4.9s
common/mpnet: 17,408/52,000; reutilizados 531; 5.0s
common/mpnet: 18,432/52,000; reutilizados 554; 4.7s
common/mpnet: 19,456/52,000; reutilizados 557; 4.7s
common/mpnet: 20,480/52,000; reutilizados 532; 4.9s
common/mpnet: 21,504/52,000; reutilizados 545; 4.8s
common/mpnet: 22,528/52,000; reutilizados 526; 5.0s
common/mpnet: 23,552/52,000; reutilizados 532; 5.0s
common/mpnet: 24,576/52,000; reutilizados 539; 4.8s
common/mpnet: 25,600/52,000; reutilizados 515; 5.1s
common/mpnet: 26,624/52,000; reutilizados 537; 4.9s
common/mpnet: 27,648/52,000; reutilizados 546; 4.8s
common/mpnet: 28,672/52,000; reutilizados 532; 5.0s
common/mpnet: 29,696/52,000; reutilizados 572; 4.5s
common/mpnet: 30,720/52,000; reutilizados 531; 5.0s
common/mpnet: 31,744/52,000; reutilizados 571; 4.5s
common/mpnet: 32,768/52,000; reutilizados 526; 5.0s
common/mpnet: 33,792/52,000; reutilizados 599; 4.2s
common/mpnet: 34,816/52,000; reutilizados 729; 2.9s
common/mpnet: 35,840/52,000; reutilizados 556; 4.8s
common/mpnet: 36,864/52,000; reutilizados 479; 5.4s
common/mpnet: 37,888/52,000; reutilizados 792; 2.3s
common/mpnet: 38,912/52,000; reutilizados 566; 4.6s
common/mpnet: 39,936/52,000; reutilizados 741; 2.8s
common/mpnet: 40,960/52,000; reutilizados 546; 4.8s
common/mpnet: 41,984/52,000; reutilizados 239; 7.8s
common/mpnet: 43,008/52,000; reutilizados 732; 2.9s
common/mpnet: 44,032/52,000; reutilizados 574; 4.6s
common/mpnet: 45,056/52,000; reutilizados 403; 6.2s
common/mpnet: 46,080/52,000; reutilizados 318; 7.0s
common/mpnet: 47,104/52,000; reutilizados 392; 6.3s
common/mpnet: 48,128/52,000; reutilizados 471; 5.5s
common/mpnet: 49,152/52,000; reutilizados 302; 7.2s
common/mpnet: 50,176/52,000; reutilizados 289; 7.4s
common/mpnet: 51,200/52,000; reutilizados 311; 7.0s
common/mpnet: 52,000/52,000; reutilizados 429; 3.7s
{"rows": 52000, "target": 52000, "complete": true, "shards": 51, "seconds": 253.2399964990036, "truncated_rows": 0, "updated_at": "2026-09-17T07:53:26.111619+00:00", "manifest_sha256": "8fbcad2043c6c00eff88bcee43c1448bf59a4712d5c5196a33c95f64cdcc0754"}
`torch_dtype` is deprecated! Use `dtype` instead!
common/minilm: 1,024/52,000; reutilizados 534; 1.3s
common/minilm: 2,048/52,000; reutilizados 543; 1.2s
common/minilm: 3,072/52,000; reutilizados 573; 1.1s
common/minilm: 4,096/52,000; reutilizados 546; 1.2s
common/minilm: 5,120/52,000; reutilizados 545; 1.2s
common/minilm: 6,144/52,000; reutilizados 534; 1.2s
common/minilm: 7,168/52,000; reutilizados 531; 1.2s
common/minilm: 8,192/52,000; reutilizados 560; 1.1s
common/minilm: 9,216/52,000; reutilizados 555; 1.1s
common/minilm: 10,240/52,000; reutilizados 559; 1.0s
common/minilm: 11,264/52,000; reutilizados 523; 1.1s
common/minilm: 12,288/52,000; reutilizados 561; 1.1s
common/minilm: 13,312/52,000; reutilizados 559; 1.1s
common/minilm: 14,336/52,000; reutilizados 542; 1.2s
common/minilm: 15,360/52,000; reutilizados 544; 1.1s
common/minilm: 16,384/52,000; reutilizados 534; 1.2s
common/minilm: 17,408/52,000; reutilizados 531; 1.2s
common/minilm: 18,432/52,000; reutilizados 554; 1.1s
common/minilm: 19,456/52,000; reutilizados 557; 1.2s
common/minilm: 20,480/52,000; reutilizados 532; 1.1s
common/minilm: 21,504/52,000; reutilizados 545; 1.2s
common/minilm: 22,528/52,000; reutilizados 526; 1.4s
common/minilm: 23,552/52,000; reutilizados 532; 1.2s
common/minilm: 24,576/52,000; reutilizados 539; 1.2s
common/minilm: 25,600/52,000; reutilizados 515; 1.2s
common/minilm: 26,624/52,000; reutilizados 537; 1.2s
common/minilm: 27,648/52,000; reutilizados 546; 1.2s
common/minilm: 28,672/52,000; reutilizados 532; 1.2s
common/minilm: 29,696/52,000; reutilizados 572; 1.1s
common/minilm: 30,720/52,000; reutilizados 531; 1.2s
common/minilm: 31,744/52,000; reutilizados 571; 1.1s
common/minilm: 32,768/52,000; reutilizados 526; 1.2s
common/minilm: 33,792/52,000; reutilizados 599; 1.0s
common/minilm: 34,816/52,000; reutilizados 729; 0.7s
common/minilm: 35,840/52,000; reutilizados 556; 1.1s
common/minilm: 36,864/52,000; reutilizados 479; 1.2s
common/minilm: 37,888/52,000; reutilizados 792; 0.6s
common/minilm: 38,912/52,000; reutilizados 566; 1.1s
common/minilm: 39,936/52,000; reutilizados 741; 0.7s
common/minilm: 40,960/52,000; reutilizados 546; 1.1s
common/minilm: 41,984/52,000; reutilizados 239; 1.8s
common/minilm: 43,008/52,000; reutilizados 732; 0.7s
common/minilm: 44,032/52,000; reutilizados 574; 1.1s
common/minilm: 45,056/52,000; reutilizados 403; 1.4s
common/minilm: 46,080/52,000; reutilizados 318; 1.7s
common/minilm: 47,104/52,000; reutilizados 392; 1.5s
common/minilm: 48,128/52,000; reutilizados 471; 1.3s
common/minilm: 49,152/52,000; reutilizados 302; 1.7s
common/minilm: 50,176/52,000; reutilizados 289; 1.6s
common/minilm: 51,200/52,000; reutilizados 311; 1.6s
common/minilm: 52,000/52,000; reutilizados 429; 0.9s
{"rows": 52000, "target": 52000, "complete": true, "shards": 51, "seconds": 59.98500912706368, "truncated_rows": 0, "updated_at": "2026-09-17T07:54:29.486299+00:00", "manifest_sha256": "727bd9c8ada20214a8a7dd6f652179667e4bf05d0ab4408b6a13beaf853289e8"}
`torch_dtype` is deprecated! Use `dtype` instead!
common/pubmedbert: 1,024/52,000; reutilizados 534; 5.2s
common/pubmedbert: 2,048/52,000; reutilizados 543; 5.2s
common/pubmedbert: 3,072/52,000; reutilizados 573; 5.0s
common/pubmedbert: 4,096/52,000; reutilizados 546; 5.4s
common/pubmedbert: 5,120/52,000; reutilizados 545; 5.3s
common/pubmedbert: 6,144/52,000; reutilizados 534; 5.5s
common/pubmedbert: 7,168/52,000; reutilizados 531; 5.5s
common/pubmedbert: 8,192/52,000; reutilizados 560; 5.2s
common/pubmedbert: 9,216/52,000; reutilizados 555; 5.4s
common/pubmedbert: 10,240/52,000; reutilizados 559; 5.1s
common/pubmedbert: 11,264/52,000; reutilizados 523; 5.6s
common/pubmedbert: 12,288/52,000; reutilizados 561; 5.1s
common/pubmedbert: 13,312/52,000; reutilizados 559; 5.2s
common/pubmedbert: 14,336/52,000; reutilizados 542; 5.3s
common/pubmedbert: 15,360/52,000; reutilizados 544; 5.3s
common/pubmedbert: 16,384/52,000; reutilizados 534; 5.4s
common/pubmedbert: 17,408/52,000; reutilizados 531; 5.4s
common/pubmedbert: 18,432/52,000; reutilizados 554; 5.2s
common/pubmedbert: 19,456/52,000; reutilizados 557; 5.1s
common/pubmedbert: 20,480/52,000; reutilizados 532; 5.4s
common/pubmedbert: 21,504/52,000; reutilizados 545; 5.2s
common/pubmedbert: 22,528/52,000; reutilizados 526; 5.4s
common/pubmedbert: 23,552/52,000; reutilizados 532; 5.5s
common/pubmedbert: 24,576/52,000; reutilizados 539; 5.3s
common/pubmedbert: 25,600/52,000; reutilizados 515; 5.7s
common/pubmedbert: 26,624/52,000; reutilizados 537; 5.4s
common/pubmedbert: 27,648/52,000; reutilizados 546; 5.2s
common/pubmedbert: 28,672/52,000; reutilizados 532; 5.3s
common/pubmedbert: 29,696/52,000; reutilizados 572; 5.0s
common/pubmedbert: 30,720/52,000; reutilizados 531; 5.5s
common/pubmedbert: 31,744/52,000; reutilizados 571; 4.9s
common/pubmedbert: 32,768/52,000; reutilizados 526; 5.4s
common/pubmedbert: 33,792/52,000; reutilizados 599; 4.7s
common/pubmedbert: 34,816/52,000; reutilizados 729; 3.3s
common/pubmedbert: 35,840/52,000; reutilizados 556; 4.8s
common/pubmedbert: 36,864/52,000; reutilizados 479; 5.4s
common/pubmedbert: 37,888/52,000; reutilizados 792; 2.5s
common/pubmedbert: 38,912/52,000; reutilizados 566; 4.8s
common/pubmedbert: 39,936/52,000; reutilizados 741; 3.2s
common/pubmedbert: 40,960/52,000; reutilizados 546; 4.8s
common/pubmedbert: 41,984/52,000; reutilizados 239; 7.4s
common/pubmedbert: 43,008/52,000; reutilizados 732; 2.9s
common/pubmedbert: 44,032/52,000; reutilizados 574; 4.5s
common/pubmedbert: 45,056/52,000; reutilizados 403; 6.3s
common/pubmedbert: 46,080/52,000; reutilizados 318; 7.1s
common/pubmedbert: 47,104/52,000; reutilizados 392; 6.2s
common/pubmedbert: 48,128/52,000; reutilizados 471; 5.5s
common/pubmedbert: 49,152/52,000; reutilizados 302; 7.2s
common/pubmedbert: 50,176/52,000; reutilizados 289; 7.3s
common/pubmedbert: 51,200/52,000; reutilizados 311; 7.0s
common/pubmedbert: 52,000/52,000; reutilizados 429; 3.9s
{"rows": 52000, "target": 52000, "complete": true, "shards": 51, "seconds": 268.37327687998186, "truncated_rows": 0, "updated_at": "2026-09-17T07:59:02.224800+00:00", "manifest_sha256": "5609955b4b3de88a296e84f2f9a30ef512246e1c18b6e1cd55e9b32cd61afe79"}
`torch_dtype` is deprecated! Use `dtype` instead!
common/biobert: 1,024/52,000; reutilizados 534; 5.6s
common/biobert: 2,048/52,000; reutilizados 543; 5.4s
common/biobert: 3,072/52,000; reutilizados 573; 5.6s
common/biobert: 4,096/52,000; reutilizados 546; 5.9s
common/biobert: 5,120/52,000; reutilizados 545; 5.8s
common/biobert: 6,144/52,000; reutilizados 534; 5.9s
common/biobert: 7,168/52,000; reutilizados 531; 5.8s
common/biobert: 8,192/52,000; reutilizados 560; 5.5s
common/biobert: 9,216/52,000; reutilizados 555; 5.6s
common/biobert: 10,240/52,000; reutilizados 559; 5.6s
common/biobert: 11,264/52,000; reutilizados 523; 5.9s
common/biobert: 12,288/52,000; reutilizados 561; 5.5s
common/biobert: 13,312/52,000; reutilizados 559; 5.6s
common/biobert: 14,336/52,000; reutilizados 542; 5.8s
common/biobert: 15,360/52,000; reutilizados 544; 5.7s
common/biobert: 16,384/52,000; reutilizados 534; 5.6s
common/biobert: 17,408/52,000; reutilizados 531; 5.9s
common/biobert: 18,432/52,000; reutilizados 554; 5.5s
common/biobert: 19,456/52,000; reutilizados 557; 5.5s
common/biobert: 20,480/52,000; reutilizados 532; 5.6s
common/biobert: 21,504/52,000; reutilizados 545; 5.5s
common/biobert: 22,528/52,000; reutilizados 526; 5.8s
common/biobert: 23,552/52,000; reutilizados 532; 5.8s
common/biobert: 24,576/52,000; reutilizados 539; 5.7s
common/biobert: 25,600/52,000; reutilizados 515; 6.0s
common/biobert: 26,624/52,000; reutilizados 537; 5.6s
common/biobert: 27,648/52,000; reutilizados 546; 5.7s
common/biobert: 28,672/52,000; reutilizados 532; 5.7s
common/biobert: 29,696/52,000; reutilizados 572; 5.3s
common/biobert: 30,720/52,000; reutilizados 531; 5.7s
common/biobert: 31,744/52,000; reutilizados 571; 5.4s
common/biobert: 32,768/52,000; reutilizados 526; 5.9s
common/biobert: 33,792/52,000; reutilizados 599; 5.1s
common/biobert: 34,816/52,000; reutilizados 729; 3.5s
common/biobert: 35,840/52,000; reutilizados 556; 5.4s
common/biobert: 36,864/52,000; reutilizados 479; 6.2s
common/biobert: 37,888/52,000; reutilizados 792; 2.7s
common/biobert: 38,912/52,000; reutilizados 566; 5.2s
common/biobert: 39,936/52,000; reutilizados 741; 3.6s
common/biobert: 40,960/52,000; reutilizados 546; 5.4s
common/biobert: 41,984/52,000; reutilizados 239; 9.0s
common/biobert: 43,008/52,000; reutilizados 732; 3.3s
common/biobert: 44,032/52,000; reutilizados 574; 5.1s
common/biobert: 45,056/52,000; reutilizados 403; 7.1s
common/biobert: 46,080/52,000; reutilizados 318; 7.9s
common/biobert: 47,104/52,000; reutilizados 392; 7.1s
common/biobert: 48,128/52,000; reutilizados 471; 6.2s
common/biobert: 49,152/52,000; reutilizados 302; 8.4s
common/biobert: 50,176/52,000; reutilizados 289; 8.4s
common/biobert: 51,200/52,000; reutilizados 311; 8.3s
common/biobert: 52,000/52,000; reutilizados 429; 4.4s
{"rows": 52000, "target": 52000, "complete": true, "shards": 51, "seconds": 293.69340358302, "truncated_rows": 0, "updated_at": "2026-09-17T08:04:00.290303+00:00", "manifest_sha256": "aeb0efcce749eeaa28988ada4c96a66ab223eec0932884ea70e9ce888b9ffdac"}
`torch_dtype` is deprecated! Use `dtype` instead!
common/simcse: 1,024/52,000; reutilizados 534; 4.6s
common/simcse: 2,048/52,000; reutilizados 543; 4.4s
common/simcse: 3,072/52,000; reutilizados 573; 4.1s
common/simcse: 4,096/52,000; reutilizados 546; 4.4s
common/simcse: 5,120/52,000; reutilizados 545; 4.5s
common/simcse: 6,144/52,000; reutilizados 534; 4.6s
common/simcse: 7,168/52,000; reutilizados 531; 4.6s
common/simcse: 8,192/52,000; reutilizados 560; 4.3s
common/simcse: 9,216/52,000; reutilizados 555; 4.4s
common/simcse: 10,240/52,000; reutilizados 559; 4.4s
common/simcse: 11,264/52,000; reutilizados 523; 4.7s
common/simcse: 12,288/52,000; reutilizados 561; 4.3s
common/simcse: 13,312/52,000; reutilizados 559; 4.4s
common/simcse: 14,336/52,000; reutilizados 542; 4.5s
common/simcse: 15,360/52,000; reutilizados 544; 4.5s
common/simcse: 16,384/52,000; reutilizados 534; 4.6s
common/simcse: 17,408/52,000; reutilizados 531; 4.6s
common/simcse: 18,432/52,000; reutilizados 554; 4.5s
common/simcse: 19,456/52,000; reutilizados 557; 4.4s
common/simcse: 20,480/52,000; reutilizados 532; 4.6s
common/simcse: 21,504/52,000; reutilizados 545; 4.5s
common/simcse: 22,528/52,000; reutilizados 526; 4.7s
common/simcse: 23,552/52,000; reutilizados 532; 4.6s
common/simcse: 24,576/52,000; reutilizados 539; 4.6s
common/simcse: 25,600/52,000; reutilizados 515; 4.7s
common/simcse: 26,624/52,000; reutilizados 537; 4.6s
common/simcse: 27,648/52,000; reutilizados 546; 4.5s
common/simcse: 28,672/52,000; reutilizados 532; 4.6s
common/simcse: 29,696/52,000; reutilizados 572; 4.2s
common/simcse: 30,720/52,000; reutilizados 531; 4.6s
common/simcse: 31,744/52,000; reutilizados 571; 4.3s
common/simcse: 32,768/52,000; reutilizados 526; 4.6s
common/simcse: 33,792/52,000; reutilizados 599; 4.0s
common/simcse: 34,816/52,000; reutilizados 729; 2.7s
common/simcse: 35,840/52,000; reutilizados 556; 4.3s
common/simcse: 36,864/52,000; reutilizados 479; 5.0s
common/simcse: 37,888/52,000; reutilizados 792; 2.2s
common/simcse: 38,912/52,000; reutilizados 566; 4.2s
common/simcse: 39,936/52,000; reutilizados 741; 2.6s
common/simcse: 40,960/52,000; reutilizados 546; 4.4s
common/simcse: 41,984/52,000; reutilizados 239; 7.3s
common/simcse: 43,008/52,000; reutilizados 732; 2.7s
common/simcse: 44,032/52,000; reutilizados 574; 4.2s
common/simcse: 45,056/52,000; reutilizados 403; 5.7s
common/simcse: 46,080/52,000; reutilizados 318; 6.4s
common/simcse: 47,104/52,000; reutilizados 392; 5.9s
common/simcse: 48,128/52,000; reutilizados 471; 5.1s
common/simcse: 49,152/52,000; reutilizados 302; 6.7s
common/simcse: 50,176/52,000; reutilizados 289; 6.8s
common/simcse: 51,200/52,000; reutilizados 311; 6.6s
common/simcse: 52,000/52,000; reutilizados 429; 3.4s
{"rows": 52000, "target": 52000, "complete": true, "shards": 51, "seconds": 234.23034387797816, "truncated_rows": 0, "updated_at": "2026-09-17T08:07:57.802092+00:00", "manifest_sha256": "3122bd62c99389ab265dc6545ef40a507b0a2d3096151d49e2c39131568f716d"}
CONTROLES DE TEXTO COMPLETOS
