Control de receta: scibert
Control de receta: bert
Control de receta: pubmedbert
Control de receta: biobert
Control MiniLM 512: 11 2000
Control MiniLM 512: 11 2005
Control MiniLM 512: 11 2010
Control MiniLM 512: 11 2015
Control MiniLM 512: 11 2020
Control MiniLM 512: 12 2000
Control MiniLM 512: 12 2005
Control MiniLM 512: 12 2010
Control MiniLM 512: 12 2015
Control MiniLM 512: 12 2020
Control MiniLM 512: 13 2000
Control MiniLM 512: 13 2005
Control MiniLM 512: 13 2010
Control MiniLM 512: 13 2015
Control MiniLM 512: 13 2020
Control MiniLM 512: 14 2000
Control MiniLM 512: 14 2005
Control MiniLM 512: 14 2010
Control MiniLM 512: 14 2015
Control MiniLM 512: 14 2020
Control MiniLM 512: 15 2000
Control MiniLM 512: 15 2005
Control MiniLM 512: 15 2010
Control MiniLM 512: 15 2015
Control MiniLM 512: 15 2020
Control MiniLM 512: 16 2000
Control MiniLM 512: 16 2005
Control MiniLM 512: 16 2010
Control MiniLM 512: 16 2015
Control MiniLM 512: 16 2020
Control MiniLM 512: 17 2000
Control MiniLM 512: 17 2005
Control MiniLM 512: 17 2010
Control MiniLM 512: 17 2015
Control MiniLM 512: 17 2020
Control MiniLM 512: 18 2000
Control MiniLM 512: 18 2005
Control MiniLM 512: 18 2010
Control MiniLM 512: 18 2015
Control MiniLM 512: 18 2020
Control MiniLM 512: 19 2000
Control MiniLM 512: 19 2005
Control MiniLM 512: 19 2010
Control MiniLM 512: 19 2015
Control MiniLM 512: 19 2020
Control MiniLM 512: 20 2000
Control MiniLM 512: 20 2005
Control MiniLM 512: 20 2010
Control MiniLM 512: 20 2015
Control MiniLM 512: 20 2020
Control MiniLM 512: 21 2000
Control MiniLM 512: 21 2005
Control MiniLM 512: 21 2010
Control MiniLM 512: 21 2015
Control MiniLM 512: 21 2020
Control MiniLM 512: 22 2000
Control MiniLM 512: 22 2005
Control MiniLM 512: 22 2010
Control MiniLM 512: 22 2015
Control MiniLM 512: 22 2020
Control MiniLM 512: 23 2000
Control MiniLM 512: 23 2005
Control MiniLM 512: 23 2010
Control MiniLM 512: 23 2015
Control MiniLM 512: 23 2020
Control MiniLM 512: 24 2000
Control MiniLM 512: 24 2005
Control MiniLM 512: 24 2010
Control MiniLM 512: 24 2015
Control MiniLM 512: 24 2020
Control MiniLM 512: 25 2000
Control MiniLM 512: 25 2005
Control MiniLM 512: 25 2010
Control MiniLM 512: 25 2015
Control MiniLM 512: 25 2020
Control MiniLM 512: 26 2000
Control MiniLM 512: 26 2005
Control MiniLM 512: 26 2010
Control MiniLM 512: 26 2015
Control MiniLM 512: 26 2020
Control MiniLM 512: 27 2000
Control MiniLM 512: 27 2005
Control MiniLM 512: 27 2010
Control MiniLM 512: 27 2015
Control MiniLM 512: 27 2020
Control MiniLM 512: 28 2000
Control MiniLM 512: 28 2005
Control MiniLM 512: 28 2010
Control MiniLM 512: 28 2015
Control MiniLM 512: 28 2020
Control MiniLM 512: 29 2000
Control MiniLM 512: 29 2005
Control MiniLM 512: 29 2010
Control MiniLM 512: 29 2015
Control MiniLM 512: 29 2020
Control MiniLM 512: 30 2000
Control MiniLM 512: 30 2005
Control MiniLM 512: 30 2010
Control MiniLM 512: 30 2015
Control MiniLM 512: 30 2020
Control MiniLM 512: 31 2000
Control MiniLM 512: 31 2005
Control MiniLM 512: 31 2010
Control MiniLM 512: 31 2015
Control MiniLM 512: 31 2020
Control MiniLM 512: 32 2000
Control MiniLM 512: 32 2005
Control MiniLM 512: 32 2010
Control MiniLM 512: 32 2015
Control MiniLM 512: 32 2020
Control MiniLM 512: 33 2000
Control MiniLM 512: 33 2005
Control MiniLM 512: 33 2010
Control MiniLM 512: 33 2015
Control MiniLM 512: 33 2020
Control MiniLM 512: 34 2000
Control MiniLM 512: 34 2005
Control MiniLM 512: 34 2010
Control MiniLM 512: 34 2015
Control MiniLM 512: 34 2020
Control MiniLM 512: 35 2000
Control MiniLM 512: 35 2005
Control MiniLM 512: 35 2010
Control MiniLM 512: 35 2015
Control MiniLM 512: 35 2020
Control MiniLM 512: 36 2000
Control MiniLM 512: 36 2005
Control MiniLM 512: 36 2010
Control MiniLM 512: 36 2015
Control MiniLM 512: 36 2020
EARLY CONTROLS COMPLETE
