Vecinos specter: 11/2000, n=2,166, 0.1s
Vecinos specter: 11/2005, n=2,528, 0.2s
Vecinos specter: 11/2010, n=3,940, 0.3s
Vecinos specter: 11/2015, n=4,298, 0.4s
Vecinos specter: 11/2020, n=6,491, 0.8s
Vecinos specter: 12/2000, n=2,166, 0.1s
Vecinos specter: 12/2005, n=2,166, 0.1s
Vecinos specter: 12/2010, n=2,186, 0.1s
Vecinos specter: 12/2015, n=2,732, 0.2s
Vecinos specter: 12/2020, n=3,380, 0.3s
Vecinos specter: 13/2000, n=2,739, 0.2s
Vecinos specter: 13/2005, n=4,071, 0.4s
Vecinos specter: 13/2010, n=5,251, 0.6s
Vecinos specter: 13/2015, n=5,596, 0.6s
Vecinos specter: 13/2020, n=6,840, 0.9s
Vecinos specter: 14/2000, n=2,166, 0.1s
Vecinos specter: 14/2005, n=2,166, 0.1s
Vecinos specter: 14/2010, n=2,186, 0.1s
Vecinos specter: 14/2015, n=2,660, 0.1s
Vecinos specter: 14/2020, n=4,040, 0.3s
Vecinos specter: 15/2000, n=2,166, 0.1s
Vecinos specter: 15/2005, n=2,166, 0.1s
Vecinos specter: 15/2010, n=2,166, 0.1s
Vecinos specter: 15/2015, n=2,166, 0.1s
Vecinos specter: 15/2020, n=2,166, 0.1s
Vecinos specter: 16/2000, n=2,166, 0.1s
Vecinos specter: 16/2005, n=2,166, 0.1s
Vecinos specter: 16/2010, n=2,166, 0.1s
Vecinos specter: 16/2015, n=2,166, 0.1s
Vecinos specter: 16/2020, n=2,166, 0.1s
Vecinos specter: 17/2000, n=3,310, 0.2s
Vecinos specter: 17/2005, n=5,594, 0.6s
Vecinos specter: 17/2010, n=7,094, 1.1s
Vecinos specter: 17/2015, n=6,858, 0.8s
Vecinos specter: 17/2020, n=9,972, 1.5s
Vecinos specter: 18/2000, n=2,166, 0.1s
Vecinos specter: 18/2005, n=2,166, 0.1s
Vecinos specter: 18/2010, n=2,166, 0.1s
Vecinos specter: 18/2015, n=2,166, 0.1s
Vecinos specter: 18/2020, n=2,166, 0.1s
Vecinos specter: 19/2000, n=2,166, 0.1s
Vecinos specter: 19/2005, n=2,166, 0.1s
Vecinos specter: 19/2010, n=2,166, 0.1s
Vecinos specter: 19/2015, n=2,166, 0.1s
Vecinos specter: 19/2020, n=2,166, 0.1s
Vecinos specter: 20/2000, n=2,166, 0.1s
Vecinos specter: 20/2005, n=2,166, 0.1s
Vecinos specter: 20/2010, n=2,166, 0.1s
Vecinos specter: 20/2015, n=2,166, 0.1s
Vecinos specter: 20/2020, n=2,845, 0.2s
Vecinos specter: 21/2000, n=2,166, 0.1s
Vecinos specter: 21/2005, n=2,166, 0.1s
Vecinos specter: 21/2010, n=2,166, 0.1s
Vecinos specter: 21/2015, n=2,166, 0.1s
Vecinos specter: 21/2020, n=2,166, 0.1s
Vecinos specter: 22/2000, n=6,990, 0.9s
Vecinos specter: 22/2005, n=11,310, 2.5s
Vecinos specter: 22/2010, n=15,203, 4.6s
Vecinos specter: 22/2015, n=14,738, 4.0s
Vecinos specter: 22/2020, n=18,907, 6.3s
Vecinos specter: 23/2000, n=2,166, 0.1s
Vecinos specter: 23/2005, n=2,876, 0.2s
Vecinos specter: 23/2010, n=4,005, 0.4s
Vecinos specter: 23/2015, n=4,018, 0.4s
Vecinos specter: 23/2020, n=5,919, 0.7s
Vecinos specter: 24/2000, n=2,166, 0.1s
Vecinos specter: 24/2005, n=2,166, 0.1s
Vecinos specter: 24/2010, n=2,166, 0.1s
Vecinos specter: 24/2015, n=2,166, 0.1s
Vecinos specter: 24/2020, n=2,166, 0.1s
Vecinos specter: 25/2000, n=2,166, 0.1s
Vecinos specter: 25/2005, n=2,166, 0.1s
Vecinos specter: 25/2010, n=2,962, 0.2s
Vecinos specter: 25/2015, n=3,152, 0.2s
Vecinos specter: 25/2020, n=3,787, 0.3s
Vecinos specter: 26/2000, n=2,166, 0.1s
Vecinos specter: 26/2005, n=2,166, 0.1s
Vecinos specter: 26/2010, n=2,166, 0.1s
Vecinos specter: 26/2015, n=2,166, 0.1s
Vecinos specter: 26/2020, n=2,166, 0.1s
Vecinos specter: 27/2000, n=7,128, 1.0s
Vecinos specter: 27/2005, n=10,946, 2.4s
Vecinos specter: 27/2010, n=15,771, 4.8s
Vecinos specter: 27/2015, n=18,629, 6.7s
Vecinos specter: 27/2020, n=26,195, 13.1s
Vecinos specter: 28/2000, n=2,166, 0.1s
Vecinos specter: 28/2005, n=2,166, 0.1s
Vecinos specter: 28/2010, n=2,166, 0.1s
Vecinos specter: 28/2015, n=2,166, 0.1s
Vecinos specter: 28/2020, n=2,166, 0.1s
Vecinos specter: 29/2000, n=2,166, 0.1s
Vecinos specter: 29/2005, n=2,166, 0.1s
Vecinos specter: 29/2010, n=2,166, 0.1s
Vecinos specter: 29/2015, n=2,166, 0.1s
Vecinos specter: 29/2020, n=2,166, 0.1s
Vecinos specter: 30/2000, n=2,166, 0.1s
Vecinos specter: 30/2005, n=2,166, 0.1s
Vecinos specter: 30/2010, n=2,166, 0.1s
Vecinos specter: 30/2015, n=2,166, 0.1s
Vecinos specter: 30/2020, n=2,166, 0.1s
Vecinos specter: 31/2000, n=2,166, 0.1s
Vecinos specter: 31/2005, n=2,704, 0.2s
Vecinos specter: 31/2010, n=3,094, 0.2s
Vecinos specter: 31/2015, n=3,388, 0.3s
Vecinos specter: 31/2020, n=3,470, 0.2s
Vecinos specter: 32/2000, n=2,166, 0.1s
Vecinos specter: 32/2005, n=2,166, 0.1s
Vecinos specter: 32/2010, n=2,166, 0.1s
Vecinos specter: 32/2015, n=2,577, 0.2s
Vecinos specter: 32/2020, n=3,970, 0.3s
Vecinos specter: 33/2000, n=2,776, 0.2s
Vecinos specter: 33/2005, n=4,893, 0.5s
Vecinos specter: 33/2010, n=7,110, 0.9s
Vecinos specter: 33/2015, n=8,891, 1.6s
Vecinos specter: 33/2020, n=13,879, 3.8s
Vecinos specter: 34/2000, n=2,166, 0.1s
Vecinos specter: 34/2005, n=2,166, 0.1s
Vecinos specter: 34/2010, n=2,165, 0.1s
Vecinos specter: 34/2015, n=2,165, 0.1s
Vecinos specter: 34/2020, n=2,165, 0.1s
Vecinos specter: 35/2000, n=2,165, 0.1s
Vecinos specter: 35/2005, n=2,165, 0.1s
Vecinos specter: 35/2010, n=2,165, 0.1s
Vecinos specter: 35/2015, n=2,165, 0.1s
Vecinos specter: 35/2020, n=2,165, 0.1s
Vecinos specter: 36/2000, n=2,165, 0.1s
Vecinos specter: 36/2005, n=2,165, 0.1s
Vecinos specter: 36/2010, n=2,165, 0.1s
Vecinos specter: 36/2015, n=2,165, 0.1s
Vecinos specter: 36/2020, n=2,833, 0.2s
Vecinos specter2: 11/2000, n=2,166, 0.1s
Vecinos specter2: 11/2005, n=2,528, 0.2s
Vecinos specter2: 11/2010, n=3,940, 0.4s
Vecinos specter2: 11/2015, n=4,298, 0.5s
Vecinos specter2: 11/2020, n=6,491, 1.0s
Vecinos specter2: 12/2000, n=2,166, 0.1s
Vecinos specter2: 12/2005, n=2,166, 0.1s
Vecinos specter2: 12/2010, n=2,186, 0.1s
Vecinos specter2: 12/2015, n=2,732, 0.2s
Vecinos specter2: 12/2020, n=3,380, 0.3s
Vecinos specter2: 13/2000, n=2,739, 0.2s
Vecinos specter2: 13/2005, n=4,071, 0.3s
Vecinos specter2: 13/2010, n=5,251, 0.5s
Vecinos specter2: 13/2015, n=5,596, 0.7s
Vecinos specter2: 13/2020, n=6,840, 1.0s
Vecinos specter2: 14/2000, n=2,166, 0.1s
Vecinos specter2: 14/2005, n=2,166, 0.1s
Vecinos specter2: 14/2010, n=2,186, 0.1s
Vecinos specter2: 14/2015, n=2,660, 0.2s
Vecinos specter2: 14/2020, n=4,040, 0.3s
Vecinos specter2: 15/2000, n=2,166, 0.1s
Vecinos specter2: 15/2005, n=2,166, 0.1s
Vecinos specter2: 15/2010, n=2,166, 0.1s
Vecinos specter2: 15/2015, n=2,166, 0.1s
Vecinos specter2: 15/2020, n=2,166, 0.1s
Vecinos specter2: 16/2000, n=2,166, 0.1s
Vecinos specter2: 16/2005, n=2,166, 0.1s
Vecinos specter2: 16/2010, n=2,166, 0.1s
Vecinos specter2: 16/2015, n=2,166, 0.1s
Vecinos specter2: 16/2020, n=2,166, 0.1s
Vecinos specter2: 17/2000, n=3,310, 0.2s
Vecinos specter2: 17/2005, n=5,594, 0.5s
Vecinos specter2: 17/2010, n=7,094, 0.8s
Vecinos specter2: 17/2015, n=6,858, 0.7s
Vecinos specter2: 17/2020, n=9,972, 1.4s
Vecinos specter2: 18/2000, n=2,166, 0.1s
Vecinos specter2: 18/2005, n=2,166, 0.1s
Vecinos specter2: 18/2010, n=2,166, 0.1s
Vecinos specter2: 18/2015, n=2,166, 0.1s
Vecinos specter2: 18/2020, n=2,166, 0.1s
Vecinos specter2: 19/2000, n=2,166, 0.1s
Vecinos specter2: 19/2005, n=2,166, 0.1s
Vecinos specter2: 19/2010, n=2,166, 0.1s
Vecinos specter2: 19/2015, n=2,166, 0.1s
Vecinos specter2: 19/2020, n=2,166, 0.1s
Vecinos specter2: 20/2000, n=2,166, 0.1s
Vecinos specter2: 20/2005, n=2,166, 0.1s
Vecinos specter2: 20/2010, n=2,166, 0.1s
Vecinos specter2: 20/2015, n=2,166, 0.1s
Vecinos specter2: 20/2020, n=2,845, 0.2s
Vecinos specter2: 21/2000, n=2,166, 0.1s
Vecinos specter2: 21/2005, n=2,166, 0.1s
Vecinos specter2: 21/2010, n=2,166, 0.1s
Vecinos specter2: 21/2015, n=2,166, 0.1s
Vecinos specter2: 21/2020, n=2,166, 0.1s
Vecinos specter2: 22/2000, n=6,990, 0.7s
Vecinos specter2: 22/2005, n=11,310, 1.7s
Vecinos specter2: 22/2010, n=15,203, 4.0s
Vecinos specter2: 22/2015, n=14,738, 4.1s
Vecinos specter2: 22/2020, n=18,907, 6.1s
Vecinos specter2: 23/2000, n=2,166, 0.1s
Vecinos specter2: 23/2005, n=2,876, 0.2s
Vecinos specter2: 23/2010, n=4,005, 0.3s
Vecinos specter2: 23/2015, n=4,018, 0.4s
Vecinos specter2: 23/2020, n=5,919, 0.8s
Vecinos specter2: 24/2000, n=2,166, 0.1s
Vecinos specter2: 24/2005, n=2,166, 0.1s
Vecinos specter2: 24/2010, n=2,166, 0.1s
Vecinos specter2: 24/2015, n=2,166, 0.1s
Vecinos specter2: 24/2020, n=2,166, 0.1s
Vecinos specter2: 25/2000, n=2,166, 0.1s
Vecinos specter2: 25/2005, n=2,166, 0.1s
Vecinos specter2: 25/2010, n=2,962, 0.2s
Vecinos specter2: 25/2015, n=3,152, 0.2s
Vecinos specter2: 25/2020, n=3,787, 0.3s
Vecinos specter2: 26/2000, n=2,166, 0.1s
Vecinos specter2: 26/2005, n=2,166, 0.1s
Vecinos specter2: 26/2010, n=2,166, 0.1s
Vecinos specter2: 26/2015, n=2,166, 0.1s
Vecinos specter2: 26/2020, n=2,166, 0.1s
Vecinos specter2: 27/2000, n=7,128, 1.0s
Vecinos specter2: 27/2005, n=10,946, 2.4s
Vecinos specter2: 27/2010, n=15,771, 4.7s
Vecinos specter2: 27/2015, n=18,629, 6.5s
Vecinos specter2: 27/2020, n=26,195, 12.3s
Vecinos specter2: 28/2000, n=2,166, 0.1s
Vecinos specter2: 28/2005, n=2,166, 0.1s
Vecinos specter2: 28/2010, n=2,166, 0.1s
Vecinos specter2: 28/2015, n=2,166, 0.1s
Vecinos specter2: 28/2020, n=2,166, 0.1s
Vecinos specter2: 29/2000, n=2,166, 0.1s
Vecinos specter2: 29/2005, n=2,166, 0.1s
Vecinos specter2: 29/2010, n=2,166, 0.1s
Vecinos specter2: 29/2015, n=2,166, 0.1s
Vecinos specter2: 29/2020, n=2,166, 0.1s
Vecinos specter2: 30/2000, n=2,166, 0.1s
Vecinos specter2: 30/2005, n=2,166, 0.1s
Vecinos specter2: 30/2010, n=2,166, 0.1s
Vecinos specter2: 30/2015, n=2,166, 0.1s
Vecinos specter2: 30/2020, n=2,166, 0.1s
Vecinos specter2: 31/2000, n=2,166, 0.1s
Vecinos specter2: 31/2005, n=2,704, 0.1s
Vecinos specter2: 31/2010, n=3,094, 0.2s
Vecinos specter2: 31/2015, n=3,388, 0.3s
Vecinos specter2: 31/2020, n=3,470, 0.3s
Vecinos specter2: 32/2000, n=2,166, 0.1s
Vecinos specter2: 32/2005, n=2,166, 0.1s
Vecinos specter2: 32/2010, n=2,166, 0.1s
Vecinos specter2: 32/2015, n=2,577, 0.2s
Vecinos specter2: 32/2020, n=3,970, 0.3s
Vecinos specter2: 33/2000, n=2,776, 0.2s
Vecinos specter2: 33/2005, n=4,893, 0.5s
Vecinos specter2: 33/2010, n=7,110, 1.0s
Vecinos specter2: 33/2015, n=8,891, 1.5s
Vecinos specter2: 33/2020, n=13,879, 3.6s
Vecinos specter2: 34/2000, n=2,166, 0.1s
Vecinos specter2: 34/2005, n=2,166, 0.1s
Vecinos specter2: 34/2010, n=2,165, 0.1s
Vecinos specter2: 34/2015, n=2,165, 0.1s
Vecinos specter2: 34/2020, n=2,165, 0.1s
Vecinos specter2: 35/2000, n=2,165, 0.1s
Vecinos specter2: 35/2005, n=2,165, 0.1s
Vecinos specter2: 35/2010, n=2,165, 0.1s
Vecinos specter2: 35/2015, n=2,165, 0.1s
Vecinos specter2: 35/2020, n=2,165, 0.1s
Vecinos specter2: 36/2000, n=2,165, 0.1s
Vecinos specter2: 36/2005, n=2,165, 0.1s
Vecinos specter2: 36/2010, n=2,165, 0.1s
Vecinos specter2: 36/2015, n=2,165, 0.1s
Vecinos specter2: 36/2020, n=2,833, 0.2s
Vecinos scincl: 11/2000, n=2,166, 0.1s
Vecinos scincl: 11/2005, n=2,528, 0.1s
Vecinos scincl: 11/2010, n=3,940, 0.4s
Vecinos scincl: 11/2015, n=4,298, 0.4s
Vecinos scincl: 11/2020, n=6,491, 0.9s
Vecinos scincl: 12/2000, n=2,166, 0.1s
Vecinos scincl: 12/2005, n=2,166, 0.1s
Vecinos scincl: 12/2010, n=2,186, 0.1s
Vecinos scincl: 12/2015, n=2,732, 0.1s
Vecinos scincl: 12/2020, n=3,380, 0.3s
Vecinos scincl: 13/2000, n=2,739, 0.2s
Vecinos scincl: 13/2005, n=4,071, 0.4s
Vecinos scincl: 13/2010, n=5,251, 0.5s
Vecinos scincl: 13/2015, n=5,596, 0.6s
Vecinos scincl: 13/2020, n=6,840, 0.9s
Vecinos scincl: 14/2000, n=2,166, 0.1s
Vecinos scincl: 14/2005, n=2,166, 0.1s
Vecinos scincl: 14/2010, n=2,186, 0.1s
Vecinos scincl: 14/2015, n=2,660, 0.2s
Vecinos scincl: 14/2020, n=4,040, 0.4s
Vecinos scincl: 15/2000, n=2,166, 0.1s
Vecinos scincl: 15/2005, n=2,166, 0.1s
Vecinos scincl: 15/2010, n=2,166, 0.1s
Vecinos scincl: 15/2015, n=2,166, 0.1s
Vecinos scincl: 15/2020, n=2,166, 0.1s
Vecinos scincl: 16/2000, n=2,166, 0.1s
Vecinos scincl: 16/2005, n=2,166, 0.1s
Vecinos scincl: 16/2010, n=2,166, 0.1s
Vecinos scincl: 16/2015, n=2,166, 0.1s
Vecinos scincl: 16/2020, n=2,166, 0.1s
Vecinos scincl: 17/2000, n=3,310, 0.2s
Vecinos scincl: 17/2005, n=5,594, 0.7s
Vecinos scincl: 17/2010, n=7,094, 1.0s
Vecinos scincl: 17/2015, n=6,858, 1.0s
Vecinos scincl: 17/2020, n=9,972, 1.9s
Vecinos scincl: 18/2000, n=2,166, 0.1s
Vecinos scincl: 18/2005, n=2,166, 0.1s
Vecinos scincl: 18/2010, n=2,166, 0.1s
Vecinos scincl: 18/2015, n=2,166, 0.1s
Vecinos scincl: 18/2020, n=2,166, 0.1s
Vecinos scincl: 19/2000, n=2,166, 0.1s
Vecinos scincl: 19/2005, n=2,166, 0.1s
Vecinos scincl: 19/2010, n=2,166, 0.1s
Vecinos scincl: 19/2015, n=2,166, 0.1s
Vecinos scincl: 19/2020, n=2,166, 0.1s
Vecinos scincl: 20/2000, n=2,166, 0.1s
Vecinos scincl: 20/2005, n=2,166, 0.1s
Vecinos scincl: 20/2010, n=2,166, 0.1s
Vecinos scincl: 20/2015, n=2,166, 0.1s
Vecinos scincl: 20/2020, n=2,845, 0.2s
Vecinos scincl: 21/2000, n=2,166, 0.1s
Vecinos scincl: 21/2005, n=2,166, 0.1s
Vecinos scincl: 21/2010, n=2,166, 0.1s
Vecinos scincl: 21/2015, n=2,166, 0.1s
Vecinos scincl: 21/2020, n=2,166, 0.1s
Vecinos scincl: 22/2000, n=6,990, 0.8s
Vecinos scincl: 22/2005, n=11,310, 2.3s
Vecinos scincl: 22/2010, n=15,203, 4.2s
Vecinos scincl: 22/2015, n=14,738, 4.0s
Vecinos scincl: 22/2020, n=18,907, 6.8s
Vecinos scincl: 23/2000, n=2,166, 0.1s
Vecinos scincl: 23/2005, n=2,876, 0.2s
Vecinos scincl: 23/2010, n=4,005, 0.4s
Vecinos scincl: 23/2015, n=4,018, 0.4s
Vecinos scincl: 23/2020, n=5,919, 0.6s
Vecinos scincl: 24/2000, n=2,166, 0.1s
Vecinos scincl: 24/2005, n=2,166, 0.1s
Vecinos scincl: 24/2010, n=2,166, 0.1s
Vecinos scincl: 24/2015, n=2,166, 0.1s
Vecinos scincl: 24/2020, n=2,166, 0.1s
Vecinos scincl: 25/2000, n=2,166, 0.1s
Vecinos scincl: 25/2005, n=2,166, 0.1s
Vecinos scincl: 25/2010, n=2,962, 0.2s
Vecinos scincl: 25/2015, n=3,152, 0.2s
Vecinos scincl: 25/2020, n=3,787, 0.3s
Vecinos scincl: 26/2000, n=2,166, 0.1s
Vecinos scincl: 26/2005, n=2,166, 0.1s
Vecinos scincl: 26/2010, n=2,166, 0.1s
Vecinos scincl: 26/2015, n=2,166, 0.1s
Vecinos scincl: 26/2020, n=2,166, 0.1s
Vecinos scincl: 27/2000, n=7,128, 1.0s
Vecinos scincl: 27/2005, n=10,946, 2.3s
Vecinos scincl: 27/2010, n=15,771, 4.1s
Vecinos scincl: 27/2015, n=18,629, 5.9s
Vecinos scincl: 27/2020, n=26,195, 11.6s
Vecinos scincl: 28/2000, n=2,166, 0.1s
Vecinos scincl: 28/2005, n=2,166, 0.1s
Vecinos scincl: 28/2010, n=2,166, 0.1s
Vecinos scincl: 28/2015, n=2,166, 0.1s
Vecinos scincl: 28/2020, n=2,166, 0.1s
Vecinos scincl: 29/2000, n=2,166, 0.1s
Vecinos scincl: 29/2005, n=2,166, 0.1s
Vecinos scincl: 29/2010, n=2,166, 0.1s
Vecinos scincl: 29/2015, n=2,166, 0.1s
Vecinos scincl: 29/2020, n=2,166, 0.1s
Vecinos scincl: 30/2000, n=2,166, 0.1s
Vecinos scincl: 30/2005, n=2,166, 0.1s
Vecinos scincl: 30/2010, n=2,166, 0.1s
Vecinos scincl: 30/2015, n=2,166, 0.1s
Vecinos scincl: 30/2020, n=2,166, 0.1s
Vecinos scincl: 31/2000, n=2,166, 0.1s
Vecinos scincl: 31/2005, n=2,704, 0.2s
Vecinos scincl: 31/2010, n=3,094, 0.2s
Vecinos scincl: 31/2015, n=3,388, 0.2s
Vecinos scincl: 31/2020, n=3,470, 0.3s
Vecinos scincl: 32/2000, n=2,166, 0.1s
Vecinos scincl: 32/2005, n=2,166, 0.1s
Vecinos scincl: 32/2010, n=2,166, 0.1s
Vecinos scincl: 32/2015, n=2,577, 0.1s
Vecinos scincl: 32/2020, n=3,970, 0.4s
Vecinos scincl: 33/2000, n=2,776, 0.2s
Vecinos scincl: 33/2005, n=4,893, 0.5s
Vecinos scincl: 33/2010, n=7,110, 1.0s
Vecinos scincl: 33/2015, n=8,891, 1.6s
Vecinos scincl: 33/2020, n=13,879, 3.5s
Vecinos scincl: 34/2000, n=2,166, 0.1s
Vecinos scincl: 34/2005, n=2,166, 0.1s
Vecinos scincl: 34/2010, n=2,165, 0.1s
Vecinos scincl: 34/2015, n=2,165, 0.1s
Vecinos scincl: 34/2020, n=2,165, 0.1s
Vecinos scincl: 35/2000, n=2,165, 0.1s
Vecinos scincl: 35/2005, n=2,165, 0.1s
Vecinos scincl: 35/2010, n=2,165, 0.1s
Vecinos scincl: 35/2015, n=2,165, 0.1s
Vecinos scincl: 35/2020, n=2,165, 0.1s
Vecinos scincl: 36/2000, n=2,165, 0.1s
Vecinos scincl: 36/2005, n=2,165, 0.1s
Vecinos scincl: 36/2010, n=2,165, 0.1s
Vecinos scincl: 36/2015, n=2,165, 0.1s
Vecinos scincl: 36/2020, n=2,833, 0.2s
Vecinos scibert: 11/2000, n=2,166, 0.1s
Vecinos scibert: 11/2005, n=2,528, 0.2s
Vecinos scibert: 11/2010, n=3,940, 0.4s
Vecinos scibert: 11/2015, n=4,298, 0.4s
Vecinos scibert: 11/2020, n=6,491, 0.9s
Vecinos scibert: 12/2000, n=2,166, 0.1s
Vecinos scibert: 12/2005, n=2,166, 0.1s
Vecinos scibert: 12/2010, n=2,186, 0.1s
Vecinos scibert: 12/2015, n=2,732, 0.2s
Vecinos scibert: 12/2020, n=3,380, 0.3s
Vecinos scibert: 13/2000, n=2,739, 0.2s
Vecinos scibert: 13/2005, n=4,071, 0.3s
Vecinos scibert: 13/2010, n=5,251, 0.4s
Vecinos scibert: 13/2015, n=5,596, 0.5s
Vecinos scibert: 13/2020, n=6,840, 1.1s
Vecinos scibert: 14/2000, n=2,166, 0.1s
Vecinos scibert: 14/2005, n=2,166, 0.1s
Vecinos scibert: 14/2010, n=2,186, 0.1s
Vecinos scibert: 14/2015, n=2,660, 0.2s
Vecinos scibert: 14/2020, n=4,040, 0.4s
Vecinos scibert: 15/2000, n=2,166, 0.1s
Vecinos scibert: 15/2005, n=2,166, 0.1s
Vecinos scibert: 15/2010, n=2,166, 0.1s
Vecinos scibert: 15/2015, n=2,166, 0.1s
Vecinos scibert: 15/2020, n=2,166, 0.1s
Vecinos scibert: 16/2000, n=2,166, 0.1s
Vecinos scibert: 16/2005, n=2,166, 0.1s
Vecinos scibert: 16/2010, n=2,166, 0.1s
Vecinos scibert: 16/2015, n=2,166, 0.1s
Vecinos scibert: 16/2020, n=2,166, 0.1s
Vecinos scibert: 17/2000, n=3,310, 0.3s
Vecinos scibert: 17/2005, n=5,594, 0.7s
Vecinos scibert: 17/2010, n=7,094, 1.1s
Vecinos scibert: 17/2015, n=6,858, 1.0s
Vecinos scibert: 17/2020, n=9,972, 1.6s
Vecinos scibert: 18/2000, n=2,166, 0.1s
Vecinos scibert: 18/2005, n=2,166, 0.1s
Vecinos scibert: 18/2010, n=2,166, 0.1s
Vecinos scibert: 18/2015, n=2,166, 0.1s
Vecinos scibert: 18/2020, n=2,166, 0.1s
Vecinos scibert: 19/2000, n=2,166, 0.1s
Vecinos scibert: 19/2005, n=2,166, 0.1s
Vecinos scibert: 19/2010, n=2,166, 0.1s
Vecinos scibert: 19/2015, n=2,166, 0.1s
Vecinos scibert: 19/2020, n=2,166, 0.1s
Vecinos scibert: 20/2000, n=2,166, 0.1s
Vecinos scibert: 20/2005, n=2,166, 0.1s
Vecinos scibert: 20/2010, n=2,166, 0.1s
Vecinos scibert: 20/2015, n=2,166, 0.1s
Vecinos scibert: 20/2020, n=2,845, 0.2s
Vecinos scibert: 21/2000, n=2,166, 0.1s
Vecinos scibert: 21/2005, n=2,166, 0.1s
Vecinos scibert: 21/2010, n=2,166, 0.1s
Vecinos scibert: 21/2015, n=2,166, 0.1s
Vecinos scibert: 21/2020, n=2,166, 0.1s
Vecinos scibert: 22/2000, n=6,990, 0.9s
Vecinos scibert: 22/2005, n=11,310, 3.1s
Vecinos scibert: 22/2010, n=15,203, 3.4s
Vecinos scibert: 22/2015, n=14,738, 4.2s
Vecinos scibert: 22/2020, n=18,907, 6.0s
Vecinos scibert: 23/2000, n=2,166, 0.1s
Vecinos scibert: 23/2005, n=2,876, 0.2s
Vecinos scibert: 23/2010, n=4,005, 0.4s
Vecinos scibert: 23/2015, n=4,018, 0.3s
Vecinos scibert: 23/2020, n=5,919, 0.7s
Vecinos scibert: 24/2000, n=2,166, 0.1s
Vecinos scibert: 24/2005, n=2,166, 0.1s
Vecinos scibert: 24/2010, n=2,166, 0.1s
Vecinos scibert: 24/2015, n=2,166, 0.1s
Vecinos scibert: 24/2020, n=2,166, 0.1s
Vecinos scibert: 25/2000, n=2,166, 0.1s
Vecinos scibert: 25/2005, n=2,166, 0.1s
Vecinos scibert: 25/2010, n=2,962, 0.2s
Vecinos scibert: 25/2015, n=3,152, 0.2s
Vecinos scibert: 25/2020, n=3,787, 0.3s
Vecinos scibert: 26/2000, n=2,166, 0.1s
Vecinos scibert: 26/2005, n=2,166, 0.1s
Vecinos scibert: 26/2010, n=2,166, 0.1s
Vecinos scibert: 26/2015, n=2,166, 0.1s
Vecinos scibert: 26/2020, n=2,166, 0.1s
Vecinos scibert: 27/2000, n=7,128, 0.9s
Vecinos scibert: 27/2005, n=10,946, 2.3s
Vecinos scibert: 27/2010, n=15,771, 4.2s
Vecinos scibert: 27/2015, n=18,629, 6.0s
Vecinos scibert: 27/2020, n=26,195, 11.9s
Vecinos scibert: 28/2000, n=2,166, 0.1s
Vecinos scibert: 28/2005, n=2,166, 0.1s
Vecinos scibert: 28/2010, n=2,166, 0.1s
Vecinos scibert: 28/2015, n=2,166, 0.1s
Vecinos scibert: 28/2020, n=2,166, 0.1s
Vecinos scibert: 29/2000, n=2,166, 0.1s
Vecinos scibert: 29/2005, n=2,166, 0.1s
Vecinos scibert: 29/2010, n=2,166, 0.1s
Vecinos scibert: 29/2015, n=2,166, 0.1s
Vecinos scibert: 29/2020, n=2,166, 0.1s
Vecinos scibert: 30/2000, n=2,166, 0.1s
Vecinos scibert: 30/2005, n=2,166, 0.1s
Vecinos scibert: 30/2010, n=2,166, 0.1s
Vecinos scibert: 30/2015, n=2,166, 0.1s
Vecinos scibert: 30/2020, n=2,166, 0.1s
Vecinos scibert: 31/2000, n=2,166, 0.1s
Vecinos scibert: 31/2005, n=2,704, 0.1s
Vecinos scibert: 31/2010, n=3,094, 0.2s
Vecinos scibert: 31/2015, n=3,388, 0.2s
Vecinos scibert: 31/2020, n=3,470, 0.2s
Vecinos scibert: 32/2000, n=2,166, 0.1s
Vecinos scibert: 32/2005, n=2,166, 0.1s
Vecinos scibert: 32/2010, n=2,166, 0.1s
Vecinos scibert: 32/2015, n=2,577, 0.2s
Vecinos scibert: 32/2020, n=3,970, 0.3s
Vecinos scibert: 33/2000, n=2,776, 0.2s
Vecinos scibert: 33/2005, n=4,893, 0.5s
Vecinos scibert: 33/2010, n=7,110, 0.9s
Vecinos scibert: 33/2015, n=8,891, 1.5s
Vecinos scibert: 33/2020, n=13,879, 3.5s
Vecinos scibert: 34/2000, n=2,166, 0.1s
Vecinos scibert: 34/2005, n=2,166, 0.1s
Vecinos scibert: 34/2010, n=2,165, 0.1s
Vecinos scibert: 34/2015, n=2,165, 0.1s
Vecinos scibert: 34/2020, n=2,165, 0.1s
Vecinos scibert: 35/2000, n=2,165, 0.1s
Vecinos scibert: 35/2005, n=2,165, 0.1s
Vecinos scibert: 35/2010, n=2,165, 0.1s
Vecinos scibert: 35/2015, n=2,165, 0.1s
Vecinos scibert: 35/2020, n=2,165, 0.1s
Vecinos scibert: 36/2000, n=2,165, 0.1s
Vecinos scibert: 36/2005, n=2,165, 0.1s
Vecinos scibert: 36/2010, n=2,165, 0.1s
Vecinos scibert: 36/2015, n=2,165, 0.1s
Vecinos scibert: 36/2020, n=2,833, 0.2s
Vecinos bert: 11/2000, n=2,166, 0.1s
Vecinos bert: 11/2005, n=2,528, 0.2s
Vecinos bert: 11/2010, n=3,940, 0.3s
Vecinos bert: 11/2015, n=4,298, 0.4s
Vecinos bert: 11/2020, n=6,491, 0.8s
Vecinos bert: 12/2000, n=2,166, 0.1s
Vecinos bert: 12/2005, n=2,166, 0.1s
Vecinos bert: 12/2010, n=2,186, 0.1s
Vecinos bert: 12/2015, n=2,732, 0.2s
Vecinos bert: 12/2020, n=3,380, 0.3s
Vecinos bert: 13/2000, n=2,739, 0.2s
Vecinos bert: 13/2005, n=4,071, 0.3s
Vecinos bert: 13/2010, n=5,251, 0.5s
Vecinos bert: 13/2015, n=5,596, 0.7s
Vecinos bert: 13/2020, n=6,840, 1.0s
Vecinos bert: 14/2000, n=2,166, 0.1s
Vecinos bert: 14/2005, n=2,166, 0.1s
Vecinos bert: 14/2010, n=2,186, 0.1s
Vecinos bert: 14/2015, n=2,660, 0.1s
Vecinos bert: 14/2020, n=4,040, 0.3s
Vecinos bert: 15/2000, n=2,166, 0.1s
Vecinos bert: 15/2005, n=2,166, 0.1s
Vecinos bert: 15/2010, n=2,166, 0.1s
Vecinos bert: 15/2015, n=2,166, 0.1s
Vecinos bert: 15/2020, n=2,166, 0.1s
Vecinos bert: 16/2000, n=2,166, 0.1s
Vecinos bert: 16/2005, n=2,166, 0.1s
Vecinos bert: 16/2010, n=2,166, 0.1s
Vecinos bert: 16/2015, n=2,166, 0.1s
Vecinos bert: 16/2020, n=2,166, 0.1s
Vecinos bert: 17/2000, n=3,310, 0.2s
Vecinos bert: 17/2005, n=5,594, 0.6s
Vecinos bert: 17/2010, n=7,094, 1.0s
Vecinos bert: 17/2015, n=6,858, 1.0s
Vecinos bert: 17/2020, n=9,972, 1.8s
Vecinos bert: 18/2000, n=2,166, 0.1s
Vecinos bert: 18/2005, n=2,166, 0.1s
Vecinos bert: 18/2010, n=2,166, 0.1s
Vecinos bert: 18/2015, n=2,166, 0.1s
Vecinos bert: 18/2020, n=2,166, 0.1s
Vecinos bert: 19/2000, n=2,166, 0.1s
Vecinos bert: 19/2005, n=2,166, 0.1s
Vecinos bert: 19/2010, n=2,166, 0.1s
Vecinos bert: 19/2015, n=2,166, 0.1s
Vecinos bert: 19/2020, n=2,166, 0.1s
Vecinos bert: 20/2000, n=2,166, 0.1s
Vecinos bert: 20/2005, n=2,166, 0.1s
Vecinos bert: 20/2010, n=2,166, 0.1s
Vecinos bert: 20/2015, n=2,166, 0.1s
Vecinos bert: 20/2020, n=2,845, 0.2s
Vecinos bert: 21/2000, n=2,166, 0.1s
Vecinos bert: 21/2005, n=2,166, 0.1s
Vecinos bert: 21/2010, n=2,166, 0.1s
Vecinos bert: 21/2015, n=2,166, 0.1s
Vecinos bert: 21/2020, n=2,166, 0.1s
Vecinos bert: 22/2000, n=6,990, 1.0s
Vecinos bert: 22/2005, n=11,310, 2.5s
Vecinos bert: 22/2010, n=15,203, 3.9s
Vecinos bert: 22/2015, n=14,738, 3.5s
Vecinos bert: 22/2020, n=18,907, 4.6s
Vecinos bert: 23/2000, n=2,166, 0.1s
Vecinos bert: 23/2005, n=2,876, 0.1s
Vecinos bert: 23/2010, n=4,005, 0.2s
Vecinos bert: 23/2015, n=4,018, 0.2s
Vecinos bert: 23/2020, n=5,919, 0.5s
Vecinos bert: 24/2000, n=2,166, 0.1s
Vecinos bert: 24/2005, n=2,166, 0.1s
Vecinos bert: 24/2010, n=2,166, 0.1s
Vecinos bert: 24/2015, n=2,166, 0.1s
Vecinos bert: 24/2020, n=2,166, 0.1s
Vecinos bert: 25/2000, n=2,166, 0.1s
Vecinos bert: 25/2005, n=2,166, 0.1s
Vecinos bert: 25/2010, n=2,962, 0.1s
Vecinos bert: 25/2015, n=3,152, 0.2s
Vecinos bert: 25/2020, n=3,787, 0.2s
Vecinos bert: 26/2000, n=2,166, 0.1s
Vecinos bert: 26/2005, n=2,166, 0.1s
Vecinos bert: 26/2010, n=2,166, 0.1s
Vecinos bert: 26/2015, n=2,166, 0.1s
Vecinos bert: 26/2020, n=2,166, 0.1s
Vecinos bert: 27/2000, n=7,128, 0.7s
Vecinos bert: 27/2005, n=10,946, 1.5s
Vecinos bert: 27/2010, n=15,771, 2.7s
Vecinos bert: 27/2015, n=18,629, 4.9s
Vecinos bert: 27/2020, n=26,195, 11.9s
Vecinos bert: 28/2000, n=2,166, 0.1s
Vecinos bert: 28/2005, n=2,166, 0.1s
Vecinos bert: 28/2010, n=2,166, 0.1s
Vecinos bert: 28/2015, n=2,166, 0.1s
Vecinos bert: 28/2020, n=2,166, 0.1s
Vecinos bert: 29/2000, n=2,166, 0.1s
Vecinos bert: 29/2005, n=2,166, 0.1s
Vecinos bert: 29/2010, n=2,166, 0.1s
Vecinos bert: 29/2015, n=2,166, 0.1s
Vecinos bert: 29/2020, n=2,166, 0.1s
Vecinos bert: 30/2000, n=2,166, 0.1s
Vecinos bert: 30/2005, n=2,166, 0.1s
Vecinos bert: 30/2010, n=2,166, 0.1s
Vecinos bert: 30/2015, n=2,166, 0.1s
Vecinos bert: 30/2020, n=2,166, 0.1s
Vecinos bert: 31/2000, n=2,166, 0.1s
Vecinos bert: 31/2005, n=2,704, 0.2s
Vecinos bert: 31/2010, n=3,094, 0.2s
Vecinos bert: 31/2015, n=3,388, 0.3s
Vecinos bert: 31/2020, n=3,470, 0.3s
Vecinos bert: 32/2000, n=2,166, 0.1s
Vecinos bert: 32/2005, n=2,166, 0.1s
Vecinos bert: 32/2010, n=2,166, 0.1s
Vecinos bert: 32/2015, n=2,577, 0.1s
Vecinos bert: 32/2020, n=3,970, 0.4s
Vecinos bert: 33/2000, n=2,776, 0.2s
Vecinos bert: 33/2005, n=4,893, 0.5s
Vecinos bert: 33/2010, n=7,110, 0.9s
Vecinos bert: 33/2015, n=8,891, 1.5s
Vecinos bert: 33/2020, n=13,879, 2.4s
Vecinos bert: 34/2000, n=2,166, 0.1s
Vecinos bert: 34/2005, n=2,166, 0.1s
Vecinos bert: 34/2010, n=2,165, 0.1s
Vecinos bert: 34/2015, n=2,165, 0.1s
Vecinos bert: 34/2020, n=2,165, 0.1s
Vecinos bert: 35/2000, n=2,165, 0.1s
Vecinos bert: 35/2005, n=2,165, 0.1s
Vecinos bert: 35/2010, n=2,165, 0.1s
Vecinos bert: 35/2015, n=2,165, 0.1s
Vecinos bert: 35/2020, n=2,165, 0.1s
Vecinos bert: 36/2000, n=2,165, 0.1s
Vecinos bert: 36/2005, n=2,165, 0.1s
Vecinos bert: 36/2010, n=2,165, 0.1s
Vecinos bert: 36/2015, n=2,165, 0.1s
Vecinos bert: 36/2020, n=2,833, 0.1s
Vecinos mpnet: 11/2000, n=2,166, 0.1s
Vecinos mpnet: 11/2005, n=2,528, 0.2s
Vecinos mpnet: 11/2010, n=3,940, 0.3s
Vecinos mpnet: 11/2015, n=4,298, 0.4s
Vecinos mpnet: 11/2020, n=6,491, 0.7s
Vecinos mpnet: 12/2000, n=2,166, 0.1s
Vecinos mpnet: 12/2005, n=2,166, 0.1s
Vecinos mpnet: 12/2010, n=2,186, 0.1s
Vecinos mpnet: 12/2015, n=2,732, 0.2s
Vecinos mpnet: 12/2020, n=3,380, 0.2s
Vecinos mpnet: 13/2000, n=2,739, 0.2s
Vecinos mpnet: 13/2005, n=4,071, 0.3s
Vecinos mpnet: 13/2010, n=5,251, 0.5s
Vecinos mpnet: 13/2015, n=5,596, 0.6s
Vecinos mpnet: 13/2020, n=6,840, 0.8s
Vecinos mpnet: 14/2000, n=2,166, 0.1s
Vecinos mpnet: 14/2005, n=2,166, 0.1s
Vecinos mpnet: 14/2010, n=2,186, 0.1s
Vecinos mpnet: 14/2015, n=2,660, 0.2s
Vecinos mpnet: 14/2020, n=4,040, 0.4s
Vecinos mpnet: 15/2000, n=2,166, 0.1s
Vecinos mpnet: 15/2005, n=2,166, 0.1s
Vecinos mpnet: 15/2010, n=2,166, 0.1s
Vecinos mpnet: 15/2015, n=2,166, 0.1s
Vecinos mpnet: 15/2020, n=2,166, 0.1s
Vecinos mpnet: 16/2000, n=2,166, 0.1s
Vecinos mpnet: 16/2005, n=2,166, 0.1s
Vecinos mpnet: 16/2010, n=2,166, 0.1s
Vecinos mpnet: 16/2015, n=2,166, 0.1s
Vecinos mpnet: 16/2020, n=2,166, 0.1s
Vecinos mpnet: 17/2000, n=3,310, 0.2s
Vecinos mpnet: 17/2005, n=5,594, 0.6s
Vecinos mpnet: 17/2010, n=7,094, 0.9s
Vecinos mpnet: 17/2015, n=6,858, 0.9s
Vecinos mpnet: 17/2020, n=9,972, 1.9s
Vecinos mpnet: 18/2000, n=2,166, 0.1s
Vecinos mpnet: 18/2005, n=2,166, 0.1s
Vecinos mpnet: 18/2010, n=2,166, 0.1s
Vecinos mpnet: 18/2015, n=2,166, 0.1s
Vecinos mpnet: 18/2020, n=2,166, 0.1s
Vecinos mpnet: 19/2000, n=2,166, 0.1s
Vecinos mpnet: 19/2005, n=2,166, 0.1s
Vecinos mpnet: 19/2010, n=2,166, 0.1s
Vecinos mpnet: 19/2015, n=2,166, 0.1s
Vecinos mpnet: 19/2020, n=2,166, 0.1s
Vecinos mpnet: 20/2000, n=2,166, 0.1s
Vecinos mpnet: 20/2005, n=2,166, 0.1s
Vecinos mpnet: 20/2010, n=2,166, 0.1s
Vecinos mpnet: 20/2015, n=2,166, 0.1s
Vecinos mpnet: 20/2020, n=2,845, 0.2s
Vecinos mpnet: 21/2000, n=2,166, 0.1s
Vecinos mpnet: 21/2005, n=2,166, 0.1s
Vecinos mpnet: 21/2010, n=2,166, 0.1s
Vecinos mpnet: 21/2015, n=2,166, 0.1s
Vecinos mpnet: 21/2020, n=2,166, 0.1s
Vecinos mpnet: 22/2000, n=6,990, 0.9s
Vecinos mpnet: 22/2005, n=11,310, 2.3s
Vecinos mpnet: 22/2010, n=15,203, 3.8s
Vecinos mpnet: 22/2015, n=14,738, 3.7s
Vecinos mpnet: 22/2020, n=18,907, 6.3s
Vecinos mpnet: 23/2000, n=2,166, 0.1s
Vecinos mpnet: 23/2005, n=2,876, 0.2s
Vecinos mpnet: 23/2010, n=4,005, 0.3s
Vecinos mpnet: 23/2015, n=4,018, 0.4s
Vecinos mpnet: 23/2020, n=5,919, 0.7s
Vecinos mpnet: 24/2000, n=2,166, 0.1s
Vecinos mpnet: 24/2005, n=2,166, 0.1s
Vecinos mpnet: 24/2010, n=2,166, 0.1s
Vecinos mpnet: 24/2015, n=2,166, 0.1s
Vecinos mpnet: 24/2020, n=2,166, 0.1s
Vecinos mpnet: 25/2000, n=2,166, 0.1s
Vecinos mpnet: 25/2005, n=2,166, 0.1s
Vecinos mpnet: 25/2010, n=2,962, 0.2s
Vecinos mpnet: 25/2015, n=3,152, 0.2s
Vecinos mpnet: 25/2020, n=3,787, 0.3s
Vecinos mpnet: 26/2000, n=2,166, 0.1s
Vecinos mpnet: 26/2005, n=2,166, 0.1s
Vecinos mpnet: 26/2010, n=2,166, 0.1s
Vecinos mpnet: 26/2015, n=2,166, 0.1s
Vecinos mpnet: 26/2020, n=2,166, 0.1s
Vecinos mpnet: 27/2000, n=7,128, 1.0s
Vecinos mpnet: 27/2005, n=10,946, 2.2s
Vecinos mpnet: 27/2010, n=15,771, 4.2s
Vecinos mpnet: 27/2015, n=18,629, 5.8s
Vecinos mpnet: 27/2020, n=26,195, 11.2s
Vecinos mpnet: 28/2000, n=2,166, 0.1s
Vecinos mpnet: 28/2005, n=2,166, 0.1s
Vecinos mpnet: 28/2010, n=2,166, 0.1s
Vecinos mpnet: 28/2015, n=2,166, 0.1s
Vecinos mpnet: 28/2020, n=2,166, 0.1s
Vecinos mpnet: 29/2000, n=2,166, 0.1s
Vecinos mpnet: 29/2005, n=2,166, 0.1s
Vecinos mpnet: 29/2010, n=2,166, 0.1s
Vecinos mpnet: 29/2015, n=2,166, 0.1s
Vecinos mpnet: 29/2020, n=2,166, 0.1s
Vecinos mpnet: 30/2000, n=2,166, 0.1s
Vecinos mpnet: 30/2005, n=2,166, 0.1s
Vecinos mpnet: 30/2010, n=2,166, 0.1s
Vecinos mpnet: 30/2015, n=2,166, 0.1s
Vecinos mpnet: 30/2020, n=2,166, 0.1s
Vecinos mpnet: 31/2000, n=2,166, 0.1s
Vecinos mpnet: 31/2005, n=2,704, 0.2s
Vecinos mpnet: 31/2010, n=3,094, 0.2s
Vecinos mpnet: 31/2015, n=3,388, 0.2s
Vecinos mpnet: 31/2020, n=3,470, 0.3s
Vecinos mpnet: 32/2000, n=2,166, 0.1s
Vecinos mpnet: 32/2005, n=2,166, 0.1s
Vecinos mpnet: 32/2010, n=2,166, 0.1s
Vecinos mpnet: 32/2015, n=2,577, 0.1s
Vecinos mpnet: 32/2020, n=3,970, 0.3s
Vecinos mpnet: 33/2000, n=2,776, 0.1s
Vecinos mpnet: 33/2005, n=4,893, 0.4s
Vecinos mpnet: 33/2010, n=7,110, 1.0s
Vecinos mpnet: 33/2015, n=8,891, 1.5s
Vecinos mpnet: 33/2020, n=13,879, 3.5s
Vecinos mpnet: 34/2000, n=2,166, 0.1s
Vecinos mpnet: 34/2005, n=2,166, 0.1s
Vecinos mpnet: 34/2010, n=2,165, 0.1s
Vecinos mpnet: 34/2015, n=2,165, 0.1s
Vecinos mpnet: 34/2020, n=2,165, 0.1s
Vecinos mpnet: 35/2000, n=2,165, 0.1s
Vecinos mpnet: 35/2005, n=2,165, 0.1s
Vecinos mpnet: 35/2010, n=2,165, 0.1s
Vecinos mpnet: 35/2015, n=2,165, 0.1s
Vecinos mpnet: 35/2020, n=2,165, 0.1s
Vecinos mpnet: 36/2000, n=2,165, 0.1s
Vecinos mpnet: 36/2005, n=2,165, 0.1s
Vecinos mpnet: 36/2010, n=2,165, 0.1s
Vecinos mpnet: 36/2015, n=2,165, 0.1s
Vecinos mpnet: 36/2020, n=2,833, 0.2s
Vecinos minilm: 11/2000, n=2,166, 0.1s
Vecinos minilm: 11/2005, n=2,528, 0.1s
Vecinos minilm: 11/2010, n=3,940, 0.2s
Vecinos minilm: 11/2015, n=4,298, 0.3s
Vecinos minilm: 11/2020, n=6,491, 0.6s
Vecinos minilm: 12/2000, n=2,166, 0.1s
Vecinos minilm: 12/2005, n=2,166, 0.1s
Vecinos minilm: 12/2010, n=2,186, 0.1s
Vecinos minilm: 12/2015, n=2,732, 0.1s
Vecinos minilm: 12/2020, n=3,380, 0.2s
Vecinos minilm: 13/2000, n=2,739, 0.1s
Vecinos minilm: 13/2005, n=4,071, 0.2s
Vecinos minilm: 13/2010, n=5,251, 0.4s
Vecinos minilm: 13/2015, n=5,596, 0.4s
Vecinos minilm: 13/2020, n=6,840, 0.7s
Vecinos minilm: 14/2000, n=2,166, 0.1s
Vecinos minilm: 14/2005, n=2,166, 0.1s
Vecinos minilm: 14/2010, n=2,186, 0.1s
Vecinos minilm: 14/2015, n=2,660, 0.1s
Vecinos minilm: 14/2020, n=4,040, 0.2s
Vecinos minilm: 15/2000, n=2,166, 0.1s
Vecinos minilm: 15/2005, n=2,166, 0.1s
Vecinos minilm: 15/2010, n=2,166, 0.1s
Vecinos minilm: 15/2015, n=2,166, 0.1s
Vecinos minilm: 15/2020, n=2,166, 0.1s
Vecinos minilm: 16/2000, n=2,166, 0.1s
Vecinos minilm: 16/2005, n=2,166, 0.1s
Vecinos minilm: 16/2010, n=2,166, 0.1s
Vecinos minilm: 16/2015, n=2,166, 0.1s
Vecinos minilm: 16/2020, n=2,166, 0.1s
Vecinos minilm: 17/2000, n=3,310, 0.2s
Vecinos minilm: 17/2005, n=5,594, 0.5s
Vecinos minilm: 17/2010, n=7,094, 0.7s
Vecinos minilm: 17/2015, n=6,858, 0.7s
Vecinos minilm: 17/2020, n=9,972, 1.3s
Vecinos minilm: 18/2000, n=2,166, 0.1s
Vecinos minilm: 18/2005, n=2,166, 0.1s
Vecinos minilm: 18/2010, n=2,166, 0.1s
Vecinos minilm: 18/2015, n=2,166, 0.1s
Vecinos minilm: 18/2020, n=2,166, 0.1s
Vecinos minilm: 19/2000, n=2,166, 0.1s
Vecinos minilm: 19/2005, n=2,166, 0.1s
Vecinos minilm: 19/2010, n=2,166, 0.1s
Vecinos minilm: 19/2015, n=2,166, 0.1s
Vecinos minilm: 19/2020, n=2,166, 0.1s
Vecinos minilm: 20/2000, n=2,166, 0.1s
Vecinos minilm: 20/2005, n=2,166, 0.1s
Vecinos minilm: 20/2010, n=2,166, 0.1s
Vecinos minilm: 20/2015, n=2,166, 0.1s
Vecinos minilm: 20/2020, n=2,845, 0.1s
Vecinos minilm: 21/2000, n=2,166, 0.1s
Vecinos minilm: 21/2005, n=2,166, 0.1s
Vecinos minilm: 21/2010, n=2,166, 0.1s
Vecinos minilm: 21/2015, n=2,166, 0.1s
Vecinos minilm: 21/2020, n=2,166, 0.1s
Vecinos minilm: 22/2000, n=6,990, 0.7s
Vecinos minilm: 22/2005, n=11,310, 1.8s
Vecinos minilm: 22/2010, n=15,203, 3.1s
Vecinos minilm: 22/2015, n=14,738, 2.8s
Vecinos minilm: 22/2020, n=18,907, 4.9s
Vecinos minilm: 23/2000, n=2,166, 0.1s
Vecinos minilm: 23/2005, n=2,876, 0.1s
Vecinos minilm: 23/2010, n=4,005, 0.2s
Vecinos minilm: 23/2015, n=4,018, 0.2s
Vecinos minilm: 23/2020, n=5,919, 0.5s
Vecinos minilm: 24/2000, n=2,166, 0.1s
Vecinos minilm: 24/2005, n=2,166, 0.1s
Vecinos minilm: 24/2010, n=2,166, 0.1s
Vecinos minilm: 24/2015, n=2,166, 0.1s
Vecinos minilm: 24/2020, n=2,166, 0.1s
Vecinos minilm: 25/2000, n=2,166, 0.1s
Vecinos minilm: 25/2005, n=2,166, 0.1s
Vecinos minilm: 25/2010, n=2,962, 0.1s
Vecinos minilm: 25/2015, n=3,152, 0.1s
Vecinos minilm: 25/2020, n=3,787, 0.2s
Vecinos minilm: 26/2000, n=2,166, 0.1s
Vecinos minilm: 26/2005, n=2,166, 0.1s
Vecinos minilm: 26/2010, n=2,166, 0.1s
Vecinos minilm: 26/2015, n=2,166, 0.1s
Vecinos minilm: 26/2020, n=2,166, 0.1s
Vecinos minilm: 27/2000, n=7,128, 0.8s
Vecinos minilm: 27/2005, n=10,946, 1.7s
Vecinos minilm: 27/2010, n=15,771, 3.1s
Vecinos minilm: 27/2015, n=18,629, 4.5s
Vecinos minilm: 27/2020, n=26,195, 8.9s
Vecinos minilm: 28/2000, n=2,166, 0.1s
Vecinos minilm: 28/2005, n=2,166, 0.1s
Vecinos minilm: 28/2010, n=2,166, 0.1s
Vecinos minilm: 28/2015, n=2,166, 0.1s
Vecinos minilm: 28/2020, n=2,166, 0.1s
Vecinos minilm: 29/2000, n=2,166, 0.1s
Vecinos minilm: 29/2005, n=2,166, 0.1s
Vecinos minilm: 29/2010, n=2,166, 0.1s
Vecinos minilm: 29/2015, n=2,166, 0.1s
Vecinos minilm: 29/2020, n=2,166, 0.1s
Vecinos minilm: 30/2000, n=2,166, 0.1s
Vecinos minilm: 30/2005, n=2,166, 0.1s
Vecinos minilm: 30/2010, n=2,166, 0.1s
Vecinos minilm: 30/2015, n=2,166, 0.1s
Vecinos minilm: 30/2020, n=2,166, 0.1s
Vecinos minilm: 31/2000, n=2,166, 0.1s
Vecinos minilm: 31/2005, n=2,704, 0.1s
Vecinos minilm: 31/2010, n=3,094, 0.1s
Vecinos minilm: 31/2015, n=3,388, 0.2s
Vecinos minilm: 31/2020, n=3,470, 0.2s
Vecinos minilm: 32/2000, n=2,166, 0.1s
Vecinos minilm: 32/2005, n=2,166, 0.1s
Vecinos minilm: 32/2010, n=2,166, 0.1s
Vecinos minilm: 32/2015, n=2,577, 0.1s
Vecinos minilm: 32/2020, n=3,970, 0.2s
Vecinos minilm: 33/2000, n=2,776, 0.1s
Vecinos minilm: 33/2005, n=4,893, 0.3s
Vecinos minilm: 33/2010, n=7,110, 0.6s
Vecinos minilm: 33/2015, n=8,891, 1.2s
Vecinos minilm: 33/2020, n=13,879, 2.5s
Vecinos minilm: 34/2000, n=2,166, 0.1s
Vecinos minilm: 34/2005, n=2,166, 0.1s
Vecinos minilm: 34/2010, n=2,165, 0.1s
Vecinos minilm: 34/2015, n=2,165, 0.1s
Vecinos minilm: 34/2020, n=2,165, 0.1s
Vecinos minilm: 35/2000, n=2,165, 0.1s
Vecinos minilm: 35/2005, n=2,165, 0.1s
Vecinos minilm: 35/2010, n=2,165, 0.1s
Vecinos minilm: 35/2015, n=2,165, 0.1s
Vecinos minilm: 35/2020, n=2,165, 0.1s
Vecinos minilm: 36/2000, n=2,165, 0.1s
Vecinos minilm: 36/2005, n=2,165, 0.1s
Vecinos minilm: 36/2010, n=2,165, 0.1s
Vecinos minilm: 36/2015, n=2,165, 0.1s
Vecinos minilm: 36/2020, n=2,833, 0.1s
Vecinos pubmedbert: 11/2000, n=2,166, 0.1s
Vecinos pubmedbert: 11/2005, n=2,528, 0.2s
Vecinos pubmedbert: 11/2010, n=3,940, 0.4s
Vecinos pubmedbert: 11/2015, n=4,298, 0.4s
Vecinos pubmedbert: 11/2020, n=6,491, 0.9s
Vecinos pubmedbert: 12/2000, n=2,166, 0.1s
Vecinos pubmedbert: 12/2005, n=2,166, 0.1s
Vecinos pubmedbert: 12/2010, n=2,186, 0.1s
Vecinos pubmedbert: 12/2015, n=2,732, 0.2s
Vecinos pubmedbert: 12/2020, n=3,380, 0.2s
Vecinos pubmedbert: 13/2000, n=2,739, 0.2s
Vecinos pubmedbert: 13/2005, n=4,071, 0.3s
Vecinos pubmedbert: 13/2010, n=5,251, 0.6s
Vecinos pubmedbert: 13/2015, n=5,596, 0.7s
Vecinos pubmedbert: 13/2020, n=6,840, 1.0s
Vecinos pubmedbert: 14/2000, n=2,166, 0.1s
Vecinos pubmedbert: 14/2005, n=2,166, 0.1s
Vecinos pubmedbert: 14/2010, n=2,186, 0.1s
Vecinos pubmedbert: 14/2015, n=2,660, 0.2s
Vecinos pubmedbert: 14/2020, n=4,040, 0.4s
Vecinos pubmedbert: 15/2000, n=2,166, 0.1s
Vecinos pubmedbert: 15/2005, n=2,166, 0.1s
Vecinos pubmedbert: 15/2010, n=2,166, 0.1s
Vecinos pubmedbert: 15/2015, n=2,166, 0.1s
Vecinos pubmedbert: 15/2020, n=2,166, 0.1s
Vecinos pubmedbert: 16/2000, n=2,166, 0.1s
Vecinos pubmedbert: 16/2005, n=2,166, 0.1s
Vecinos pubmedbert: 16/2010, n=2,166, 0.1s
Vecinos pubmedbert: 16/2015, n=2,166, 0.1s
Vecinos pubmedbert: 16/2020, n=2,166, 0.1s
Vecinos pubmedbert: 17/2000, n=3,310, 0.2s
Vecinos pubmedbert: 17/2005, n=5,594, 0.5s
Vecinos pubmedbert: 17/2010, n=7,094, 0.9s
Vecinos pubmedbert: 17/2015, n=6,858, 1.3s
Vecinos pubmedbert: 17/2020, n=9,972, 1.4s
Vecinos pubmedbert: 18/2000, n=2,166, 0.1s
Vecinos pubmedbert: 18/2005, n=2,166, 0.1s
Vecinos pubmedbert: 18/2010, n=2,166, 0.1s
Vecinos pubmedbert: 18/2015, n=2,166, 0.1s
Vecinos pubmedbert: 18/2020, n=2,166, 0.1s
Vecinos pubmedbert: 19/2000, n=2,166, 0.1s
Vecinos pubmedbert: 19/2005, n=2,166, 0.1s
Vecinos pubmedbert: 19/2010, n=2,166, 0.1s
Vecinos pubmedbert: 19/2015, n=2,166, 0.1s
Vecinos pubmedbert: 19/2020, n=2,166, 0.1s
Vecinos pubmedbert: 20/2000, n=2,166, 0.1s
Vecinos pubmedbert: 20/2005, n=2,166, 0.1s
Vecinos pubmedbert: 20/2010, n=2,166, 0.1s
Vecinos pubmedbert: 20/2015, n=2,166, 0.1s
Vecinos pubmedbert: 20/2020, n=2,845, 0.2s
Vecinos pubmedbert: 21/2000, n=2,166, 0.1s
Vecinos pubmedbert: 21/2005, n=2,166, 0.1s
Vecinos pubmedbert: 21/2010, n=2,166, 0.1s
Vecinos pubmedbert: 21/2015, n=2,166, 0.1s
Vecinos pubmedbert: 21/2020, n=2,166, 0.1s
Vecinos pubmedbert: 22/2000, n=6,990, 1.0s
Vecinos pubmedbert: 22/2005, n=11,310, 2.5s
Vecinos pubmedbert: 22/2010, n=15,203, 3.9s
Vecinos pubmedbert: 22/2015, n=14,738, 3.6s
Vecinos pubmedbert: 22/2020, n=18,907, 6.4s
Vecinos pubmedbert: 23/2000, n=2,166, 0.1s
Vecinos pubmedbert: 23/2005, n=2,876, 0.2s
Vecinos pubmedbert: 23/2010, n=4,005, 0.3s
Vecinos pubmedbert: 23/2015, n=4,018, 0.4s
Vecinos pubmedbert: 23/2020, n=5,919, 0.7s
Vecinos pubmedbert: 24/2000, n=2,166, 0.1s
Vecinos pubmedbert: 24/2005, n=2,166, 0.1s
Vecinos pubmedbert: 24/2010, n=2,166, 0.1s
Vecinos pubmedbert: 24/2015, n=2,166, 0.1s
Vecinos pubmedbert: 24/2020, n=2,166, 0.1s
Vecinos pubmedbert: 25/2000, n=2,166, 0.1s
Vecinos pubmedbert: 25/2005, n=2,166, 0.1s
Vecinos pubmedbert: 25/2010, n=2,962, 0.2s
Vecinos pubmedbert: 25/2015, n=3,152, 0.2s
Vecinos pubmedbert: 25/2020, n=3,787, 0.3s
Vecinos pubmedbert: 26/2000, n=2,166, 0.1s
Vecinos pubmedbert: 26/2005, n=2,166, 0.1s
Vecinos pubmedbert: 26/2010, n=2,166, 0.1s
Vecinos pubmedbert: 26/2015, n=2,166, 0.1s
Vecinos pubmedbert: 26/2020, n=2,166, 0.1s
Vecinos pubmedbert: 27/2000, n=7,128, 1.0s
Vecinos pubmedbert: 27/2005, n=10,946, 2.2s
Vecinos pubmedbert: 27/2010, n=15,771, 4.3s
Vecinos pubmedbert: 27/2015, n=18,629, 5.8s
Vecinos pubmedbert: 27/2020, n=26,195, 11.4s
Vecinos pubmedbert: 28/2000, n=2,166, 0.1s
Vecinos pubmedbert: 28/2005, n=2,166, 0.1s
Vecinos pubmedbert: 28/2010, n=2,166, 0.1s
Vecinos pubmedbert: 28/2015, n=2,166, 0.1s
Vecinos pubmedbert: 28/2020, n=2,166, 0.1s
Vecinos pubmedbert: 29/2000, n=2,166, 0.1s
Vecinos pubmedbert: 29/2005, n=2,166, 0.1s
Vecinos pubmedbert: 29/2010, n=2,166, 0.1s
Vecinos pubmedbert: 29/2015, n=2,166, 0.1s
Vecinos pubmedbert: 29/2020, n=2,166, 0.1s
Vecinos pubmedbert: 30/2000, n=2,166, 0.1s
Vecinos pubmedbert: 30/2005, n=2,166, 0.1s
Vecinos pubmedbert: 30/2010, n=2,166, 0.1s
Vecinos pubmedbert: 30/2015, n=2,166, 0.1s
Vecinos pubmedbert: 30/2020, n=2,166, 0.1s
Vecinos pubmedbert: 31/2000, n=2,166, 0.1s
Vecinos pubmedbert: 31/2005, n=2,704, 0.2s
Vecinos pubmedbert: 31/2010, n=3,094, 0.2s
Vecinos pubmedbert: 31/2015, n=3,388, 0.3s
Vecinos pubmedbert: 31/2020, n=3,470, 0.3s
Vecinos pubmedbert: 32/2000, n=2,166, 0.1s
Vecinos pubmedbert: 32/2005, n=2,166, 0.1s
Vecinos pubmedbert: 32/2010, n=2,166, 0.1s
Vecinos pubmedbert: 32/2015, n=2,577, 0.1s
Vecinos pubmedbert: 32/2020, n=3,970, 0.3s
Vecinos pubmedbert: 33/2000, n=2,776, 0.2s
Vecinos pubmedbert: 33/2005, n=4,893, 0.4s
Vecinos pubmedbert: 33/2010, n=7,110, 1.0s
Vecinos pubmedbert: 33/2015, n=8,891, 1.5s
Vecinos pubmedbert: 33/2020, n=13,879, 3.5s
Vecinos pubmedbert: 34/2000, n=2,166, 0.1s
Vecinos pubmedbert: 34/2005, n=2,166, 0.1s
Vecinos pubmedbert: 34/2010, n=2,165, 0.1s
Vecinos pubmedbert: 34/2015, n=2,165, 0.1s
Vecinos pubmedbert: 34/2020, n=2,165, 0.1s
Vecinos pubmedbert: 35/2000, n=2,165, 0.1s
Vecinos pubmedbert: 35/2005, n=2,165, 0.1s
Vecinos pubmedbert: 35/2010, n=2,165, 0.1s
Vecinos pubmedbert: 35/2015, n=2,165, 0.1s
Vecinos pubmedbert: 35/2020, n=2,165, 0.1s
Vecinos pubmedbert: 36/2000, n=2,165, 0.1s
Vecinos pubmedbert: 36/2005, n=2,165, 0.1s
Vecinos pubmedbert: 36/2010, n=2,165, 0.1s
Vecinos pubmedbert: 36/2015, n=2,165, 0.1s
Vecinos pubmedbert: 36/2020, n=2,833, 0.2s
Vecinos biobert: 11/2000, n=2,166, 0.1s
Vecinos biobert: 11/2005, n=2,528, 0.1s
Vecinos biobert: 11/2010, n=3,940, 0.4s
Vecinos biobert: 11/2015, n=4,298, 0.4s
Vecinos biobert: 11/2020, n=6,491, 0.9s
Vecinos biobert: 12/2000, n=2,166, 0.1s
Vecinos biobert: 12/2005, n=2,166, 0.1s
Vecinos biobert: 12/2010, n=2,186, 0.1s
Vecinos biobert: 12/2015, n=2,732, 0.2s
Vecinos biobert: 12/2020, n=3,380, 0.3s
Vecinos biobert: 13/2000, n=2,739, 0.2s
Vecinos biobert: 13/2005, n=4,071, 0.4s
Vecinos biobert: 13/2010, n=5,251, 0.5s
Vecinos biobert: 13/2015, n=5,596, 0.6s
Vecinos biobert: 13/2020, n=6,840, 0.9s
Vecinos biobert: 14/2000, n=2,166, 0.1s
Vecinos biobert: 14/2005, n=2,166, 0.1s
Vecinos biobert: 14/2010, n=2,186, 0.1s
Vecinos biobert: 14/2015, n=2,660, 0.2s
Vecinos biobert: 14/2020, n=4,040, 0.3s
Vecinos biobert: 15/2000, n=2,166, 0.1s
Vecinos biobert: 15/2005, n=2,166, 0.1s
Vecinos biobert: 15/2010, n=2,166, 0.1s
Vecinos biobert: 15/2015, n=2,166, 0.1s
Vecinos biobert: 15/2020, n=2,166, 0.1s
Vecinos biobert: 16/2000, n=2,166, 0.1s
Vecinos biobert: 16/2005, n=2,166, 0.1s
Vecinos biobert: 16/2010, n=2,166, 0.1s
Vecinos biobert: 16/2015, n=2,166, 0.1s
Vecinos biobert: 16/2020, n=2,166, 0.1s
Vecinos biobert: 17/2000, n=3,310, 0.2s
Vecinos biobert: 17/2005, n=5,594, 0.5s
Vecinos biobert: 17/2010, n=7,094, 1.0s
Vecinos biobert: 17/2015, n=6,858, 0.9s
Vecinos biobert: 17/2020, n=9,972, 1.6s
Vecinos biobert: 18/2000, n=2,166, 0.1s
Vecinos biobert: 18/2005, n=2,166, 0.1s
Vecinos biobert: 18/2010, n=2,166, 0.1s
Vecinos biobert: 18/2015, n=2,166, 0.1s
Vecinos biobert: 18/2020, n=2,166, 0.1s
Vecinos biobert: 19/2000, n=2,166, 0.1s
Vecinos biobert: 19/2005, n=2,166, 0.1s
Vecinos biobert: 19/2010, n=2,166, 0.1s
Vecinos biobert: 19/2015, n=2,166, 0.1s
Vecinos biobert: 19/2020, n=2,166, 0.1s
Vecinos biobert: 20/2000, n=2,166, 0.1s
Vecinos biobert: 20/2005, n=2,166, 0.1s
Vecinos biobert: 20/2010, n=2,166, 0.1s
Vecinos biobert: 20/2015, n=2,166, 0.1s
Vecinos biobert: 20/2020, n=2,845, 0.2s
Vecinos biobert: 21/2000, n=2,166, 0.1s
Vecinos biobert: 21/2005, n=2,166, 0.1s
Vecinos biobert: 21/2010, n=2,166, 0.1s
Vecinos biobert: 21/2015, n=2,166, 0.1s
Vecinos biobert: 21/2020, n=2,166, 0.1s
Vecinos biobert: 22/2000, n=6,990, 1.0s
Vecinos biobert: 22/2005, n=11,310, 2.4s
Vecinos biobert: 22/2010, n=15,203, 3.8s
Vecinos biobert: 22/2015, n=14,738, 4.0s
Vecinos biobert: 22/2020, n=18,907, 6.5s
Vecinos biobert: 23/2000, n=2,166, 0.1s
Vecinos biobert: 23/2005, n=2,876, 0.2s
Vecinos biobert: 23/2010, n=4,005, 0.3s
Vecinos biobert: 23/2015, n=4,018, 0.3s
Vecinos biobert: 23/2020, n=5,919, 0.5s
Vecinos biobert: 24/2000, n=2,166, 0.1s
Vecinos biobert: 24/2005, n=2,166, 0.1s
Vecinos biobert: 24/2010, n=2,166, 0.1s
Vecinos biobert: 24/2015, n=2,166, 0.1s
Vecinos biobert: 24/2020, n=2,166, 0.1s
Vecinos biobert: 25/2000, n=2,166, 0.1s
Vecinos biobert: 25/2005, n=2,166, 0.1s
Vecinos biobert: 25/2010, n=2,962, 0.1s
Vecinos biobert: 25/2015, n=3,152, 0.2s
Vecinos biobert: 25/2020, n=3,787, 0.2s
Vecinos biobert: 26/2000, n=2,166, 0.1s
Vecinos biobert: 26/2005, n=2,166, 0.1s
Vecinos biobert: 26/2010, n=2,166, 0.1s
Vecinos biobert: 26/2015, n=2,166, 0.1s
Vecinos biobert: 26/2020, n=2,166, 0.1s
Vecinos biobert: 27/2000, n=7,128, 0.7s
Vecinos biobert: 27/2005, n=10,946, 1.5s
Vecinos biobert: 27/2010, n=15,771, 2.9s
Vecinos biobert: 27/2015, n=18,629, 4.3s
Vecinos biobert: 27/2020, n=26,195, 11.6s
Vecinos biobert: 28/2000, n=2,166, 0.1s
Vecinos biobert: 28/2005, n=2,166, 0.1s
Vecinos biobert: 28/2010, n=2,166, 0.1s
Vecinos biobert: 28/2015, n=2,166, 0.1s
Vecinos biobert: 28/2020, n=2,166, 0.1s
Vecinos biobert: 29/2000, n=2,166, 0.1s
Vecinos biobert: 29/2005, n=2,166, 0.1s
Vecinos biobert: 29/2010, n=2,166, 0.1s
Vecinos biobert: 29/2015, n=2,166, 0.1s
Vecinos biobert: 29/2020, n=2,166, 0.1s
Vecinos biobert: 30/2000, n=2,166, 0.1s
Vecinos biobert: 30/2005, n=2,166, 0.1s
Vecinos biobert: 30/2010, n=2,166, 0.1s
Vecinos biobert: 30/2015, n=2,166, 0.1s
Vecinos biobert: 30/2020, n=2,166, 0.1s
Vecinos biobert: 31/2000, n=2,166, 0.1s
Vecinos biobert: 31/2005, n=2,704, 0.2s
Vecinos biobert: 31/2010, n=3,094, 0.2s
Vecinos biobert: 31/2015, n=3,388, 0.2s
Vecinos biobert: 31/2020, n=3,470, 0.3s
Vecinos biobert: 32/2000, n=2,166, 0.1s
Vecinos biobert: 32/2005, n=2,166, 0.1s
Vecinos biobert: 32/2010, n=2,166, 0.1s
Vecinos biobert: 32/2015, n=2,577, 0.2s
Vecinos biobert: 32/2020, n=3,970, 0.3s
Vecinos biobert: 33/2000, n=2,776, 0.2s
Vecinos biobert: 33/2005, n=4,893, 0.4s
Vecinos biobert: 33/2010, n=7,110, 1.0s
Vecinos biobert: 33/2015, n=8,891, 1.5s
Vecinos biobert: 33/2020, n=13,879, 3.2s
Vecinos biobert: 34/2000, n=2,166, 0.1s
Vecinos biobert: 34/2005, n=2,166, 0.1s
Vecinos biobert: 34/2010, n=2,165, 0.1s
Vecinos biobert: 34/2015, n=2,165, 0.1s
Vecinos biobert: 34/2020, n=2,165, 0.1s
Vecinos biobert: 35/2000, n=2,165, 0.1s
Vecinos biobert: 35/2005, n=2,165, 0.1s
Vecinos biobert: 35/2010, n=2,165, 0.1s
Vecinos biobert: 35/2015, n=2,165, 0.1s
Vecinos biobert: 35/2020, n=2,165, 0.1s
Vecinos biobert: 36/2000, n=2,165, 0.1s
Vecinos biobert: 36/2005, n=2,165, 0.1s
Vecinos biobert: 36/2010, n=2,165, 0.1s
Vecinos biobert: 36/2015, n=2,165, 0.1s
Vecinos biobert: 36/2020, n=2,833, 0.2s
Vecinos simcse: 11/2000, n=2,166, 0.1s
Vecinos simcse: 11/2005, n=2,528, 0.1s
Vecinos simcse: 11/2010, n=3,940, 0.3s
Vecinos simcse: 11/2015, n=4,298, 0.4s
Vecinos simcse: 11/2020, n=6,491, 0.8s
Vecinos simcse: 12/2000, n=2,166, 0.1s
Vecinos simcse: 12/2005, n=2,166, 0.1s
Vecinos simcse: 12/2010, n=2,186, 0.1s
Vecinos simcse: 12/2015, n=2,732, 0.1s
Vecinos simcse: 12/2020, n=3,380, 0.2s
Vecinos simcse: 13/2000, n=2,739, 0.2s
Vecinos simcse: 13/2005, n=4,071, 0.3s
Vecinos simcse: 13/2010, n=5,251, 0.4s
Vecinos simcse: 13/2015, n=5,596, 0.6s
Vecinos simcse: 13/2020, n=6,840, 1.0s
Vecinos simcse: 14/2000, n=2,166, 0.1s
Vecinos simcse: 14/2005, n=2,166, 0.1s
Vecinos simcse: 14/2010, n=2,186, 0.1s
Vecinos simcse: 14/2015, n=2,660, 0.1s
Vecinos simcse: 14/2020, n=4,040, 0.4s
Vecinos simcse: 15/2000, n=2,166, 0.1s
Vecinos simcse: 15/2005, n=2,166, 0.1s
Vecinos simcse: 15/2010, n=2,166, 0.1s
Vecinos simcse: 15/2015, n=2,166, 0.1s
Vecinos simcse: 15/2020, n=2,166, 0.1s
Vecinos simcse: 16/2000, n=2,166, 0.1s
Vecinos simcse: 16/2005, n=2,166, 0.1s
Vecinos simcse: 16/2010, n=2,166, 0.1s
Vecinos simcse: 16/2015, n=2,166, 0.1s
Vecinos simcse: 16/2020, n=2,166, 0.1s
Vecinos simcse: 17/2000, n=3,310, 0.2s
Vecinos simcse: 17/2005, n=5,594, 0.6s
Vecinos simcse: 17/2010, n=7,094, 0.8s
Vecinos simcse: 17/2015, n=6,858, 0.8s
Vecinos simcse: 17/2020, n=9,972, 1.7s
Vecinos simcse: 18/2000, n=2,166, 0.1s
Vecinos simcse: 18/2005, n=2,166, 0.1s
Vecinos simcse: 18/2010, n=2,166, 0.1s
Vecinos simcse: 18/2015, n=2,166, 0.1s
Vecinos simcse: 18/2020, n=2,166, 0.1s
Vecinos simcse: 19/2000, n=2,166, 0.1s
Vecinos simcse: 19/2005, n=2,166, 0.1s
Vecinos simcse: 19/2010, n=2,166, 0.1s
Vecinos simcse: 19/2015, n=2,166, 0.1s
Vecinos simcse: 19/2020, n=2,166, 0.1s
Vecinos simcse: 20/2000, n=2,166, 0.1s
Vecinos simcse: 20/2005, n=2,166, 0.1s
Vecinos simcse: 20/2010, n=2,166, 0.1s
Vecinos simcse: 20/2015, n=2,166, 0.1s
Vecinos simcse: 20/2020, n=2,845, 0.2s
Vecinos simcse: 21/2000, n=2,166, 0.1s
Vecinos simcse: 21/2005, n=2,166, 0.1s
Vecinos simcse: 21/2010, n=2,166, 0.1s
Vecinos simcse: 21/2015, n=2,166, 0.1s
Vecinos simcse: 21/2020, n=2,166, 0.1s
Vecinos simcse: 22/2000, n=6,990, 0.9s
Vecinos simcse: 22/2005, n=11,310, 2.4s
Vecinos simcse: 22/2010, n=15,203, 3.6s
Vecinos simcse: 22/2015, n=14,738, 4.1s
Vecinos simcse: 22/2020, n=18,907, 6.3s
Vecinos simcse: 23/2000, n=2,166, 0.1s
Vecinos simcse: 23/2005, n=2,876, 0.2s
Vecinos simcse: 23/2010, n=4,005, 0.3s
Vecinos simcse: 23/2015, n=4,018, 0.3s
Vecinos simcse: 23/2020, n=5,919, 0.7s
Vecinos simcse: 24/2000, n=2,166, 0.1s
Vecinos simcse: 24/2005, n=2,166, 0.1s
Vecinos simcse: 24/2010, n=2,166, 0.1s
Vecinos simcse: 24/2015, n=2,166, 0.1s
Vecinos simcse: 24/2020, n=2,166, 0.1s
Vecinos simcse: 25/2000, n=2,166, 0.1s
Vecinos simcse: 25/2005, n=2,166, 0.1s
Vecinos simcse: 25/2010, n=2,962, 0.2s
Vecinos simcse: 25/2015, n=3,152, 0.2s
Vecinos simcse: 25/2020, n=3,787, 0.3s
Vecinos simcse: 26/2000, n=2,166, 0.1s
Vecinos simcse: 26/2005, n=2,166, 0.1s
Vecinos simcse: 26/2010, n=2,166, 0.1s
Vecinos simcse: 26/2015, n=2,166, 0.1s
Vecinos simcse: 26/2020, n=2,166, 0.1s
Vecinos simcse: 27/2000, n=7,128, 0.9s
Vecinos simcse: 27/2005, n=10,946, 2.0s
Vecinos simcse: 27/2010, n=15,771, 4.3s
Vecinos simcse: 27/2015, n=18,629, 5.9s
Vecinos simcse: 27/2020, n=26,195, 11.5s
Vecinos simcse: 28/2000, n=2,166, 0.1s
Vecinos simcse: 28/2005, n=2,166, 0.1s
Vecinos simcse: 28/2010, n=2,166, 0.1s
Vecinos simcse: 28/2015, n=2,166, 0.1s
Vecinos simcse: 28/2020, n=2,166, 0.1s
Vecinos simcse: 29/2000, n=2,166, 0.1s
Vecinos simcse: 29/2005, n=2,166, 0.1s
Vecinos simcse: 29/2010, n=2,166, 0.1s
Vecinos simcse: 29/2015, n=2,166, 0.1s
Vecinos simcse: 29/2020, n=2,166, 0.1s
Vecinos simcse: 30/2000, n=2,166, 0.1s
Vecinos simcse: 30/2005, n=2,166, 0.1s
Vecinos simcse: 30/2010, n=2,166, 0.1s
Vecinos simcse: 30/2015, n=2,166, 0.1s
Vecinos simcse: 30/2020, n=2,166, 0.1s
Vecinos simcse: 31/2000, n=2,166, 0.1s
Vecinos simcse: 31/2005, n=2,704, 0.2s
Vecinos simcse: 31/2010, n=3,094, 0.2s
Vecinos simcse: 31/2015, n=3,388, 0.2s
Vecinos simcse: 31/2020, n=3,470, 0.2s
Vecinos simcse: 32/2000, n=2,166, 0.1s
Vecinos simcse: 32/2005, n=2,166, 0.1s
Vecinos simcse: 32/2010, n=2,166, 0.1s
Vecinos simcse: 32/2015, n=2,577, 0.2s
Vecinos simcse: 32/2020, n=3,970, 0.3s
Vecinos simcse: 33/2000, n=2,776, 0.2s
Vecinos simcse: 33/2005, n=4,893, 0.5s
Vecinos simcse: 33/2010, n=7,110, 1.0s
Vecinos simcse: 33/2015, n=8,891, 1.4s
Vecinos simcse: 33/2020, n=13,879, 3.5s
Vecinos simcse: 34/2000, n=2,166, 0.1s
Vecinos simcse: 34/2005, n=2,166, 0.1s
Vecinos simcse: 34/2010, n=2,165, 0.1s
Vecinos simcse: 34/2015, n=2,165, 0.1s
Vecinos simcse: 34/2020, n=2,165, 0.1s
Vecinos simcse: 35/2000, n=2,165, 0.1s
Vecinos simcse: 35/2005, n=2,165, 0.1s
Vecinos simcse: 35/2010, n=2,165, 0.1s
Vecinos simcse: 35/2015, n=2,165, 0.1s
Vecinos simcse: 35/2020, n=2,165, 0.1s
Vecinos simcse: 36/2000, n=2,165, 0.1s
Vecinos simcse: 36/2005, n=2,165, 0.1s
Vecinos simcse: 36/2010, n=2,165, 0.1s
Vecinos simcse: 36/2015, n=2,165, 0.1s
Vecinos simcse: 36/2020, n=2,833, 0.1s
Vecinos globales specter: 13,000 consultas, 113.4s
Vecinos globales specter2: 13,000 consultas, 106.1s
Vecinos globales scincl: 13,000 consultas, 103.4s
Vecinos globales scibert: 13,000 consultas, 113.6s
Vecinos globales bert: 13,000 consultas, 96.0s
Vecinos globales mpnet: 13,000 consultas, 103.4s
Vecinos globales minilm: 13,000 consultas, 80.6s
Vecinos globales pubmedbert: 13,000 consultas, 97.8s
Vecinos globales biobert: 13,000 consultas, 122.9s
Vecinos globales simcse: 13,000 consultas, 120.5s
Coincidencia de vecinos: 11_2000
Coincidencia de vecinos: 11_2005
Coincidencia de vecinos: 11_2010
Coincidencia de vecinos: 11_2015
Coincidencia de vecinos: 11_2020
Coincidencia de vecinos: 12_2000
Coincidencia de vecinos: 12_2005
Coincidencia de vecinos: 12_2010
Coincidencia de vecinos: 12_2015
Coincidencia de vecinos: 12_2020
Coincidencia de vecinos: 13_2000
Coincidencia de vecinos: 13_2005
Coincidencia de vecinos: 13_2010
Coincidencia de vecinos: 13_2015
Coincidencia de vecinos: 13_2020
Coincidencia de vecinos: 14_2000
Coincidencia de vecinos: 14_2005
Coincidencia de vecinos: 14_2010
Coincidencia de vecinos: 14_2015
Coincidencia de vecinos: 14_2020
Coincidencia de vecinos: 15_2000
Coincidencia de vecinos: 15_2005
Coincidencia de vecinos: 15_2010
Coincidencia de vecinos: 15_2015
Coincidencia de vecinos: 15_2020
Coincidencia de vecinos: 16_2000
Coincidencia de vecinos: 16_2005
Coincidencia de vecinos: 16_2010
Coincidencia de vecinos: 16_2015
Coincidencia de vecinos: 16_2020
Coincidencia de vecinos: 17_2000
Coincidencia de vecinos: 17_2005
Coincidencia de vecinos: 17_2010
Coincidencia de vecinos: 17_2015
Coincidencia de vecinos: 17_2020
Coincidencia de vecinos: 18_2000
Coincidencia de vecinos: 18_2005
Coincidencia de vecinos: 18_2010
Coincidencia de vecinos: 18_2015
Coincidencia de vecinos: 18_2020
Coincidencia de vecinos: 19_2000
Coincidencia de vecinos: 19_2005
Coincidencia de vecinos: 19_2010
Coincidencia de vecinos: 19_2015
Coincidencia de vecinos: 19_2020
Coincidencia de vecinos: 20_2000
Coincidencia de vecinos: 20_2005
Coincidencia de vecinos: 20_2010
Coincidencia de vecinos: 20_2015
Coincidencia de vecinos: 20_2020
Coincidencia de vecinos: 21_2000
Coincidencia de vecinos: 21_2005
Coincidencia de vecinos: 21_2010
Coincidencia de vecinos: 21_2015
Coincidencia de vecinos: 21_2020
Coincidencia de vecinos: 22_2000
Coincidencia de vecinos: 22_2005
Coincidencia de vecinos: 22_2010
Coincidencia de vecinos: 22_2015
Coincidencia de vecinos: 22_2020
Coincidencia de vecinos: 23_2000
Coincidencia de vecinos: 23_2005
Coincidencia de vecinos: 23_2010
Coincidencia de vecinos: 23_2015
Coincidencia de vecinos: 23_2020
Coincidencia de vecinos: 24_2000
Coincidencia de vecinos: 24_2005
Coincidencia de vecinos: 24_2010
Coincidencia de vecinos: 24_2015
Coincidencia de vecinos: 24_2020
Coincidencia de vecinos: 25_2000
Coincidencia de vecinos: 25_2005
Coincidencia de vecinos: 25_2010
Coincidencia de vecinos: 25_2015
Coincidencia de vecinos: 25_2020
Coincidencia de vecinos: 26_2000
Coincidencia de vecinos: 26_2005
Coincidencia de vecinos: 26_2010
Coincidencia de vecinos: 26_2015
Coincidencia de vecinos: 26_2020
Coincidencia de vecinos: 27_2000
Coincidencia de vecinos: 27_2005
Coincidencia de vecinos: 27_2010
Coincidencia de vecinos: 27_2015
Coincidencia de vecinos: 27_2020
Coincidencia de vecinos: 28_2000
Coincidencia de vecinos: 28_2005
Coincidencia de vecinos: 28_2010
Coincidencia de vecinos: 28_2015
Coincidencia de vecinos: 28_2020
Coincidencia de vecinos: 29_2000
Coincidencia de vecinos: 29_2005
Coincidencia de vecinos: 29_2010
Coincidencia de vecinos: 29_2015
Coincidencia de vecinos: 29_2020
Coincidencia de vecinos: 30_2000
Coincidencia de vecinos: 30_2005
Coincidencia de vecinos: 30_2010
Coincidencia de vecinos: 30_2015
Coincidencia de vecinos: 30_2020
Coincidencia de vecinos: 31_2000
Coincidencia de vecinos: 31_2005
Coincidencia de vecinos: 31_2010
Coincidencia de vecinos: 31_2015
Coincidencia de vecinos: 31_2020
Coincidencia de vecinos: 32_2000
Coincidencia de vecinos: 32_2005
Coincidencia de vecinos: 32_2010
Coincidencia de vecinos: 32_2015
Coincidencia de vecinos: 32_2020
Coincidencia de vecinos: 33_2000
Coincidencia de vecinos: 33_2005
Coincidencia de vecinos: 33_2010
Coincidencia de vecinos: 33_2015
Coincidencia de vecinos: 33_2020
Coincidencia de vecinos: 34_2000
Coincidencia de vecinos: 34_2005
Coincidencia de vecinos: 34_2010
Coincidencia de vecinos: 34_2015
Coincidencia de vecinos: 34_2020
Coincidencia de vecinos: 35_2000
Coincidencia de vecinos: 35_2005
Coincidencia de vecinos: 35_2010
Coincidencia de vecinos: 35_2015
Coincidencia de vecinos: 35_2020
Coincidencia de vecinos: 36_2000
Coincidencia de vecinos: 36_2005
Coincidencia de vecinos: 36_2010
Coincidencia de vecinos: 36_2015
Coincidencia de vecinos: 36_2020
