primary: Field 11, 2005, n=2,528, 28.7s
primary: Field 11, 2010, n=3,940, 4.2s
primary: Field 11, 2015, n=4,298, 4.3s
primary: Field 11, 2020, n=6,491, 5.2s
primary: Field 12, 2000, n=2,166, 3.4s
primary: Field 12, 2005, n=2,166, 3.4s
primary: Field 12, 2010, n=2,186, 3.5s
primary: Field 12, 2015, n=2,732, 3.6s
primary: Field 12, 2020, n=3,380, 3.9s
primary: Field 13, 2000, n=2,739, 3.6s
primary: Field 13, 2005, n=4,071, 4.1s
primary: Field 13, 2010, n=5,251, 4.5s
primary: Field 13, 2015, n=5,596, 4.6s
primary: Field 13, 2020, n=6,840, 5.1s
primary: Field 14, 2000, n=2,166, 3.3s
primary: Field 14, 2005, n=2,166, 3.4s
primary: Field 14, 2010, n=2,186, 3.5s
primary: Field 14, 2015, n=2,660, 3.6s
primary: Field 14, 2020, n=4,040, 4.1s
primary: Field 15, 2000, n=2,166, 3.4s
primary: Field 15, 2005, n=2,166, 3.4s
primary: Field 15, 2010, n=2,166, 3.3s
primary: Field 15, 2015, n=2,166, 3.3s
primary: Field 15, 2020, n=2,166, 3.3s
primary: Field 16, 2000, n=2,166, 3.3s
primary: Field 16, 2005, n=2,166, 3.4s
primary: Field 16, 2010, n=2,166, 3.4s
primary: Field 16, 2015, n=2,166, 3.3s
primary: Field 16, 2020, n=2,166, 3.4s
primary: Field 17, 2000, n=3,310, 3.9s
primary: Field 17, 2005, n=5,594, 4.6s
primary: Field 17, 2010, n=7,094, 5.2s
primary: Field 17, 2015, n=6,858, 5.0s
primary: Field 17, 2020, n=9,972, 6.4s
primary: Field 18, 2000, n=2,166, 3.4s
primary: Field 18, 2005, n=2,166, 3.4s
primary: Field 18, 2010, n=2,166, 3.3s
primary: Field 18, 2015, n=2,166, 3.4s
primary: Field 18, 2020, n=2,166, 3.4s
primary: Field 19, 2000, n=2,166, 3.4s
primary: Field 19, 2005, n=2,166, 3.3s
primary: Field 19, 2010, n=2,166, 3.4s
primary: Field 19, 2015, n=2,166, 3.4s
primary: Field 19, 2020, n=2,166, 3.3s
primary: Field 20, 2000, n=2,166, 3.3s
primary: Field 20, 2005, n=2,166, 3.3s
primary: Field 20, 2010, n=2,166, 3.3s
primary: Field 20, 2015, n=2,166, 3.4s
primary: Field 20, 2020, n=2,845, 3.6s
primary: Field 21, 2000, n=2,166, 3.4s
primary: Field 21, 2005, n=2,166, 3.4s
primary: Field 21, 2010, n=2,166, 3.3s
primary: Field 21, 2015, n=2,166, 3.4s
primary: Field 21, 2020, n=2,166, 3.4s
primary: Field 22, 2000, n=6,990, 5.1s
primary: Field 22, 2005, n=11,310, 6.5s
primary: Field 22, 2010, n=15,203, 8.0s
primary: Field 22, 2015, n=14,738, 7.6s
primary: Field 22, 2020, n=18,907, 9.3s
primary: Field 23, 2000, n=2,166, 3.4s
primary: Field 23, 2005, n=2,876, 3.7s
primary: Field 23, 2010, n=4,005, 4.1s
primary: Field 23, 2015, n=4,018, 4.0s
primary: Field 23, 2020, n=5,919, 4.8s
primary: Field 24, 2000, n=2,166, 3.4s
primary: Field 24, 2005, n=2,166, 3.4s
primary: Field 24, 2010, n=2,166, 3.3s
primary: Field 24, 2015, n=2,166, 3.4s
primary: Field 24, 2020, n=2,166, 3.3s
primary: Field 25, 2000, n=2,166, 3.4s
primary: Field 25, 2005, n=2,166, 3.4s
primary: Field 25, 2010, n=2,962, 3.6s
primary: Field 25, 2015, n=3,152, 3.6s
primary: Field 25, 2020, n=3,787, 4.0s
primary: Field 26, 2000, n=2,166, 3.3s
primary: Field 26, 2005, n=2,166, 3.3s
primary: Field 26, 2010, n=2,166, 3.4s
primary: Field 26, 2015, n=2,166, 3.4s
primary: Field 26, 2020, n=2,166, 3.4s
primary: Field 27, 2000, n=7,128, 5.1s
primary: Field 27, 2005, n=10,946, 6.4s
primary: Field 27, 2010, n=15,771, 8.2s
primary: Field 27, 2015, n=18,629, 9.1s
primary: Field 27, 2020, n=26,195, 15.8s
primary: Field 28, 2000, n=2,166, 3.4s
primary: Field 28, 2005, n=2,166, 3.4s
primary: Field 28, 2010, n=2,166, 3.4s
primary: Field 28, 2015, n=2,166, 3.3s
primary: Field 28, 2020, n=2,166, 3.4s
primary: Field 29, 2000, n=2,166, 3.3s
primary: Field 29, 2005, n=2,166, 3.4s
primary: Field 29, 2010, n=2,166, 3.3s
primary: Field 29, 2015, n=2,166, 3.4s
primary: Field 29, 2020, n=2,166, 3.3s
primary: Field 30, 2000, n=2,166, 3.4s
primary: Field 30, 2005, n=2,166, 3.3s
primary: Field 30, 2010, n=2,166, 3.4s
primary: Field 30, 2015, n=2,166, 3.3s
primary: Field 30, 2020, n=2,166, 3.3s
primary: Field 31, 2000, n=2,166, 3.4s
primary: Field 31, 2005, n=2,704, 3.6s
primary: Field 31, 2010, n=3,094, 3.8s
primary: Field 31, 2015, n=3,388, 3.9s
primary: Field 31, 2020, n=3,470, 3.9s
primary: Field 32, 2000, n=2,166, 3.3s
primary: Field 32, 2005, n=2,166, 3.3s
primary: Field 32, 2010, n=2,166, 3.4s
primary: Field 32, 2015, n=2,577, 3.6s
primary: Field 32, 2020, n=3,970, 4.1s
primary: Field 33, 2000, n=2,776, 3.6s
primary: Field 33, 2005, n=4,893, 4.4s
primary: Field 33, 2010, n=7,110, 5.3s
primary: Field 33, 2015, n=8,891, 5.9s
primary: Field 33, 2020, n=13,879, 7.5s
primary: Field 34, 2000, n=2,166, 3.4s
primary: Field 34, 2005, n=2,166, 3.3s
primary: Field 34, 2010, n=2,165, 3.4s
primary: Field 34, 2015, n=2,165, 3.4s
primary: Field 34, 2020, n=2,165, 3.3s
primary: Field 35, 2000, n=2,165, 3.3s
primary: Field 35, 2005, n=2,165, 3.4s
primary: Field 35, 2010, n=2,165, 3.3s
primary: Field 35, 2015, n=2,165, 3.4s
primary: Field 35, 2020, n=2,165, 3.4s
primary: Field 36, 2000, n=2,165, 3.4s
primary: Field 36, 2005, n=2,165, 3.3s
primary: Field 36, 2010, n=2,165, 3.3s
primary: Field 36, 2015, n=2,165, 3.4s
primary: Field 36, 2020, n=2,833, 3.6s
global_base_unit: 400,000 filas, 80.5s
global_base_raw: 400,000 filas, 77.3s
Centros de las 26 áreas: completos
raw: Field 11, 2000, n=2,166, 1.5s
raw: Field 11, 2005, n=2,528, 1.5s
raw: Field 11, 2010, n=3,940, 1.7s
raw: Field 11, 2015, n=4,298, 1.9s
raw: Field 11, 2020, n=6,491, 2.3s
raw: Field 12, 2000, n=2,166, 1.5s
raw: Field 12, 2005, n=2,166, 1.9s
raw: Field 12, 2010, n=2,186, 1.6s
raw: Field 12, 2015, n=2,732, 1.5s
raw: Field 12, 2020, n=3,380, 1.6s
raw: Field 13, 2000, n=2,739, 1.5s
raw: Field 13, 2005, n=4,071, 1.7s
raw: Field 13, 2010, n=5,251, 2.0s
raw: Field 13, 2015, n=5,596, 2.0s
raw: Field 13, 2020, n=6,840, 2.2s
raw: Field 14, 2000, n=2,166, 1.6s
raw: Field 14, 2005, n=2,166, 1.4s
raw: Field 14, 2010, n=2,186, 1.4s
raw: Field 14, 2015, n=2,660, 1.5s
raw: Field 14, 2020, n=4,040, 1.8s
raw: Field 15, 2000, n=2,166, 1.5s
raw: Field 15, 2005, n=2,166, 1.4s
raw: Field 15, 2010, n=2,166, 1.4s
raw: Field 15, 2015, n=2,166, 1.4s
raw: Field 15, 2020, n=2,166, 1.5s
raw: Field 16, 2000, n=2,166, 1.5s
raw: Field 16, 2005, n=2,166, 1.4s
raw: Field 16, 2010, n=2,166, 1.4s
raw: Field 16, 2015, n=2,166, 1.5s
raw: Field 16, 2020, n=2,166, 1.4s
raw: Field 17, 2000, n=3,310, 1.6s
raw: Field 17, 2005, n=5,594, 2.1s
raw: Field 17, 2010, n=7,094, 2.3s
raw: Field 17, 2015, n=6,858, 2.2s
raw: Field 17, 2020, n=9,972, 2.8s
raw: Field 18, 2000, n=2,166, 1.4s
raw: Field 18, 2005, n=2,166, 1.5s
raw: Field 18, 2010, n=2,166, 1.4s
raw: Field 18, 2015, n=2,166, 1.5s
raw: Field 18, 2020, n=2,166, 1.4s
raw: Field 19, 2000, n=2,166, 1.4s
raw: Field 19, 2005, n=2,166, 1.4s
raw: Field 19, 2010, n=2,166, 1.4s
raw: Field 19, 2015, n=2,166, 1.4s
raw: Field 19, 2020, n=2,166, 1.5s
raw: Field 20, 2000, n=2,166, 1.4s
raw: Field 20, 2005, n=2,166, 1.6s
raw: Field 20, 2010, n=2,166, 1.6s
raw: Field 20, 2015, n=2,166, 1.4s
raw: Field 20, 2020, n=2,845, 1.5s
raw: Field 21, 2000, n=2,166, 1.5s
raw: Field 21, 2005, n=2,166, 1.4s
raw: Field 21, 2010, n=2,166, 1.5s
raw: Field 21, 2015, n=2,166, 1.4s
raw: Field 21, 2020, n=2,166, 1.4s
raw: Field 22, 2000, n=6,990, 2.2s
raw: Field 22, 2005, n=11,310, 3.2s
raw: Field 22, 2010, n=15,203, 3.9s
raw: Field 22, 2015, n=14,738, 3.6s
raw: Field 22, 2020, n=18,907, 4.9s
raw: Field 23, 2000, n=2,166, 1.7s
raw: Field 23, 2005, n=2,876, 1.9s
raw: Field 23, 2010, n=4,005, 1.9s
raw: Field 23, 2015, n=4,018, 2.3s
raw: Field 23, 2020, n=5,919, 2.2s
raw: Field 24, 2000, n=2,166, 1.7s
raw: Field 24, 2005, n=2,166, 1.6s
raw: Field 24, 2010, n=2,166, 1.5s
raw: Field 24, 2015, n=2,166, 1.4s
raw: Field 24, 2020, n=2,166, 1.4s
raw: Field 25, 2000, n=2,166, 1.4s
raw: Field 25, 2005, n=2,166, 1.4s
raw: Field 25, 2010, n=2,962, 1.6s
raw: Field 25, 2015, n=3,152, 1.6s
raw: Field 25, 2020, n=3,787, 1.8s
raw: Field 26, 2000, n=2,166, 1.4s
raw: Field 26, 2005, n=2,166, 1.4s
raw: Field 26, 2010, n=2,166, 1.4s
raw: Field 26, 2015, n=2,166, 1.4s
raw: Field 26, 2020, n=2,166, 1.4s
raw: Field 27, 2000, n=7,128, 2.3s
raw: Field 27, 2005, n=10,946, 3.1s
raw: Field 27, 2010, n=15,771, 3.9s
raw: Field 27, 2015, n=18,629, 4.6s
raw: Field 27, 2020, n=26,195, 10.3s
raw: Field 28, 2000, n=2,166, 1.7s
raw: Field 28, 2005, n=2,166, 1.6s
raw: Field 28, 2010, n=2,166, 1.9s
raw: Field 28, 2015, n=2,166, 1.5s
raw: Field 28, 2020, n=2,166, 1.5s
raw: Field 29, 2000, n=2,166, 1.5s
raw: Field 29, 2005, n=2,166, 1.4s
raw: Field 29, 2010, n=2,166, 1.6s
raw: Field 29, 2015, n=2,166, 1.4s
raw: Field 29, 2020, n=2,166, 1.5s
raw: Field 30, 2000, n=2,166, 1.5s
raw: Field 30, 2005, n=2,166, 1.5s
raw: Field 30, 2010, n=2,166, 1.4s
raw: Field 30, 2015, n=2,166, 1.5s
raw: Field 30, 2020, n=2,166, 1.4s
raw: Field 31, 2000, n=2,166, 1.5s
raw: Field 31, 2005, n=2,704, 1.9s
raw: Field 31, 2010, n=3,094, 1.7s
raw: Field 31, 2015, n=3,388, 1.8s
raw: Field 31, 2020, n=3,470, 2.0s
raw: Field 32, 2000, n=2,166, 1.7s
raw: Field 32, 2005, n=2,166, 1.5s
raw: Field 32, 2010, n=2,166, 1.8s
raw: Field 32, 2015, n=2,577, 1.5s
raw: Field 32, 2020, n=3,970, 1.9s
raw: Field 33, 2000, n=2,776, 1.7s
raw: Field 33, 2005, n=4,893, 2.1s
raw: Field 33, 2010, n=7,110, 2.5s
raw: Field 33, 2015, n=8,891, 2.7s
raw: Field 33, 2020, n=13,879, 3.8s
raw: Field 34, 2000, n=2,166, 1.5s
raw: Field 34, 2005, n=2,166, 1.4s
raw: Field 34, 2010, n=2,165, 1.4s
raw: Field 34, 2015, n=2,165, 1.5s
raw: Field 34, 2020, n=2,165, 1.5s
raw: Field 35, 2000, n=2,165, 1.4s
raw: Field 35, 2005, n=2,165, 1.5s
raw: Field 35, 2010, n=2,165, 1.4s
raw: Field 35, 2015, n=2,165, 1.4s
raw: Field 35, 2020, n=2,165, 1.4s
raw: Field 36, 2000, n=2,165, 1.5s
raw: Field 36, 2005, n=2,165, 1.5s
raw: Field 36, 2010, n=2,165, 1.5s
raw: Field 36, 2015, n=2,165, 1.5s
raw: Field 36, 2020, n=2,833, 1.7s
cls: Field 11, 2000, n=2,166, 17.2s
cls: Field 11, 2005, n=2,528, 1.6s
cls: Field 11, 2010, n=3,940, 2.1s
cls: Field 11, 2015, n=4,298, 2.0s
cls: Field 11, 2020, n=6,491, 2.3s
cls: Field 12, 2000, n=2,166, 1.5s
cls: Field 12, 2005, n=2,166, 1.6s
cls: Field 12, 2010, n=2,186, 1.5s
cls: Field 12, 2015, n=2,732, 1.6s
cls: Field 12, 2020, n=3,380, 1.7s
cls: Field 13, 2000, n=2,739, 1.5s
cls: Field 13, 2005, n=4,071, 1.8s
cls: Field 13, 2010, n=5,251, 1.9s
cls: Field 13, 2015, n=5,596, 2.4s
cls: Field 13, 2020, n=6,840, 2.0s
cls: Field 14, 2000, n=2,166, 1.4s
cls: Field 14, 2005, n=2,166, 1.4s
cls: Field 14, 2010, n=2,186, 1.5s
cls: Field 14, 2015, n=2,660, 1.5s
cls: Field 14, 2020, n=4,040, 1.7s
cls: Field 15, 2000, n=2,166, 1.4s
cls: Field 15, 2005, n=2,166, 1.6s
cls: Field 15, 2010, n=2,166, 1.4s
cls: Field 15, 2015, n=2,166, 1.4s
cls: Field 15, 2020, n=2,166, 1.4s
cls: Field 16, 2000, n=2,166, 1.4s
cls: Field 16, 2005, n=2,166, 1.4s
cls: Field 16, 2010, n=2,166, 1.4s
cls: Field 16, 2015, n=2,166, 1.6s
cls: Field 16, 2020, n=2,166, 1.5s
cls: Field 17, 2000, n=3,310, 1.8s
cls: Field 17, 2005, n=5,594, 2.3s
cls: Field 17, 2010, n=7,094, 2.4s
cls: Field 17, 2015, n=6,858, 2.3s
cls: Field 17, 2020, n=9,972, 3.1s
cls: Field 18, 2000, n=2,166, 1.5s
cls: Field 18, 2005, n=2,166, 1.5s
cls: Field 18, 2010, n=2,166, 1.5s
cls: Field 18, 2015, n=2,166, 1.6s
cls: Field 18, 2020, n=2,166, 1.6s
cls: Field 19, 2000, n=2,166, 1.5s
cls: Field 19, 2005, n=2,166, 1.6s
cls: Field 19, 2010, n=2,166, 1.8s
cls: Field 19, 2015, n=2,166, 1.6s
cls: Field 19, 2020, n=2,166, 1.6s
cls: Field 20, 2000, n=2,166, 1.5s
cls: Field 20, 2005, n=2,166, 1.7s
cls: Field 20, 2010, n=2,166, 1.9s
cls: Field 20, 2015, n=2,166, 2.1s
cls: Field 20, 2020, n=2,845, 1.8s
cls: Field 21, 2000, n=2,166, 1.6s
cls: Field 21, 2005, n=2,166, 1.6s
cls: Field 21, 2010, n=2,166, 1.6s
cls: Field 21, 2015, n=2,166, 1.6s
cls: Field 21, 2020, n=2,166, 1.6s
cls: Field 22, 2000, n=6,990, 2.5s
cls: Field 22, 2005, n=11,310, 3.5s
cls: Field 22, 2010, n=15,203, 4.1s
cls: Field 22, 2015, n=14,738, 4.4s
cls: Field 22, 2020, n=18,907, 5.2s
cls: Field 23, 2000, n=2,166, 1.7s
cls: Field 23, 2005, n=2,876, 1.9s
cls: Field 23, 2010, n=4,005, 2.2s
cls: Field 23, 2015, n=4,018, 2.1s
cls: Field 23, 2020, n=5,919, 2.3s
cls: Field 24, 2000, n=2,166, 1.6s
cls: Field 24, 2005, n=2,166, 1.6s
cls: Field 24, 2010, n=2,166, 1.7s
cls: Field 24, 2015, n=2,166, 1.7s
cls: Field 24, 2020, n=2,166, 1.6s
cls: Field 25, 2000, n=2,166, 1.6s
cls: Field 25, 2005, n=2,166, 1.6s
cls: Field 25, 2010, n=2,962, 1.8s
cls: Field 25, 2015, n=3,152, 1.7s
cls: Field 25, 2020, n=3,787, 2.0s
cls: Field 26, 2000, n=2,166, 1.6s
cls: Field 26, 2005, n=2,166, 1.6s
cls: Field 26, 2010, n=2,166, 1.6s
cls: Field 26, 2015, n=2,166, 1.7s
cls: Field 26, 2020, n=2,166, 1.7s
cls: Field 27, 2000, n=7,128, 2.8s
cls: Field 27, 2005, n=10,946, 3.8s
cls: Field 27, 2010, n=15,771, 4.3s
cls: Field 27, 2015, n=18,629, 5.6s
cls: Field 27, 2020, n=26,195, 10.2s
cls: Field 28, 2000, n=2,166, 1.7s
cls: Field 28, 2005, n=2,166, 1.8s
cls: Field 28, 2010, n=2,166, 1.7s
cls: Field 28, 2015, n=2,166, 1.7s
cls: Field 28, 2020, n=2,166, 1.7s
cls: Field 29, 2000, n=2,166, 1.8s
cls: Field 29, 2005, n=2,166, 1.6s
cls: Field 29, 2010, n=2,166, 1.6s
cls: Field 29, 2015, n=2,166, 1.6s
cls: Field 29, 2020, n=2,166, 1.7s
cls: Field 30, 2000, n=2,166, 1.7s
cls: Field 30, 2005, n=2,166, 1.8s
cls: Field 30, 2010, n=2,166, 1.7s
cls: Field 30, 2015, n=2,166, 1.6s
cls: Field 30, 2020, n=2,166, 1.6s
cls: Field 31, 2000, n=2,166, 1.7s
cls: Field 31, 2005, n=2,704, 2.0s
cls: Field 31, 2010, n=3,094, 2.0s
cls: Field 31, 2015, n=3,388, 2.3s
cls: Field 31, 2020, n=3,470, 2.2s
cls: Field 32, 2000, n=2,166, 1.9s
cls: Field 32, 2005, n=2,166, 2.0s
cls: Field 32, 2010, n=2,166, 2.2s
cls: Field 32, 2015, n=2,577, 2.0s
cls: Field 32, 2020, n=3,970, 2.4s
cls: Field 33, 2000, n=2,776, 1.9s
cls: Field 33, 2005, n=4,893, 2.5s
cls: Field 33, 2010, n=7,110, 3.0s
cls: Field 33, 2015, n=8,891, 3.1s
cls: Field 33, 2020, n=13,879, 4.5s
cls: Field 34, 2000, n=2,166, 2.0s
cls: Field 34, 2005, n=2,166, 1.7s
cls: Field 34, 2010, n=2,165, 1.8s
cls: Field 34, 2015, n=2,165, 1.8s
cls: Field 34, 2020, n=2,165, 2.0s
cls: Field 35, 2000, n=2,165, 1.8s
cls: Field 35, 2005, n=2,165, 1.8s
cls: Field 35, 2010, n=2,165, 1.7s
cls: Field 35, 2015, n=2,165, 2.2s
cls: Field 35, 2020, n=2,165, 1.8s
cls: Field 36, 2000, n=2,165, 1.8s
cls: Field 36, 2005, n=2,165, 2.2s
cls: Field 36, 2010, n=2,165, 2.0s
cls: Field 36, 2015, n=2,165, 1.7s
cls: Field 36, 2020, n=2,833, 2.1s
sep: Field 11, 2000, n=2,166, 15.2s
sep: Field 11, 2005, n=2,528, 2.1s
sep: Field 11, 2010, n=3,940, 2.3s
sep: Field 11, 2015, n=4,298, 2.7s
sep: Field 11, 2020, n=6,491, 3.2s
sep: Field 12, 2000, n=2,166, 1.8s
sep: Field 12, 2005, n=2,166, 1.8s
sep: Field 12, 2010, n=2,186, 1.8s
sep: Field 12, 2015, n=2,732, 1.8s
sep: Field 12, 2020, n=3,380, 1.7s
sep: Field 13, 2000, n=2,739, 1.4s
sep: Field 13, 2005, n=4,071, 1.6s
sep: Field 13, 2010, n=5,251, 1.9s
sep: Field 13, 2015, n=5,596, 2.0s
sep: Field 13, 2020, n=6,840, 2.2s
sep: Field 14, 2000, n=2,166, 1.4s
sep: Field 14, 2005, n=2,166, 1.4s
sep: Field 14, 2010, n=2,186, 1.4s
sep: Field 14, 2015, n=2,660, 1.5s
sep: Field 14, 2020, n=4,040, 1.7s
sep: Field 15, 2000, n=2,166, 1.4s
sep: Field 15, 2005, n=2,166, 1.4s
sep: Field 15, 2010, n=2,166, 1.4s
sep: Field 15, 2015, n=2,166, 1.5s
sep: Field 15, 2020, n=2,166, 1.5s
sep: Field 16, 2000, n=2,166, 1.5s
sep: Field 16, 2005, n=2,166, 1.4s
sep: Field 16, 2010, n=2,166, 1.4s
sep: Field 16, 2015, n=2,166, 1.6s
sep: Field 16, 2020, n=2,166, 1.4s
sep: Field 17, 2000, n=3,310, 1.8s
sep: Field 17, 2005, n=5,594, 2.1s
sep: Field 17, 2010, n=7,094, 2.4s
sep: Field 17, 2015, n=6,858, 2.4s
sep: Field 17, 2020, n=9,972, 3.1s
sep: Field 18, 2000, n=2,166, 1.6s
sep: Field 18, 2005, n=2,166, 1.6s
sep: Field 18, 2010, n=2,166, 1.6s
sep: Field 18, 2015, n=2,166, 1.5s
sep: Field 18, 2020, n=2,166, 1.7s
sep: Field 19, 2000, n=2,166, 1.5s
sep: Field 19, 2005, n=2,166, 1.5s
sep: Field 19, 2010, n=2,166, 1.6s
sep: Field 19, 2015, n=2,166, 1.6s
sep: Field 19, 2020, n=2,166, 1.6s
sep: Field 20, 2000, n=2,166, 1.5s
sep: Field 20, 2005, n=2,166, 1.5s
sep: Field 20, 2010, n=2,166, 1.6s
sep: Field 20, 2015, n=2,166, 1.6s
sep: Field 20, 2020, n=2,845, 1.8s
sep: Field 21, 2000, n=2,166, 1.6s
sep: Field 21, 2005, n=2,166, 1.7s
sep: Field 21, 2010, n=2,166, 1.6s
sep: Field 21, 2015, n=2,166, 1.7s
sep: Field 21, 2020, n=2,166, 1.6s
sep: Field 22, 2000, n=6,990, 2.4s
sep: Field 22, 2005, n=11,310, 3.9s
sep: Field 22, 2010, n=15,203, 7.5s
sep: Field 22, 2015, n=14,738, 4.8s
sep: Field 22, 2020, n=18,907, 7.5s
sep: Field 23, 2000, n=2,166, 1.9s
sep: Field 23, 2005, n=2,876, 2.6s
sep: Field 23, 2010, n=4,005, 2.2s
sep: Field 23, 2015, n=4,018, 2.6s
sep: Field 23, 2020, n=5,919, 3.3s
sep: Field 24, 2000, n=2,166, 1.9s
sep: Field 24, 2005, n=2,166, 1.8s
sep: Field 24, 2010, n=2,166, 2.2s
sep: Field 24, 2015, n=2,166, 1.9s
sep: Field 24, 2020, n=2,166, 1.8s
sep: Field 25, 2000, n=2,166, 1.9s
sep: Field 25, 2005, n=2,166, 2.1s
sep: Field 25, 2010, n=2,962, 1.9s
sep: Field 25, 2015, n=3,152, 2.2s
sep: Field 25, 2020, n=3,787, 2.5s
sep: Field 26, 2000, n=2,166, 2.2s
sep: Field 26, 2005, n=2,166, 2.1s
sep: Field 26, 2010, n=2,166, 1.7s
sep: Field 26, 2015, n=2,166, 1.8s
sep: Field 26, 2020, n=2,166, 2.3s
sep: Field 27, 2000, n=7,128, 3.3s
sep: Field 27, 2005, n=10,946, 4.5s
sep: Field 27, 2010, n=15,771, 7.0s
sep: Field 27, 2015, n=18,629, 5.7s
sep: Field 27, 2020, n=26,195, 15.1s
sep: Field 28, 2000, n=2,166, 1.8s
sep: Field 28, 2005, n=2,166, 2.4s
sep: Field 28, 2010, n=2,166, 1.6s
sep: Field 28, 2015, n=2,166, 1.6s
sep: Field 28, 2020, n=2,166, 1.6s
sep: Field 29, 2000, n=2,166, 1.5s
sep: Field 29, 2005, n=2,166, 1.5s
sep: Field 29, 2010, n=2,166, 1.6s
sep: Field 29, 2015, n=2,166, 2.2s
sep: Field 29, 2020, n=2,166, 1.8s
sep: Field 30, 2000, n=2,166, 2.0s
sep: Field 30, 2005, n=2,166, 1.9s
sep: Field 30, 2010, n=2,166, 1.8s
sep: Field 30, 2015, n=2,166, 1.9s
sep: Field 30, 2020, n=2,166, 1.7s
sep: Field 31, 2000, n=2,166, 1.9s
sep: Field 31, 2005, n=2,704, 2.3s
sep: Field 31, 2010, n=3,094, 2.0s
sep: Field 31, 2015, n=3,388, 2.4s
sep: Field 31, 2020, n=3,470, 2.3s
sep: Field 32, 2000, n=2,166, 1.7s
sep: Field 32, 2005, n=2,166, 2.3s
sep: Field 32, 2010, n=2,166, 2.3s
sep: Field 32, 2015, n=2,577, 1.9s
sep: Field 32, 2020, n=3,970, 2.7s
sep: Field 33, 2000, n=2,776, 2.1s
sep: Field 33, 2005, n=4,893, 3.2s
sep: Field 33, 2010, n=7,110, 3.5s
sep: Field 33, 2015, n=8,891, 3.4s
sep: Field 33, 2020, n=13,879, 5.4s
sep: Field 34, 2000, n=2,166, 2.3s
sep: Field 34, 2005, n=2,166, 2.0s
sep: Field 34, 2010, n=2,165, 2.2s
sep: Field 34, 2015, n=2,165, 1.9s
sep: Field 34, 2020, n=2,165, 1.9s
sep: Field 35, 2000, n=2,165, 2.1s
sep: Field 35, 2005, n=2,165, 2.1s
sep: Field 35, 2010, n=2,165, 2.3s
sep: Field 35, 2015, n=2,165, 2.2s
sep: Field 35, 2020, n=2,165, 2.3s
sep: Field 36, 2000, n=2,165, 1.8s
sep: Field 36, 2005, n=2,165, 2.2s
sep: Field 36, 2010, n=2,165, 2.1s
sep: Field 36, 2015, n=2,165, 1.9s
sep: Field 36, 2020, n=2,833, 2.4s
quality: Field 11, 2000, n=1,869, 13.7s
quality: Field 11, 2005, n=2,201, 1.5s
quality: Field 11, 2010, n=3,571, 1.7s
quality: Field 11, 2015, n=4,020, 1.8s
quality: Field 11, 2020, n=6,216, 2.6s
quality: Field 12, 2000, n=1,553, 1.4s
quality: Field 12, 2005, n=1,611, 1.4s
quality: Field 12, 2010, n=1,812, 1.6s
quality: Field 12, 2015, n=2,410, 1.9s
quality: Field 12, 2020, n=2,980, 2.2s
quality: Field 13, 2000, n=2,516, 1.7s
quality: Field 13, 2005, n=3,735, 2.9s
quality: Field 13, 2010, n=4,885, 2.2s
quality: Field 13, 2015, n=5,330, 3.0s
quality: Field 13, 2020, n=6,582, 3.9s
quality: Field 14, 2000, n=1,667, 1.9s
quality: Field 14, 2005, n=1,715, 1.5s
quality: Field 14, 2010, n=1,900, 1.7s
quality: Field 14, 2015, n=2,480, 1.7s
quality: Field 14, 2020, n=3,872, 2.8s
quality: Field 15, 2000, n=1,831, 1.6s
quality: Field 15, 2005, n=1,881, 1.6s
quality: Field 15, 2010, n=1,930, 1.6s
quality: Field 15, 2015, n=2,003, 1.5s
quality: Field 15, 2020, n=2,058, 2.1s
quality: Field 16, 2000, n=1,643, 2.0s
quality: Field 16, 2005, n=1,643, 1.9s
quality: Field 16, 2010, n=1,731, 2.0s
quality: Field 16, 2015, n=1,784, 1.8s
quality: Field 16, 2020, n=1,904, 1.6s
quality: Field 17, 2000, n=2,540, 1.9s
quality: Field 17, 2005, n=4,412, 2.8s
quality: Field 17, 2010, n=5,961, 2.5s
quality: Field 17, 2015, n=6,275, 3.7s
quality: Field 17, 2020, n=9,517, 5.3s
quality: Field 18, 2000, n=1,741, 1.8s
quality: Field 18, 2005, n=1,782, 1.8s
quality: Field 18, 2010, n=1,895, 1.8s
quality: Field 18, 2015, n=1,978, 2.0s
quality: Field 18, 2020, n=2,053, 2.2s
quality: Field 19, 2000, n=1,872, 1.9s
quality: Field 19, 2005, n=1,919, 1.8s
quality: Field 19, 2010, n=1,958, 2.1s
quality: Field 19, 2015, n=2,017, 1.7s
quality: Field 19, 2020, n=2,083, 1.8s
quality: Field 20, 2000, n=1,689, 2.0s
quality: Field 20, 2005, n=1,760, 1.7s
quality: Field 20, 2010, n=1,872, 2.1s
quality: Field 20, 2015, n=1,979, 2.1s
quality: Field 20, 2020, n=2,678, 2.3s
quality: Field 21, 2000, n=1,685, 1.5s
quality: Field 21, 2005, n=1,760, 1.5s
quality: Field 21, 2010, n=1,882, 1.6s
quality: Field 21, 2015, n=2,021, 1.5s
quality: Field 21, 2020, n=2,095, 1.6s
quality: Field 22, 2000, n=5,450, 2.6s
quality: Field 22, 2005, n=9,042, 3.4s
quality: Field 22, 2010, n=13,005, 5.2s
quality: Field 22, 2015, n=13,594, 5.0s
quality: Field 22, 2020, n=18,152, 7.7s
quality: Field 23, 2000, n=1,873, 2.0s
quality: Field 23, 2005, n=2,543, 1.8s
quality: Field 23, 2010, n=3,646, 2.0s
quality: Field 23, 2015, n=3,803, 2.2s
quality: Field 23, 2020, n=5,699, 3.5s
quality: Field 24, 2000, n=2,033, 1.7s
quality: Field 24, 2005, n=2,019, 1.8s
quality: Field 24, 2010, n=2,070, 1.6s
quality: Field 24, 2015, n=2,068, 1.8s
quality: Field 24, 2020, n=2,083, 2.0s
quality: Field 25, 2000, n=1,812, 1.7s
quality: Field 25, 2005, n=1,878, 1.8s
quality: Field 25, 2010, n=2,647, 2.3s
quality: Field 25, 2015, n=2,912, 2.1s
quality: Field 25, 2020, n=3,603, 2.8s
quality: Field 26, 2000, n=1,375, 1.7s
quality: Field 26, 2005, n=1,379, 1.8s
quality: Field 26, 2010, n=1,413, 1.7s
quality: Field 26, 2015, n=1,494, 1.6s
quality: Field 26, 2020, n=1,709, 1.8s
quality: Field 27, 2000, n=6,536, 3.9s
quality: Field 27, 2005, n=10,025, 4.1s
quality: Field 27, 2010, n=14,651, 4.6s
quality: Field 27, 2015, n=17,589, 6.5s
quality: Field 27, 2020, n=25,097, 9.4s
quality: Field 28, 2000, n=2,040, 2.3s
quality: Field 28, 2005, n=2,041, 2.2s
quality: Field 28, 2010, n=2,070, 2.3s
quality: Field 28, 2015, n=2,091, 2.1s
quality: Field 28, 2020, n=2,106, 1.8s
quality: Field 29, 2000, n=1,975, 1.9s
quality: Field 29, 2005, n=1,976, 1.6s
quality: Field 29, 2010, n=2,010, 1.6s
quality: Field 29, 2015, n=2,046, 1.6s
quality: Field 29, 2020, n=2,116, 1.5s
quality: Field 30, 2000, n=1,860, 1.5s
quality: Field 30, 2005, n=1,909, 1.6s
quality: Field 30, 2010, n=1,982, 1.8s
quality: Field 30, 2015, n=1,984, 1.7s
quality: Field 30, 2020, n=2,041, 2.2s
quality: Field 31, 2000, n=1,751, 2.0s
quality: Field 31, 2005, n=2,233, 2.3s
quality: Field 31, 2010, n=2,649, 2.3s
quality: Field 31, 2015, n=3,037, 2.4s
quality: Field 31, 2020, n=3,212, 2.1s
quality: Field 32, 2000, n=1,850, 1.9s
quality: Field 32, 2005, n=1,869, 1.9s
quality: Field 32, 2010, n=1,965, 1.4s
quality: Field 32, 2015, n=2,417, 2.1s
quality: Field 32, 2020, n=3,827, 2.1s
quality: Field 33, 2000, n=2,151, 1.6s
quality: Field 33, 2005, n=3,903, 1.9s
quality: Field 33, 2010, n=6,071, 2.2s
quality: Field 33, 2015, n=8,002, 2.8s
quality: Field 33, 2020, n=13,027, 3.3s
quality: Field 34, 2000, n=2,010, 1.6s
quality: Field 34, 2005, n=1,983, 1.5s
quality: Field 34, 2010, n=2,022, 2.0s
quality: Field 34, 2015, n=2,069, 1.5s
quality: Field 34, 2020, n=2,119, 1.7s
quality: Field 35, 2000, n=2,001, 1.7s
quality: Field 35, 2005, n=2,036, 2.0s
quality: Field 35, 2010, n=2,042, 1.7s
quality: Field 35, 2015, n=2,061, 1.6s
quality: Field 35, 2020, n=2,090, 2.0s
quality: Field 36, 2000, n=1,811, 1.7s
quality: Field 36, 2005, n=1,854, 1.5s
quality: Field 36, 2010, n=1,933, 1.7s
quality: Field 36, 2015, n=1,994, 1.5s
quality: Field 36, 2020, n=2,693, 1.7s
stability: Field 11, 2000, n=2,166, 20.6s
stability: Field 11, 2005, n=2,528, 16.2s
stability: Field 11, 2010, n=3,940, 20.2s
stability: Field 11, 2015, n=4,298, 19.9s
stability: Field 11, 2020, n=6,491, 18.9s
stability: Field 12, 2000, n=2,166, 19.0s
stability: Field 12, 2005, n=2,166, 18.0s
stability: Field 12, 2010, n=2,186, 18.1s
stability: Field 12, 2015, n=2,732, 19.0s
stability: Field 12, 2020, n=3,380, 23.3s
stability: Field 13, 2000, n=2,739, 19.5s
stability: Field 13, 2005, n=4,071, 17.8s
stability: Field 13, 2010, n=5,251, 17.0s
stability: Field 13, 2015, n=5,596, 20.0s
stability: Field 13, 2020, n=6,840, 19.7s
stability: Field 14, 2000, n=2,166, 21.8s
stability: Field 14, 2005, n=2,166, 20.7s
stability: Field 14, 2010, n=2,186, 27.6s
stability: Field 14, 2015, n=2,660, 29.4s
stability: Field 14, 2020, n=4,040, 31.5s
stability: Field 15, 2000, n=2,166, 23.1s
stability: Field 15, 2005, n=2,166, 31.9s
stability: Field 15, 2010, n=2,166, 21.6s
stability: Field 15, 2015, n=2,166, 30.8s
stability: Field 15, 2020, n=2,166, 21.4s
stability: Field 16, 2000, n=2,166, 15.7s
stability: Field 16, 2005, n=2,166, 15.6s
stability: Field 16, 2010, n=2,166, 15.7s
stability: Field 16, 2015, n=2,166, 15.6s
stability: Field 16, 2020, n=2,166, 14.6s
stability: Field 17, 2000, n=3,310, 14.7s
stability: Field 17, 2005, n=5,594, 17.6s
stability: Field 17, 2010, n=7,094, 19.9s
stability: Field 17, 2015, n=6,858, 18.9s
stability: Field 17, 2020, n=9,972, 20.3s
stability: Field 18, 2000, n=2,166, 17.4s
stability: Field 18, 2005, n=2,166, 17.3s
stability: Field 18, 2010, n=2,166, 17.8s
stability: Field 18, 2015, n=2,166, 18.2s
stability: Field 18, 2020, n=2,166, 16.1s
stability: Field 19, 2000, n=2,166, 15.2s
stability: Field 19, 2005, n=2,166, 17.9s
stability: Field 19, 2010, n=2,166, 15.7s
stability: Field 19, 2015, n=2,166, 16.6s
stability: Field 19, 2020, n=2,166, 16.3s
stability: Field 20, 2000, n=2,166, 17.1s
stability: Field 20, 2005, n=2,166, 16.9s
stability: Field 20, 2010, n=2,166, 17.9s
stability: Field 20, 2015, n=2,166, 19.6s
stability: Field 20, 2020, n=2,845, 18.6s
stability: Field 21, 2000, n=2,166, 18.3s
stability: Field 21, 2005, n=2,166, 19.2s
stability: Field 21, 2010, n=2,166, 18.7s
stability: Field 21, 2015, n=2,166, 19.1s
stability: Field 21, 2020, n=2,166, 17.6s
stability: Field 22, 2000, n=6,990, 15.2s
stability: Field 22, 2005, n=11,310, 16.5s
stability: Field 22, 2010, n=15,203, 14.3s
stability: Field 22, 2015, n=14,738, 12.4s
stability: Field 22, 2020, n=18,907, 12.5s
stability: Field 23, 2000, n=2,166, 11.9s
stability: Field 23, 2005, n=2,876, 12.2s
stability: Field 23, 2010, n=4,005, 12.4s
stability: Field 23, 2015, n=4,018, 12.2s
stability: Field 23, 2020, n=5,919, 12.3s
stability: Field 24, 2000, n=2,166, 12.1s
stability: Field 24, 2005, n=2,166, 12.1s
stability: Field 24, 2010, n=2,166, 12.1s
stability: Field 24, 2015, n=2,166, 13.7s
stability: Field 24, 2020, n=2,166, 13.1s
stability: Field 25, 2000, n=2,166, 12.2s
stability: Field 25, 2005, n=2,166, 12.4s
stability: Field 25, 2010, n=2,962, 12.4s
stability: Field 25, 2015, n=3,152, 12.6s
stability: Field 25, 2020, n=3,787, 12.6s
stability: Field 26, 2000, n=2,166, 12.5s
stability: Field 26, 2005, n=2,166, 12.5s
stability: Field 26, 2010, n=2,166, 12.5s
stability: Field 26, 2015, n=2,166, 11.7s
stability: Field 26, 2020, n=2,166, 11.8s
stability: Field 27, 2000, n=7,128, 11.9s
stability: Field 27, 2005, n=10,946, 12.1s
stability: Field 27, 2010, n=15,771, 12.2s
stability: Field 27, 2015, n=18,629, 12.2s
stability: Field 27, 2020, n=26,195, 12.3s
stability: Field 28, 2000, n=2,166, 11.8s
stability: Field 28, 2005, n=2,166, 11.8s
stability: Field 28, 2010, n=2,166, 11.8s
stability: Field 28, 2015, n=2,166, 12.0s
stability: Field 28, 2020, n=2,166, 12.1s
stability: Field 29, 2000, n=2,166, 12.3s
stability: Field 29, 2005, n=2,166, 12.5s
stability: Field 29, 2010, n=2,166, 12.3s
stability: Field 29, 2015, n=2,166, 12.3s
stability: Field 29, 2020, n=2,166, 12.3s
stability: Field 30, 2000, n=2,166, 12.6s
stability: Field 30, 2005, n=2,166, 12.6s
stability: Field 30, 2010, n=2,166, 12.1s
stability: Field 30, 2015, n=2,166, 11.6s
stability: Field 30, 2020, n=2,166, 12.5s
stability: Field 31, 2000, n=2,166, 14.2s
stability: Field 31, 2005, n=2,704, 14.6s
stability: Field 31, 2010, n=3,094, 14.7s
stability: Field 31, 2015, n=3,388, 15.9s
stability: Field 31, 2020, n=3,470, 19.5s
stability: Field 32, 2000, n=2,166, 11.6s
stability: Field 32, 2005, n=2,166, 14.2s
stability: Field 32, 2010, n=2,166, 13.9s
stability: Field 32, 2015, n=2,577, 13.9s
stability: Field 32, 2020, n=3,970, 11.5s
stability: Field 33, 2000, n=2,776, 13.3s
stability: Field 33, 2005, n=4,893, 15.8s
stability: Field 33, 2010, n=7,110, 16.9s
stability: Field 33, 2015, n=8,891, 14.8s
stability: Field 33, 2020, n=13,879, 13.3s
stability: Field 34, 2000, n=2,166, 14.2s
stability: Field 34, 2005, n=2,166, 15.5s
stability: Field 34, 2010, n=2,165, 14.0s
stability: Field 34, 2015, n=2,165, 17.2s
stability: Field 34, 2020, n=2,165, 13.9s
stability: Field 35, 2000, n=2,165, 19.0s
stability: Field 35, 2005, n=2,165, 14.7s
stability: Field 35, 2010, n=2,165, 17.9s
stability: Field 35, 2015, n=2,165, 16.7s
stability: Field 35, 2020, n=2,165, 11.9s
stability: Field 36, 2000, n=2,165, 12.8s
stability: Field 36, 2005, n=2,165, 14.8s
stability: Field 36, 2010, n=2,165, 11.7s
stability: Field 36, 2015, n=2,165, 17.9s
stability: Field 36, 2020, n=2,833, 15.6s
