MORPHOLOGY specter Field 11: 7.2s
MORPHOLOGY specter Field 12: 10.9s
MORPHOLOGY specter Field 13: 14.7s
MORPHOLOGY specter Field 14: 18.4s
MORPHOLOGY specter Field 15: 22.2s
MORPHOLOGY specter Field 16: 26.0s
MORPHOLOGY specter Field 17: 29.7s
MORPHOLOGY specter Field 18: 33.5s
MORPHOLOGY specter Field 19: 37.2s
MORPHOLOGY specter Field 20: 40.9s
MORPHOLOGY specter Field 21: 44.7s
MORPHOLOGY specter Field 22: 48.7s
MORPHOLOGY specter Field 23: 52.4s
MORPHOLOGY specter Field 24: 56.2s
MORPHOLOGY specter Field 25: 59.9s
MORPHOLOGY specter Field 26: 63.7s
MORPHOLOGY specter Field 27: 67.5s
MORPHOLOGY specter Field 28: 71.2s
MORPHOLOGY specter Field 29: 75.0s
MORPHOLOGY specter Field 30: 78.7s
MORPHOLOGY specter Field 31: 82.5s
MORPHOLOGY specter Field 32: 86.2s
MORPHOLOGY specter Field 33: 90.0s
MORPHOLOGY specter Field 34: 93.8s
MORPHOLOGY specter Field 35: 97.6s
MORPHOLOGY specter Field 36: 101.4s
MORPHOLOGY specter2 Field 11: 7.5s
MORPHOLOGY specter2 Field 12: 11.4s
MORPHOLOGY specter2 Field 13: 15.2s
MORPHOLOGY specter2 Field 14: 19.3s
MORPHOLOGY specter2 Field 15: 23.4s
MORPHOLOGY specter2 Field 16: 27.5s
MORPHOLOGY specter2 Field 17: 31.7s
MORPHOLOGY specter2 Field 18: 35.8s
MORPHOLOGY specter2 Field 19: 39.9s
MORPHOLOGY specter2 Field 20: 44.1s
MORPHOLOGY specter2 Field 21: 48.2s
MORPHOLOGY specter2 Field 22: 52.2s
MORPHOLOGY specter2 Field 23: 56.2s
MORPHOLOGY specter2 Field 24: 60.3s
MORPHOLOGY specter2 Field 25: 64.4s
MORPHOLOGY specter2 Field 26: 68.4s
MORPHOLOGY specter2 Field 27: 72.4s
MORPHOLOGY specter2 Field 28: 76.6s
MORPHOLOGY specter2 Field 29: 80.7s
MORPHOLOGY specter2 Field 30: 84.8s
MORPHOLOGY specter2 Field 31: 88.7s
MORPHOLOGY specter2 Field 32: 92.9s
MORPHOLOGY specter2 Field 33: 97.1s
MORPHOLOGY specter2 Field 34: 101.2s
MORPHOLOGY specter2 Field 35: 105.3s
MORPHOLOGY specter2 Field 36: 109.4s
MORPHOLOGY scincl Field 11: 8.0s
MORPHOLOGY scincl Field 12: 12.1s
MORPHOLOGY scincl Field 13: 16.0s
MORPHOLOGY scincl Field 14: 20.0s
MORPHOLOGY scincl Field 15: 24.1s
MORPHOLOGY scincl Field 16: 28.3s
MORPHOLOGY scincl Field 17: 33.3s
MORPHOLOGY scincl Field 18: 37.8s
MORPHOLOGY scincl Field 19: 42.1s
MORPHOLOGY scincl Field 20: 46.3s
MORPHOLOGY scincl Field 21: 50.5s
MORPHOLOGY scincl Field 22: 54.6s
MORPHOLOGY scincl Field 23: 59.3s
MORPHOLOGY scincl Field 24: 64.8s
MORPHOLOGY scincl Field 25: 69.5s
MORPHOLOGY scincl Field 26: 73.9s
MORPHOLOGY scincl Field 27: 78.4s
MORPHOLOGY scincl Field 28: 82.9s
MORPHOLOGY scincl Field 29: 87.5s
MORPHOLOGY scincl Field 30: 91.9s
MORPHOLOGY scincl Field 31: 96.1s
MORPHOLOGY scincl Field 32: 100.5s
MORPHOLOGY scincl Field 33: 105.0s
MORPHOLOGY scincl Field 34: 109.5s
MORPHOLOGY scincl Field 35: 114.2s
MORPHOLOGY scincl Field 36: 118.9s
MORPHOLOGY scibert Field 11: 9.3s
MORPHOLOGY scibert Field 12: 14.2s
MORPHOLOGY scibert Field 13: 18.7s
MORPHOLOGY scibert Field 14: 23.1s
MORPHOLOGY scibert Field 15: 27.9s
MORPHOLOGY scibert Field 16: 32.3s
MORPHOLOGY scibert Field 17: 37.0s
MORPHOLOGY scibert Field 18: 41.4s
MORPHOLOGY scibert Field 19: 46.0s
MORPHOLOGY scibert Field 20: 50.8s
MORPHOLOGY scibert Field 21: 55.1s
MORPHOLOGY scibert Field 22: 59.7s
MORPHOLOGY scibert Field 23: 64.3s
MORPHOLOGY scibert Field 24: 69.0s
MORPHOLOGY scibert Field 25: 73.9s
MORPHOLOGY scibert Field 26: 79.0s
MORPHOLOGY scibert Field 27: 83.4s
MORPHOLOGY scibert Field 28: 88.5s
MORPHOLOGY scibert Field 29: 93.4s
MORPHOLOGY scibert Field 30: 98.7s
MORPHOLOGY scibert Field 31: 104.0s
MORPHOLOGY scibert Field 32: 108.8s
MORPHOLOGY scibert Field 33: 113.9s
MORPHOLOGY scibert Field 34: 118.8s
MORPHOLOGY scibert Field 35: 123.5s
MORPHOLOGY scibert Field 36: 128.4s
MORPHOLOGY bert Field 11: 8.8s
MORPHOLOGY bert Field 12: 13.8s
MORPHOLOGY bert Field 13: 18.6s
MORPHOLOGY bert Field 14: 23.7s
MORPHOLOGY bert Field 15: 28.8s
MORPHOLOGY bert Field 16: 33.7s
MORPHOLOGY bert Field 17: 38.5s
MORPHOLOGY bert Field 18: 43.2s
MORPHOLOGY bert Field 19: 47.5s
MORPHOLOGY bert Field 20: 52.2s
MORPHOLOGY bert Field 21: 56.6s
MORPHOLOGY bert Field 22: 60.8s
MORPHOLOGY bert Field 23: 65.0s
MORPHOLOGY bert Field 24: 69.2s
MORPHOLOGY bert Field 25: 73.1s
MORPHOLOGY bert Field 26: 77.2s
MORPHOLOGY bert Field 27: 81.2s
MORPHOLOGY bert Field 28: 85.7s
MORPHOLOGY bert Field 29: 90.2s
MORPHOLOGY bert Field 30: 94.4s
MORPHOLOGY bert Field 31: 98.6s
MORPHOLOGY bert Field 32: 103.2s
MORPHOLOGY bert Field 33: 107.7s
MORPHOLOGY bert Field 34: 112.4s
MORPHOLOGY bert Field 35: 116.3s
MORPHOLOGY bert Field 36: 120.6s
MORPHOLOGY mpnet Field 11: 7.4s
MORPHOLOGY mpnet Field 12: 11.6s
MORPHOLOGY mpnet Field 13: 15.9s
MORPHOLOGY mpnet Field 14: 20.2s
MORPHOLOGY mpnet Field 15: 24.4s
MORPHOLOGY mpnet Field 16: 28.4s
MORPHOLOGY mpnet Field 17: 32.4s
MORPHOLOGY mpnet Field 18: 36.4s
MORPHOLOGY mpnet Field 19: 40.7s
MORPHOLOGY mpnet Field 20: 44.6s
MORPHOLOGY mpnet Field 21: 48.7s
MORPHOLOGY mpnet Field 22: 52.9s
MORPHOLOGY mpnet Field 23: 57.8s
MORPHOLOGY mpnet Field 24: 62.0s
MORPHOLOGY mpnet Field 25: 65.8s
MORPHOLOGY mpnet Field 26: 69.6s
MORPHOLOGY mpnet Field 27: 73.5s
MORPHOLOGY mpnet Field 28: 77.4s
MORPHOLOGY mpnet Field 29: 81.4s
MORPHOLOGY mpnet Field 30: 85.6s
MORPHOLOGY mpnet Field 31: 89.7s
MORPHOLOGY mpnet Field 32: 93.8s
MORPHOLOGY mpnet Field 33: 97.8s
MORPHOLOGY mpnet Field 34: 102.2s
MORPHOLOGY mpnet Field 35: 106.4s
MORPHOLOGY mpnet Field 36: 110.3s
MORPHOLOGY minilm Field 11: 5.1s
MORPHOLOGY minilm Field 12: 6.8s
MORPHOLOGY minilm Field 13: 8.6s
MORPHOLOGY minilm Field 14: 10.3s
MORPHOLOGY minilm Field 15: 12.1s
MORPHOLOGY minilm Field 16: 13.8s
MORPHOLOGY minilm Field 17: 15.6s
MORPHOLOGY minilm Field 18: 17.3s
MORPHOLOGY minilm Field 19: 19.1s
MORPHOLOGY minilm Field 20: 20.9s
MORPHOLOGY minilm Field 21: 22.8s
MORPHOLOGY minilm Field 22: 24.6s
MORPHOLOGY minilm Field 23: 26.4s
MORPHOLOGY minilm Field 24: 28.4s
MORPHOLOGY minilm Field 25: 30.2s
MORPHOLOGY minilm Field 26: 32.0s
MORPHOLOGY minilm Field 27: 34.0s
MORPHOLOGY minilm Field 28: 35.9s
MORPHOLOGY minilm Field 29: 37.6s
MORPHOLOGY minilm Field 30: 39.4s
MORPHOLOGY minilm Field 31: 41.2s
MORPHOLOGY minilm Field 32: 43.0s
MORPHOLOGY minilm Field 33: 44.8s
MORPHOLOGY minilm Field 34: 46.6s
MORPHOLOGY minilm Field 35: 48.5s
MORPHOLOGY minilm Field 36: 50.2s
MORPHOLOGY pubmedbert Field 11: 7.0s
MORPHOLOGY pubmedbert Field 12: 10.9s
MORPHOLOGY pubmedbert Field 13: 15.0s
MORPHOLOGY pubmedbert Field 14: 18.8s
MORPHOLOGY pubmedbert Field 15: 22.6s
MORPHOLOGY pubmedbert Field 16: 26.4s
MORPHOLOGY pubmedbert Field 17: 30.2s
MORPHOLOGY pubmedbert Field 18: 34.1s
MORPHOLOGY pubmedbert Field 19: 38.2s
MORPHOLOGY pubmedbert Field 20: 42.1s
MORPHOLOGY pubmedbert Field 21: 46.1s
MORPHOLOGY pubmedbert Field 22: 50.0s
MORPHOLOGY pubmedbert Field 23: 54.3s
MORPHOLOGY pubmedbert Field 24: 58.2s
MORPHOLOGY pubmedbert Field 25: 62.0s
MORPHOLOGY pubmedbert Field 26: 65.9s
MORPHOLOGY pubmedbert Field 27: 69.7s
MORPHOLOGY pubmedbert Field 28: 73.5s
MORPHOLOGY pubmedbert Field 29: 77.3s
MORPHOLOGY pubmedbert Field 30: 81.4s
MORPHOLOGY pubmedbert Field 31: 85.5s
MORPHOLOGY pubmedbert Field 32: 89.3s
MORPHOLOGY pubmedbert Field 33: 93.4s
MORPHOLOGY pubmedbert Field 34: 97.3s
MORPHOLOGY pubmedbert Field 35: 101.4s
MORPHOLOGY pubmedbert Field 36: 105.4s
MORPHOLOGY biobert Field 11: 7.8s
MORPHOLOGY biobert Field 12: 11.7s
MORPHOLOGY biobert Field 13: 15.6s
MORPHOLOGY biobert Field 14: 19.3s
MORPHOLOGY biobert Field 15: 23.2s
MORPHOLOGY biobert Field 16: 27.1s
MORPHOLOGY biobert Field 17: 30.9s
MORPHOLOGY biobert Field 18: 34.8s
MORPHOLOGY biobert Field 19: 38.8s
MORPHOLOGY biobert Field 20: 42.7s
MORPHOLOGY biobert Field 21: 46.4s
MORPHOLOGY biobert Field 22: 50.3s
MORPHOLOGY biobert Field 23: 54.3s
MORPHOLOGY biobert Field 24: 58.4s
MORPHOLOGY biobert Field 25: 62.3s
MORPHOLOGY biobert Field 26: 66.1s
MORPHOLOGY biobert Field 27: 70.0s
MORPHOLOGY biobert Field 28: 73.8s
MORPHOLOGY biobert Field 29: 77.5s
MORPHOLOGY biobert Field 30: 81.4s
MORPHOLOGY biobert Field 31: 85.3s
MORPHOLOGY biobert Field 32: 89.1s
MORPHOLOGY biobert Field 33: 93.1s
MORPHOLOGY biobert Field 34: 97.3s
MORPHOLOGY biobert Field 35: 101.2s
MORPHOLOGY biobert Field 36: 105.2s
MORPHOLOGY simcse Field 11: 8.0s
MORPHOLOGY simcse Field 12: 11.9s
MORPHOLOGY simcse Field 13: 15.8s
MORPHOLOGY simcse Field 14: 19.9s
MORPHOLOGY simcse Field 15: 23.7s
MORPHOLOGY simcse Field 16: 27.5s
MORPHOLOGY simcse Field 17: 31.3s
MORPHOLOGY simcse Field 18: 35.1s
MORPHOLOGY simcse Field 19: 38.9s
MORPHOLOGY simcse Field 20: 42.7s
MORPHOLOGY simcse Field 21: 46.5s
MORPHOLOGY simcse Field 22: 50.4s
MORPHOLOGY simcse Field 23: 54.1s
MORPHOLOGY simcse Field 24: 57.9s
MORPHOLOGY simcse Field 25: 61.6s
MORPHOLOGY simcse Field 26: 65.4s
MORPHOLOGY simcse Field 27: 69.2s
MORPHOLOGY simcse Field 28: 72.9s
MORPHOLOGY simcse Field 29: 76.7s
MORPHOLOGY simcse Field 30: 80.4s
MORPHOLOGY simcse Field 31: 84.1s
MORPHOLOGY simcse Field 32: 87.9s
MORPHOLOGY simcse Field 33: 91.6s
MORPHOLOGY simcse Field 34: 95.4s
MORPHOLOGY simcse Field 35: 99.1s
MORPHOLOGY simcse Field 36: 102.8s
