QUALITY specter: 65.9s
QUALITY specter2: 61.0s
QUALITY scincl: 57.7s
QUALITY scibert: 59.6s
QUALITY bert: 58.1s
QUALITY mpnet: 58.3s
QUALITY minilm: 44.6s
QUALITY pubmedbert: 57.2s
QUALITY biobert: 58.7s
QUALITY simcse: 57.6s
QUALITY INPUT Field 11: 0.2s
QUALITY INPUT Field 12: 0.2s
QUALITY INPUT Field 13: 0.2s
QUALITY INPUT Field 14: 0.2s
QUALITY INPUT Field 15: 0.2s
QUALITY INPUT Field 16: 0.2s
QUALITY INPUT Field 17: 0.2s
QUALITY INPUT Field 18: 0.2s
QUALITY INPUT Field 19: 0.3s
QUALITY INPUT Field 20: 0.3s
QUALITY INPUT Field 21: 0.3s
QUALITY INPUT Field 22: 0.3s
QUALITY INPUT Field 23: 0.3s
QUALITY INPUT Field 24: 0.3s
QUALITY INPUT Field 25: 0.3s
QUALITY INPUT Field 26: 0.3s
QUALITY INPUT Field 27: 0.3s
QUALITY INPUT Field 28: 0.3s
QUALITY INPUT Field 29: 0.2s
QUALITY INPUT Field 30: 0.3s
QUALITY INPUT Field 31: 0.2s
QUALITY INPUT Field 32: 0.2s
QUALITY INPUT Field 33: 0.2s
QUALITY INPUT Field 34: 0.2s
QUALITY INPUT Field 35: 0.2s
QUALITY INPUT Field 36: 0.2s
