Waiting for live input queue PID 93254
INPUT COMPARISONS Field 11 complete
INPUT COMPARISONS Field 12 complete
INPUT COMPARISONS Field 13 complete
INPUT COMPARISONS Field 14 complete
INPUT COMPARISONS Field 15 complete
INPUT COMPARISONS Field 16 complete
INPUT COMPARISONS Field 17 complete
INPUT COMPARISONS Field 18 complete
INPUT COMPARISONS Field 19 complete
INPUT COMPARISONS Field 20 complete
INPUT COMPARISONS Field 21 complete
INPUT COMPARISONS Field 22 complete
INPUT COMPARISONS Field 23 complete
INPUT COMPARISONS Field 24 complete
INPUT COMPARISONS Field 25 complete
INPUT COMPARISONS Field 26 complete
INPUT COMPARISONS Field 27 complete
INPUT COMPARISONS Field 28 complete
INPUT COMPARISONS Field 29 complete
INPUT COMPARISONS Field 30 complete
INPUT COMPARISONS Field 31 complete
INPUT COMPARISONS Field 32 complete
INPUT COMPARISONS Field 33 complete
INPUT COMPARISONS Field 34 complete
INPUT COMPARISONS Field 35 complete
INPUT COMPARISONS Field 36 complete
PAIRED 52K INPUT ANALYSIS COMPLETE
INPUT RECIPE CONTROL Field 11 complete
INPUT RECIPE CONTROL Field 12 complete
INPUT RECIPE CONTROL Field 13 complete
INPUT RECIPE CONTROL Field 14 complete
INPUT RECIPE CONTROL Field 15 complete
INPUT RECIPE CONTROL Field 16 complete
INPUT RECIPE CONTROL Field 17 complete
INPUT RECIPE CONTROL Field 18 complete
INPUT RECIPE CONTROL Field 19 complete
INPUT RECIPE CONTROL Field 20 complete
INPUT RECIPE CONTROL Field 21 complete
INPUT RECIPE CONTROL Field 22 complete
INPUT RECIPE CONTROL Field 23 complete
INPUT RECIPE CONTROL Field 24 complete
INPUT RECIPE CONTROL Field 25 complete
INPUT RECIPE CONTROL Field 26 complete
INPUT RECIPE CONTROL Field 27 complete
INPUT RECIPE CONTROL Field 28 complete
INPUT RECIPE CONTROL Field 29 complete
INPUT RECIPE CONTROL Field 30 complete
INPUT RECIPE CONTROL Field 31 complete
INPUT RECIPE CONTROL Field 32 complete
INPUT RECIPE CONTROL Field 33 complete
INPUT RECIPE CONTROL Field 34 complete
INPUT RECIPE CONTROL Field 35 complete
INPUT RECIPE CONTROL Field 36 complete
52K INPUT RECIPE CONTROLS COMPLETE
52K PRIMARY AND RECIPE COMPARISONS COMPLETE
