`torch_dtype` is deprecated! Use `dtype` instead!
minilm/title: 2,048/52,000; reused 524, new 500
REAL 52K RESUME VERIFIED; FIRST BLOCK UNCHANGED
specter/title_abstract: 1,024/52,000; reused 1024, new 0
specter/title_abstract: 2,048/52,000; reused 1024, new 0
specter/title_abstract: 3,072/52,000; reused 1024, new 0
specter/title_abstract: 4,096/52,000; reused 1024, new 0
specter/title_abstract: 5,120/52,000; reused 1024, new 0
specter/title_abstract: 6,144/52,000; reused 1024, new 0
specter/title_abstract: 7,168/52,000; reused 1024, new 0
specter/title_abstract: 8,192/52,000; reused 1024, new 0
specter/title_abstract: 9,216/52,000; reused 1024, new 0
specter/title_abstract: 10,240/52,000; reused 1024, new 0
specter/title_abstract: 11,264/52,000; reused 1024, new 0
specter/title_abstract: 12,288/52,000; reused 1024, new 0
specter/title_abstract: 13,312/52,000; reused 1024, new 0
specter/title_abstract: 14,336/52,000; reused 1024, new 0
specter/title_abstract: 15,360/52,000; reused 1024, new 0
specter/title_abstract: 16,384/52,000; reused 1024, new 0
specter/title_abstract: 17,408/52,000; reused 1024, new 0
specter/title_abstract: 18,432/52,000; reused 1024, new 0
specter/title_abstract: 19,456/52,000; reused 1024, new 0
specter/title_abstract: 20,480/52,000; reused 1024, new 0
specter/title_abstract: 21,504/52,000; reused 1024, new 0
specter/title_abstract: 22,528/52,000; reused 1024, new 0
specter/title_abstract: 23,552/52,000; reused 1024, new 0
specter/title_abstract: 24,576/52,000; reused 1024, new 0
specter/title_abstract: 25,600/52,000; reused 1024, new 0
specter/title_abstract: 26,624/52,000; reused 1024, new 0
specter/title_abstract: 27,648/52,000; reused 1024, new 0
specter/title_abstract: 28,672/52,000; reused 1024, new 0
specter/title_abstract: 29,696/52,000; reused 1024, new 0
specter/title_abstract: 30,720/52,000; reused 1024, new 0
specter/title_abstract: 31,744/52,000; reused 1024, new 0
specter/title_abstract: 32,768/52,000; reused 1024, new 0
specter/title_abstract: 33,792/52,000; reused 1024, new 0
specter/title_abstract: 34,816/52,000; reused 1024, new 0
specter/title_abstract: 35,840/52,000; reused 1024, new 0
specter/title_abstract: 36,864/52,000; reused 1024, new 0
specter/title_abstract: 37,888/52,000; reused 1024, new 0
specter/title_abstract: 38,912/52,000; reused 1024, new 0
specter/title_abstract: 39,936/52,000; reused 1024, new 0
specter/title_abstract: 40,960/52,000; reused 1024, new 0
specter/title_abstract: 41,984/52,000; reused 1024, new 0
specter/title_abstract: 43,008/52,000; reused 1024, new 0
specter/title_abstract: 44,032/52,000; reused 1024, new 0
specter/title_abstract: 45,056/52,000; reused 1024, new 0
specter/title_abstract: 46,080/52,000; reused 1024, new 0
specter/title_abstract: 47,104/52,000; reused 1024, new 0
specter/title_abstract: 48,128/52,000; reused 1024, new 0
specter/title_abstract: 49,152/52,000; reused 1024, new 0
specter/title_abstract: 50,176/52,000; reused 1024, new 0
specter/title_abstract: 51,200/52,000; reused 1024, new 0
specter/title_abstract: 52,000/52,000; reused 800, new 0
`torch_dtype` is deprecated! Use `dtype` instead!
specter/title: 1,024/52,000; reused 521, new 503
specter/title: 2,048/52,000; reused 524, new 500
specter/title: 3,072/52,000; reused 498, new 526
specter/title: 4,096/52,000; reused 521, new 503
specter/title: 5,120/52,000; reused 521, new 503
specter/title: 6,144/52,000; reused 526, new 498
specter/title: 7,168/52,000; reused 520, new 504
specter/title: 8,192/52,000; reused 499, new 525
specter/title: 9,216/52,000; reused 492, new 532
specter/title: 10,240/52,000; reused 512, new 512
specter/title: 11,264/52,000; reused 535, new 489
specter/title: 12,288/52,000; reused 527, new 497
specter/title: 13,312/52,000; reused 508, new 516
specter/title: 14,336/52,000; reused 515, new 509
specter/title: 15,360/52,000; reused 497, new 527
specter/title: 16,384/52,000; reused 543, new 481
specter/title: 17,408/52,000; reused 527, new 497
specter/title: 18,432/52,000; reused 522, new 502
specter/title: 19,456/52,000; reused 537, new 487
specter/title: 20,480/52,000; reused 531, new 493
specter/title: 21,504/52,000; reused 529, new 495
specter/title: 22,528/52,000; reused 515, new 509
specter/title: 23,552/52,000; reused 517, new 507
specter/title: 24,576/52,000; reused 510, new 514
specter/title: 25,600/52,000; reused 491, new 533
specter/title: 26,624/52,000; reused 512, new 512
specter/title: 27,648/52,000; reused 520, new 504
specter/title: 28,672/52,000; reused 510, new 514
specter/title: 29,696/52,000; reused 460, new 564
specter/title: 30,720/52,000; reused 479, new 545
specter/title: 31,744/52,000; reused 511, new 513
specter/title: 32,768/52,000; reused 487, new 537
specter/title: 33,792/52,000; reused 510, new 514
specter/title: 34,816/52,000; reused 498, new 526
specter/title: 35,840/52,000; reused 519, new 505
specter/title: 36,864/52,000; reused 496, new 528
specter/title: 37,888/52,000; reused 524, new 500
specter/title: 38,912/52,000; reused 500, new 524
specter/title: 39,936/52,000; reused 518, new 506
specter/title: 40,960/52,000; reused 517, new 507
specter/title: 41,984/52,000; reused 514, new 510
specter/title: 43,008/52,000; reused 498, new 526
specter/title: 44,032/52,000; reused 509, new 515
specter/title: 45,056/52,000; reused 523, new 501
specter/title: 46,080/52,000; reused 510, new 514
specter/title: 47,104/52,000; reused 507, new 517
specter/title: 48,128/52,000; reused 512, new 512
specter/title: 49,152/52,000; reused 520, new 504
specter/title: 50,176/52,000; reused 507, new 517
specter/title: 51,200/52,000; reused 508, new 516
specter/title: 52,000/52,000; reused 393, new 407
specter/abstract: 1,024/52,000; reused 521, new 503
specter/abstract: 2,048/52,000; reused 524, new 500
specter/abstract: 3,072/52,000; reused 498, new 526
specter/abstract: 4,096/52,000; reused 521, new 503
specter/abstract: 5,120/52,000; reused 521, new 503
specter/abstract: 6,144/52,000; reused 526, new 498
specter/abstract: 7,168/52,000; reused 520, new 504
specter/abstract: 8,192/52,000; reused 499, new 525
specter/abstract: 9,216/52,000; reused 492, new 532
specter/abstract: 10,240/52,000; reused 512, new 512
specter/abstract: 11,264/52,000; reused 535, new 489
specter/abstract: 12,288/52,000; reused 527, new 497
specter/abstract: 13,312/52,000; reused 508, new 516
specter/abstract: 14,336/52,000; reused 515, new 509
specter/abstract: 15,360/52,000; reused 497, new 527
specter/abstract: 16,384/52,000; reused 543, new 481
specter/abstract: 17,408/52,000; reused 527, new 497
specter/abstract: 18,432/52,000; reused 522, new 502
specter/abstract: 19,456/52,000; reused 537, new 487
specter/abstract: 20,480/52,000; reused 531, new 493
specter/abstract: 21,504/52,000; reused 529, new 495
specter/abstract: 22,528/52,000; reused 515, new 509
specter/abstract: 23,552/52,000; reused 517, new 507
specter/abstract: 24,576/52,000; reused 510, new 514
specter/abstract: 25,600/52,000; reused 491, new 533
specter/abstract: 26,624/52,000; reused 512, new 512
specter/abstract: 27,648/52,000; reused 520, new 504
specter/abstract: 28,672/52,000; reused 510, new 514
specter/abstract: 29,696/52,000; reused 460, new 564
specter/abstract: 30,720/52,000; reused 479, new 545
specter/abstract: 31,744/52,000; reused 511, new 513
specter/abstract: 32,768/52,000; reused 487, new 537
specter/abstract: 33,792/52,000; reused 510, new 514
specter/abstract: 34,816/52,000; reused 498, new 526
specter/abstract: 35,840/52,000; reused 519, new 505
specter/abstract: 36,864/52,000; reused 496, new 528
specter/abstract: 37,888/52,000; reused 524, new 500
specter/abstract: 38,912/52,000; reused 500, new 524
specter/abstract: 39,936/52,000; reused 518, new 506
specter/abstract: 40,960/52,000; reused 517, new 507
specter/abstract: 41,984/52,000; reused 514, new 510
specter/abstract: 43,008/52,000; reused 498, new 526
specter/abstract: 44,032/52,000; reused 509, new 515
specter/abstract: 45,056/52,000; reused 523, new 501
specter/abstract: 46,080/52,000; reused 510, new 514
specter/abstract: 47,104/52,000; reused 507, new 517
specter/abstract: 48,128/52,000; reused 512, new 512
specter/abstract: 49,152/52,000; reused 520, new 504
specter/abstract: 50,176/52,000; reused 507, new 517
specter/abstract: 51,200/52,000; reused 508, new 516
specter/abstract: 52,000/52,000; reused 393, new 407
specter2/title_abstract: 1,024/52,000; reused 1024, new 0
specter2/title_abstract: 2,048/52,000; reused 1024, new 0
specter2/title_abstract: 3,072/52,000; reused 1024, new 0
specter2/title_abstract: 4,096/52,000; reused 1024, new 0
specter2/title_abstract: 5,120/52,000; reused 1024, new 0
specter2/title_abstract: 6,144/52,000; reused 1024, new 0
specter2/title_abstract: 7,168/52,000; reused 1024, new 0
specter2/title_abstract: 8,192/52,000; reused 1024, new 0
specter2/title_abstract: 9,216/52,000; reused 1024, new 0
specter2/title_abstract: 10,240/52,000; reused 1024, new 0
specter2/title_abstract: 11,264/52,000; reused 1024, new 0
specter2/title_abstract: 12,288/52,000; reused 1024, new 0
specter2/title_abstract: 13,312/52,000; reused 1024, new 0
specter2/title_abstract: 14,336/52,000; reused 1024, new 0
specter2/title_abstract: 15,360/52,000; reused 1024, new 0
specter2/title_abstract: 16,384/52,000; reused 1024, new 0
specter2/title_abstract: 17,408/52,000; reused 1024, new 0
specter2/title_abstract: 18,432/52,000; reused 1024, new 0
specter2/title_abstract: 19,456/52,000; reused 1024, new 0
specter2/title_abstract: 20,480/52,000; reused 1024, new 0
specter2/title_abstract: 21,504/52,000; reused 1024, new 0
specter2/title_abstract: 22,528/52,000; reused 1024, new 0
specter2/title_abstract: 23,552/52,000; reused 1024, new 0
specter2/title_abstract: 24,576/52,000; reused 1024, new 0
specter2/title_abstract: 25,600/52,000; reused 1024, new 0
specter2/title_abstract: 26,624/52,000; reused 1024, new 0
specter2/title_abstract: 27,648/52,000; reused 1024, new 0
specter2/title_abstract: 28,672/52,000; reused 1024, new 0
specter2/title_abstract: 29,696/52,000; reused 1024, new 0
specter2/title_abstract: 30,720/52,000; reused 1024, new 0
specter2/title_abstract: 31,744/52,000; reused 1024, new 0
specter2/title_abstract: 32,768/52,000; reused 1024, new 0
specter2/title_abstract: 33,792/52,000; reused 1024, new 0
specter2/title_abstract: 34,816/52,000; reused 1024, new 0
specter2/title_abstract: 35,840/52,000; reused 1024, new 0
specter2/title_abstract: 36,864/52,000; reused 1024, new 0
specter2/title_abstract: 37,888/52,000; reused 1024, new 0
specter2/title_abstract: 38,912/52,000; reused 1024, new 0
specter2/title_abstract: 39,936/52,000; reused 1024, new 0
specter2/title_abstract: 40,960/52,000; reused 1024, new 0
specter2/title_abstract: 41,984/52,000; reused 1024, new 0
specter2/title_abstract: 43,008/52,000; reused 1024, new 0
specter2/title_abstract: 44,032/52,000; reused 1024, new 0
specter2/title_abstract: 45,056/52,000; reused 1024, new 0
specter2/title_abstract: 46,080/52,000; reused 1024, new 0
specter2/title_abstract: 47,104/52,000; reused 1024, new 0
specter2/title_abstract: 48,128/52,000; reused 1024, new 0
specter2/title_abstract: 49,152/52,000; reused 1024, new 0
specter2/title_abstract: 50,176/52,000; reused 1024, new 0
specter2/title_abstract: 51,200/52,000; reused 1024, new 0
specter2/title_abstract: 52,000/52,000; reused 800, new 0
`torch_dtype` is deprecated! Use `dtype` instead!
There are adapters available but none are activated for the forward pass.
specter2/title: 1,024/52,000; reused 521, new 503
specter2/title: 2,048/52,000; reused 524, new 500
specter2/title: 3,072/52,000; reused 498, new 526
specter2/title: 4,096/52,000; reused 521, new 503
specter2/title: 5,120/52,000; reused 521, new 503
specter2/title: 6,144/52,000; reused 526, new 498
specter2/title: 7,168/52,000; reused 520, new 504
specter2/title: 8,192/52,000; reused 499, new 525
specter2/title: 9,216/52,000; reused 492, new 532
specter2/title: 10,240/52,000; reused 512, new 512
specter2/title: 11,264/52,000; reused 535, new 489
specter2/title: 12,288/52,000; reused 527, new 497
specter2/title: 13,312/52,000; reused 508, new 516
specter2/title: 14,336/52,000; reused 515, new 509
specter2/title: 15,360/52,000; reused 497, new 527
specter2/title: 16,384/52,000; reused 543, new 481
specter2/title: 17,408/52,000; reused 527, new 497
specter2/title: 18,432/52,000; reused 522, new 502
specter2/title: 19,456/52,000; reused 537, new 487
specter2/title: 20,480/52,000; reused 531, new 493
specter2/title: 21,504/52,000; reused 529, new 495
specter2/title: 22,528/52,000; reused 515, new 509
specter2/title: 23,552/52,000; reused 517, new 507
specter2/title: 24,576/52,000; reused 510, new 514
specter2/title: 25,600/52,000; reused 491, new 533
specter2/title: 26,624/52,000; reused 512, new 512
specter2/title: 27,648/52,000; reused 520, new 504
specter2/title: 28,672/52,000; reused 510, new 514
specter2/title: 29,696/52,000; reused 460, new 564
specter2/title: 30,720/52,000; reused 479, new 545
specter2/title: 31,744/52,000; reused 511, new 513
specter2/title: 32,768/52,000; reused 487, new 537
specter2/title: 33,792/52,000; reused 510, new 514
specter2/title: 34,816/52,000; reused 498, new 526
specter2/title: 35,840/52,000; reused 519, new 505
specter2/title: 36,864/52,000; reused 496, new 528
specter2/title: 37,888/52,000; reused 524, new 500
specter2/title: 38,912/52,000; reused 500, new 524
specter2/title: 39,936/52,000; reused 518, new 506
specter2/title: 40,960/52,000; reused 517, new 507
specter2/title: 41,984/52,000; reused 514, new 510
specter2/title: 43,008/52,000; reused 498, new 526
specter2/title: 44,032/52,000; reused 509, new 515
specter2/title: 45,056/52,000; reused 523, new 501
specter2/title: 46,080/52,000; reused 510, new 514
specter2/title: 47,104/52,000; reused 507, new 517
specter2/title: 48,128/52,000; reused 512, new 512
specter2/title: 49,152/52,000; reused 520, new 504
specter2/title: 50,176/52,000; reused 507, new 517
specter2/title: 51,200/52,000; reused 508, new 516
specter2/title: 52,000/52,000; reused 393, new 407
specter2/abstract: 1,024/52,000; reused 521, new 503
specter2/abstract: 2,048/52,000; reused 524, new 500
specter2/abstract: 3,072/52,000; reused 498, new 526
specter2/abstract: 4,096/52,000; reused 521, new 503
specter2/abstract: 5,120/52,000; reused 521, new 503
specter2/abstract: 6,144/52,000; reused 526, new 498
specter2/abstract: 7,168/52,000; reused 520, new 504
specter2/abstract: 8,192/52,000; reused 499, new 525
specter2/abstract: 9,216/52,000; reused 492, new 532
specter2/abstract: 10,240/52,000; reused 512, new 512
specter2/abstract: 11,264/52,000; reused 535, new 489
specter2/abstract: 12,288/52,000; reused 527, new 497
specter2/abstract: 13,312/52,000; reused 508, new 516
specter2/abstract: 14,336/52,000; reused 515, new 509
specter2/abstract: 15,360/52,000; reused 497, new 527
specter2/abstract: 16,384/52,000; reused 543, new 481
specter2/abstract: 17,408/52,000; reused 527, new 497
specter2/abstract: 18,432/52,000; reused 522, new 502
specter2/abstract: 19,456/52,000; reused 537, new 487
specter2/abstract: 20,480/52,000; reused 531, new 493
specter2/abstract: 21,504/52,000; reused 529, new 495
specter2/abstract: 22,528/52,000; reused 515, new 509
specter2/abstract: 23,552/52,000; reused 517, new 507
specter2/abstract: 24,576/52,000; reused 510, new 514
specter2/abstract: 25,600/52,000; reused 491, new 533
specter2/abstract: 26,624/52,000; reused 512, new 512
specter2/abstract: 27,648/52,000; reused 520, new 504
specter2/abstract: 28,672/52,000; reused 510, new 514
specter2/abstract: 29,696/52,000; reused 460, new 564
specter2/abstract: 30,720/52,000; reused 479, new 545
specter2/abstract: 31,744/52,000; reused 511, new 513
specter2/abstract: 32,768/52,000; reused 487, new 537
specter2/abstract: 33,792/52,000; reused 510, new 514
specter2/abstract: 34,816/52,000; reused 498, new 526
specter2/abstract: 35,840/52,000; reused 519, new 505
specter2/abstract: 36,864/52,000; reused 496, new 528
specter2/abstract: 37,888/52,000; reused 524, new 500
specter2/abstract: 38,912/52,000; reused 500, new 524
specter2/abstract: 39,936/52,000; reused 518, new 506
specter2/abstract: 40,960/52,000; reused 517, new 507
specter2/abstract: 41,984/52,000; reused 514, new 510
specter2/abstract: 43,008/52,000; reused 498, new 526
specter2/abstract: 44,032/52,000; reused 509, new 515
specter2/abstract: 45,056/52,000; reused 523, new 501
specter2/abstract: 46,080/52,000; reused 510, new 514
specter2/abstract: 47,104/52,000; reused 507, new 517
specter2/abstract: 48,128/52,000; reused 512, new 512
specter2/abstract: 49,152/52,000; reused 520, new 504
specter2/abstract: 50,176/52,000; reused 507, new 517
specter2/abstract: 51,200/52,000; reused 508, new 516
specter2/abstract: 52,000/52,000; reused 393, new 407
scincl/title_abstract: 1,024/52,000; reused 1024, new 0
scincl/title_abstract: 2,048/52,000; reused 1024, new 0
scincl/title_abstract: 3,072/52,000; reused 1024, new 0
scincl/title_abstract: 4,096/52,000; reused 1024, new 0
scincl/title_abstract: 5,120/52,000; reused 1024, new 0
scincl/title_abstract: 6,144/52,000; reused 1024, new 0
scincl/title_abstract: 7,168/52,000; reused 1024, new 0
scincl/title_abstract: 8,192/52,000; reused 1024, new 0
scincl/title_abstract: 9,216/52,000; reused 1024, new 0
scincl/title_abstract: 10,240/52,000; reused 1024, new 0
scincl/title_abstract: 11,264/52,000; reused 1024, new 0
scincl/title_abstract: 12,288/52,000; reused 1024, new 0
scincl/title_abstract: 13,312/52,000; reused 1024, new 0
scincl/title_abstract: 14,336/52,000; reused 1024, new 0
scincl/title_abstract: 15,360/52,000; reused 1024, new 0
scincl/title_abstract: 16,384/52,000; reused 1024, new 0
scincl/title_abstract: 17,408/52,000; reused 1024, new 0
scincl/title_abstract: 18,432/52,000; reused 1024, new 0
scincl/title_abstract: 19,456/52,000; reused 1024, new 0
scincl/title_abstract: 20,480/52,000; reused 1024, new 0
scincl/title_abstract: 21,504/52,000; reused 1024, new 0
scincl/title_abstract: 22,528/52,000; reused 1024, new 0
scincl/title_abstract: 23,552/52,000; reused 1024, new 0
scincl/title_abstract: 24,576/52,000; reused 1024, new 0
scincl/title_abstract: 25,600/52,000; reused 1024, new 0
scincl/title_abstract: 26,624/52,000; reused 1024, new 0
scincl/title_abstract: 27,648/52,000; reused 1024, new 0
scincl/title_abstract: 28,672/52,000; reused 1024, new 0
scincl/title_abstract: 29,696/52,000; reused 1024, new 0
scincl/title_abstract: 30,720/52,000; reused 1024, new 0
scincl/title_abstract: 31,744/52,000; reused 1024, new 0
scincl/title_abstract: 32,768/52,000; reused 1024, new 0
scincl/title_abstract: 33,792/52,000; reused 1024, new 0
scincl/title_abstract: 34,816/52,000; reused 1024, new 0
scincl/title_abstract: 35,840/52,000; reused 1024, new 0
scincl/title_abstract: 36,864/52,000; reused 1024, new 0
scincl/title_abstract: 37,888/52,000; reused 1024, new 0
scincl/title_abstract: 38,912/52,000; reused 1024, new 0
scincl/title_abstract: 39,936/52,000; reused 1024, new 0
scincl/title_abstract: 40,960/52,000; reused 1024, new 0
scincl/title_abstract: 41,984/52,000; reused 1024, new 0
scincl/title_abstract: 43,008/52,000; reused 1024, new 0
scincl/title_abstract: 44,032/52,000; reused 1024, new 0
scincl/title_abstract: 45,056/52,000; reused 1024, new 0
scincl/title_abstract: 46,080/52,000; reused 1024, new 0
scincl/title_abstract: 47,104/52,000; reused 1024, new 0
scincl/title_abstract: 48,128/52,000; reused 1024, new 0
scincl/title_abstract: 49,152/52,000; reused 1024, new 0
scincl/title_abstract: 50,176/52,000; reused 1024, new 0
scincl/title_abstract: 51,200/52,000; reused 1024, new 0
scincl/title_abstract: 52,000/52,000; reused 800, new 0
`torch_dtype` is deprecated! Use `dtype` instead!
scincl/title: 1,024/52,000; reused 521, new 503
scincl/title: 2,048/52,000; reused 524, new 500
scincl/title: 3,072/52,000; reused 498, new 526
scincl/title: 4,096/52,000; reused 521, new 503
scincl/title: 5,120/52,000; reused 521, new 503
scincl/title: 6,144/52,000; reused 526, new 498
scincl/title: 7,168/52,000; reused 520, new 504
scincl/title: 8,192/52,000; reused 499, new 525
scincl/title: 9,216/52,000; reused 492, new 532
scincl/title: 10,240/52,000; reused 512, new 512
scincl/title: 11,264/52,000; reused 535, new 489
scincl/title: 12,288/52,000; reused 527, new 497
scincl/title: 13,312/52,000; reused 508, new 516
scincl/title: 14,336/52,000; reused 515, new 509
scincl/title: 15,360/52,000; reused 497, new 527
scincl/title: 16,384/52,000; reused 543, new 481
scincl/title: 17,408/52,000; reused 527, new 497
scincl/title: 18,432/52,000; reused 522, new 502
scincl/title: 19,456/52,000; reused 537, new 487
scincl/title: 20,480/52,000; reused 531, new 493
scincl/title: 21,504/52,000; reused 529, new 495
scincl/title: 22,528/52,000; reused 515, new 509
scincl/title: 23,552/52,000; reused 517, new 507
scincl/title: 24,576/52,000; reused 510, new 514
scincl/title: 25,600/52,000; reused 491, new 533
scincl/title: 26,624/52,000; reused 512, new 512
scincl/title: 27,648/52,000; reused 520, new 504
scincl/title: 28,672/52,000; reused 510, new 514
scincl/title: 29,696/52,000; reused 460, new 564
scincl/title: 30,720/52,000; reused 479, new 545
scincl/title: 31,744/52,000; reused 511, new 513
scincl/title: 32,768/52,000; reused 487, new 537
scincl/title: 33,792/52,000; reused 510, new 514
scincl/title: 34,816/52,000; reused 498, new 526
scincl/title: 35,840/52,000; reused 519, new 505
scincl/title: 36,864/52,000; reused 496, new 528
scincl/title: 37,888/52,000; reused 524, new 500
scincl/title: 38,912/52,000; reused 500, new 524
scincl/title: 39,936/52,000; reused 518, new 506
scincl/title: 40,960/52,000; reused 517, new 507
scincl/title: 41,984/52,000; reused 514, new 510
scincl/title: 43,008/52,000; reused 498, new 526
scincl/title: 44,032/52,000; reused 509, new 515
scincl/title: 45,056/52,000; reused 523, new 501
scincl/title: 46,080/52,000; reused 510, new 514
scincl/title: 47,104/52,000; reused 507, new 517
scincl/title: 48,128/52,000; reused 512, new 512
scincl/title: 49,152/52,000; reused 520, new 504
scincl/title: 50,176/52,000; reused 507, new 517
scincl/title: 51,200/52,000; reused 508, new 516
scincl/title: 52,000/52,000; reused 393, new 407
scincl/abstract: 1,024/52,000; reused 521, new 503
scincl/abstract: 2,048/52,000; reused 524, new 500
scincl/abstract: 3,072/52,000; reused 498, new 526
scincl/abstract: 4,096/52,000; reused 521, new 503
scincl/abstract: 5,120/52,000; reused 521, new 503
scincl/abstract: 6,144/52,000; reused 526, new 498
scincl/abstract: 7,168/52,000; reused 520, new 504
scincl/abstract: 8,192/52,000; reused 499, new 525
scincl/abstract: 9,216/52,000; reused 492, new 532
scincl/abstract: 10,240/52,000; reused 512, new 512
scincl/abstract: 11,264/52,000; reused 535, new 489
scincl/abstract: 12,288/52,000; reused 527, new 497
scincl/abstract: 13,312/52,000; reused 508, new 516
scincl/abstract: 14,336/52,000; reused 515, new 509
scincl/abstract: 15,360/52,000; reused 497, new 527
scincl/abstract: 16,384/52,000; reused 543, new 481
scincl/abstract: 17,408/52,000; reused 527, new 497
scincl/abstract: 18,432/52,000; reused 522, new 502
scincl/abstract: 19,456/52,000; reused 537, new 487
scincl/abstract: 20,480/52,000; reused 531, new 493
scincl/abstract: 21,504/52,000; reused 529, new 495
scincl/abstract: 22,528/52,000; reused 515, new 509
scincl/abstract: 23,552/52,000; reused 517, new 507
scincl/abstract: 24,576/52,000; reused 510, new 514
scincl/abstract: 25,600/52,000; reused 491, new 533
scincl/abstract: 26,624/52,000; reused 512, new 512
scincl/abstract: 27,648/52,000; reused 520, new 504
scincl/abstract: 28,672/52,000; reused 510, new 514
scincl/abstract: 29,696/52,000; reused 460, new 564
scincl/abstract: 30,720/52,000; reused 479, new 545
scincl/abstract: 31,744/52,000; reused 511, new 513
scincl/abstract: 32,768/52,000; reused 487, new 537
scincl/abstract: 33,792/52,000; reused 510, new 514
scincl/abstract: 34,816/52,000; reused 498, new 526
scincl/abstract: 35,840/52,000; reused 519, new 505
scincl/abstract: 36,864/52,000; reused 496, new 528
scincl/abstract: 37,888/52,000; reused 524, new 500
scincl/abstract: 38,912/52,000; reused 500, new 524
scincl/abstract: 39,936/52,000; reused 518, new 506
scincl/abstract: 40,960/52,000; reused 517, new 507
scincl/abstract: 41,984/52,000; reused 514, new 510
scincl/abstract: 43,008/52,000; reused 498, new 526
scincl/abstract: 44,032/52,000; reused 509, new 515
scincl/abstract: 45,056/52,000; reused 523, new 501
scincl/abstract: 46,080/52,000; reused 510, new 514
scincl/abstract: 47,104/52,000; reused 507, new 517
scincl/abstract: 48,128/52,000; reused 512, new 512
scincl/abstract: 49,152/52,000; reused 520, new 504
scincl/abstract: 50,176/52,000; reused 507, new 517
scincl/abstract: 51,200/52,000; reused 508, new 516
scincl/abstract: 52,000/52,000; reused 393, new 407
scibert/title_abstract: 1,024/52,000; reused 1024, new 0
scibert/title_abstract: 2,048/52,000; reused 1024, new 0
scibert/title_abstract: 3,072/52,000; reused 1024, new 0
scibert/title_abstract: 4,096/52,000; reused 1024, new 0
scibert/title_abstract: 5,120/52,000; reused 1024, new 0
scibert/title_abstract: 6,144/52,000; reused 1024, new 0
scibert/title_abstract: 7,168/52,000; reused 1024, new 0
scibert/title_abstract: 8,192/52,000; reused 1024, new 0
scibert/title_abstract: 9,216/52,000; reused 1024, new 0
scibert/title_abstract: 10,240/52,000; reused 1024, new 0
scibert/title_abstract: 11,264/52,000; reused 1024, new 0
scibert/title_abstract: 12,288/52,000; reused 1024, new 0
scibert/title_abstract: 13,312/52,000; reused 1024, new 0
scibert/title_abstract: 14,336/52,000; reused 1024, new 0
scibert/title_abstract: 15,360/52,000; reused 1024, new 0
scibert/title_abstract: 16,384/52,000; reused 1024, new 0
scibert/title_abstract: 17,408/52,000; reused 1024, new 0
scibert/title_abstract: 18,432/52,000; reused 1024, new 0
scibert/title_abstract: 19,456/52,000; reused 1024, new 0
scibert/title_abstract: 20,480/52,000; reused 1024, new 0
scibert/title_abstract: 21,504/52,000; reused 1024, new 0
scibert/title_abstract: 22,528/52,000; reused 1024, new 0
scibert/title_abstract: 23,552/52,000; reused 1024, new 0
scibert/title_abstract: 24,576/52,000; reused 1024, new 0
scibert/title_abstract: 25,600/52,000; reused 1024, new 0
scibert/title_abstract: 26,624/52,000; reused 1024, new 0
scibert/title_abstract: 27,648/52,000; reused 1024, new 0
scibert/title_abstract: 28,672/52,000; reused 1024, new 0
scibert/title_abstract: 29,696/52,000; reused 1024, new 0
scibert/title_abstract: 30,720/52,000; reused 1024, new 0
scibert/title_abstract: 31,744/52,000; reused 1024, new 0
scibert/title_abstract: 32,768/52,000; reused 1024, new 0
scibert/title_abstract: 33,792/52,000; reused 1024, new 0
scibert/title_abstract: 34,816/52,000; reused 1024, new 0
scibert/title_abstract: 35,840/52,000; reused 1024, new 0
scibert/title_abstract: 36,864/52,000; reused 1024, new 0
scibert/title_abstract: 37,888/52,000; reused 1024, new 0
scibert/title_abstract: 38,912/52,000; reused 1024, new 0
scibert/title_abstract: 39,936/52,000; reused 1024, new 0
scibert/title_abstract: 40,960/52,000; reused 1024, new 0
scibert/title_abstract: 41,984/52,000; reused 1024, new 0
scibert/title_abstract: 43,008/52,000; reused 1024, new 0
scibert/title_abstract: 44,032/52,000; reused 1024, new 0
scibert/title_abstract: 45,056/52,000; reused 1024, new 0
scibert/title_abstract: 46,080/52,000; reused 1024, new 0
scibert/title_abstract: 47,104/52,000; reused 1024, new 0
scibert/title_abstract: 48,128/52,000; reused 1024, new 0
scibert/title_abstract: 49,152/52,000; reused 1024, new 0
scibert/title_abstract: 50,176/52,000; reused 1024, new 0
scibert/title_abstract: 51,200/52,000; reused 1024, new 0
scibert/title_abstract: 52,000/52,000; reused 800, new 0
`torch_dtype` is deprecated! Use `dtype` instead!
scibert/title: 1,024/52,000; reused 521, new 503
scibert/title: 2,048/52,000; reused 524, new 500
scibert/title: 3,072/52,000; reused 498, new 526
scibert/title: 4,096/52,000; reused 521, new 503
scibert/title: 5,120/52,000; reused 521, new 503
scibert/title: 6,144/52,000; reused 526, new 498
scibert/title: 7,168/52,000; reused 520, new 504
scibert/title: 8,192/52,000; reused 499, new 525
scibert/title: 9,216/52,000; reused 492, new 532
scibert/title: 10,240/52,000; reused 512, new 512
scibert/title: 11,264/52,000; reused 535, new 489
scibert/title: 12,288/52,000; reused 527, new 497
scibert/title: 13,312/52,000; reused 508, new 516
scibert/title: 14,336/52,000; reused 515, new 509
scibert/title: 15,360/52,000; reused 497, new 527
scibert/title: 16,384/52,000; reused 543, new 481
scibert/title: 17,408/52,000; reused 527, new 497
scibert/title: 18,432/52,000; reused 522, new 502
scibert/title: 19,456/52,000; reused 537, new 487
scibert/title: 20,480/52,000; reused 531, new 493
scibert/title: 21,504/52,000; reused 529, new 495
scibert/title: 22,528/52,000; reused 515, new 509
scibert/title: 23,552/52,000; reused 517, new 507
scibert/title: 24,576/52,000; reused 510, new 514
scibert/title: 25,600/52,000; reused 491, new 533
scibert/title: 26,624/52,000; reused 512, new 512
scibert/title: 27,648/52,000; reused 520, new 504
scibert/title: 28,672/52,000; reused 510, new 514
scibert/title: 29,696/52,000; reused 460, new 564
scibert/title: 30,720/52,000; reused 479, new 545
scibert/title: 31,744/52,000; reused 511, new 513
scibert/title: 32,768/52,000; reused 487, new 537
scibert/title: 33,792/52,000; reused 510, new 514
scibert/title: 34,816/52,000; reused 498, new 526
scibert/title: 35,840/52,000; reused 519, new 505
scibert/title: 36,864/52,000; reused 496, new 528
scibert/title: 37,888/52,000; reused 524, new 500
scibert/title: 38,912/52,000; reused 500, new 524
scibert/title: 39,936/52,000; reused 518, new 506
scibert/title: 40,960/52,000; reused 517, new 507
scibert/title: 41,984/52,000; reused 514, new 510
scibert/title: 43,008/52,000; reused 498, new 526
scibert/title: 44,032/52,000; reused 509, new 515
scibert/title: 45,056/52,000; reused 523, new 501
scibert/title: 46,080/52,000; reused 510, new 514
scibert/title: 47,104/52,000; reused 507, new 517
scibert/title: 48,128/52,000; reused 512, new 512
scibert/title: 49,152/52,000; reused 520, new 504
scibert/title: 50,176/52,000; reused 507, new 517
scibert/title: 51,200/52,000; reused 508, new 516
scibert/title: 52,000/52,000; reused 393, new 407
scibert/abstract: 1,024/52,000; reused 521, new 503
scibert/abstract: 2,048/52,000; reused 524, new 500
scibert/abstract: 3,072/52,000; reused 498, new 526
scibert/abstract: 4,096/52,000; reused 521, new 503
scibert/abstract: 5,120/52,000; reused 521, new 503
scibert/abstract: 6,144/52,000; reused 526, new 498
scibert/abstract: 7,168/52,000; reused 520, new 504
scibert/abstract: 8,192/52,000; reused 499, new 525
scibert/abstract: 9,216/52,000; reused 492, new 532
scibert/abstract: 10,240/52,000; reused 512, new 512
scibert/abstract: 11,264/52,000; reused 535, new 489
scibert/abstract: 12,288/52,000; reused 527, new 497
scibert/abstract: 13,312/52,000; reused 508, new 516
scibert/abstract: 14,336/52,000; reused 515, new 509
scibert/abstract: 15,360/52,000; reused 497, new 527
scibert/abstract: 16,384/52,000; reused 543, new 481
scibert/abstract: 17,408/52,000; reused 527, new 497
scibert/abstract: 18,432/52,000; reused 522, new 502
scibert/abstract: 19,456/52,000; reused 537, new 487
scibert/abstract: 20,480/52,000; reused 531, new 493
scibert/abstract: 21,504/52,000; reused 529, new 495
scibert/abstract: 22,528/52,000; reused 515, new 509
scibert/abstract: 23,552/52,000; reused 517, new 507
scibert/abstract: 24,576/52,000; reused 510, new 514
scibert/abstract: 25,600/52,000; reused 491, new 533
scibert/abstract: 26,624/52,000; reused 512, new 512
scibert/abstract: 27,648/52,000; reused 520, new 504
scibert/abstract: 28,672/52,000; reused 510, new 514
scibert/abstract: 29,696/52,000; reused 460, new 564
scibert/abstract: 30,720/52,000; reused 479, new 545
scibert/abstract: 31,744/52,000; reused 511, new 513
scibert/abstract: 32,768/52,000; reused 487, new 537
scibert/abstract: 33,792/52,000; reused 510, new 514
scibert/abstract: 34,816/52,000; reused 498, new 526
scibert/abstract: 35,840/52,000; reused 519, new 505
scibert/abstract: 36,864/52,000; reused 496, new 528
scibert/abstract: 37,888/52,000; reused 524, new 500
scibert/abstract: 38,912/52,000; reused 500, new 524
scibert/abstract: 39,936/52,000; reused 518, new 506
scibert/abstract: 40,960/52,000; reused 517, new 507
scibert/abstract: 41,984/52,000; reused 514, new 510
scibert/abstract: 43,008/52,000; reused 498, new 526
scibert/abstract: 44,032/52,000; reused 509, new 515
scibert/abstract: 45,056/52,000; reused 523, new 501
scibert/abstract: 46,080/52,000; reused 510, new 514
scibert/abstract: 47,104/52,000; reused 507, new 517
scibert/abstract: 48,128/52,000; reused 512, new 512
scibert/abstract: 49,152/52,000; reused 520, new 504
scibert/abstract: 50,176/52,000; reused 507, new 517
scibert/abstract: 51,200/52,000; reused 508, new 516
scibert/abstract: 52,000/52,000; reused 393, new 407
bert/title_abstract: 1,024/52,000; reused 1024, new 0
bert/title_abstract: 2,048/52,000; reused 1024, new 0
bert/title_abstract: 3,072/52,000; reused 1024, new 0
bert/title_abstract: 4,096/52,000; reused 1024, new 0
bert/title_abstract: 5,120/52,000; reused 1024, new 0
bert/title_abstract: 6,144/52,000; reused 1024, new 0
bert/title_abstract: 7,168/52,000; reused 1024, new 0
bert/title_abstract: 8,192/52,000; reused 1024, new 0
bert/title_abstract: 9,216/52,000; reused 1024, new 0
bert/title_abstract: 10,240/52,000; reused 1024, new 0
bert/title_abstract: 11,264/52,000; reused 1024, new 0
bert/title_abstract: 12,288/52,000; reused 1024, new 0
bert/title_abstract: 13,312/52,000; reused 1024, new 0
bert/title_abstract: 14,336/52,000; reused 1024, new 0
bert/title_abstract: 15,360/52,000; reused 1024, new 0
bert/title_abstract: 16,384/52,000; reused 1024, new 0
bert/title_abstract: 17,408/52,000; reused 1024, new 0
bert/title_abstract: 18,432/52,000; reused 1024, new 0
bert/title_abstract: 19,456/52,000; reused 1024, new 0
bert/title_abstract: 20,480/52,000; reused 1024, new 0
bert/title_abstract: 21,504/52,000; reused 1024, new 0
bert/title_abstract: 22,528/52,000; reused 1024, new 0
bert/title_abstract: 23,552/52,000; reused 1024, new 0
bert/title_abstract: 24,576/52,000; reused 1024, new 0
bert/title_abstract: 25,600/52,000; reused 1024, new 0
bert/title_abstract: 26,624/52,000; reused 1024, new 0
bert/title_abstract: 27,648/52,000; reused 1024, new 0
bert/title_abstract: 28,672/52,000; reused 1024, new 0
bert/title_abstract: 29,696/52,000; reused 1024, new 0
bert/title_abstract: 30,720/52,000; reused 1024, new 0
bert/title_abstract: 31,744/52,000; reused 1024, new 0
bert/title_abstract: 32,768/52,000; reused 1024, new 0
bert/title_abstract: 33,792/52,000; reused 1024, new 0
bert/title_abstract: 34,816/52,000; reused 1024, new 0
bert/title_abstract: 35,840/52,000; reused 1024, new 0
bert/title_abstract: 36,864/52,000; reused 1024, new 0
bert/title_abstract: 37,888/52,000; reused 1024, new 0
bert/title_abstract: 38,912/52,000; reused 1024, new 0
bert/title_abstract: 39,936/52,000; reused 1024, new 0
bert/title_abstract: 40,960/52,000; reused 1024, new 0
bert/title_abstract: 41,984/52,000; reused 1024, new 0
bert/title_abstract: 43,008/52,000; reused 1024, new 0
bert/title_abstract: 44,032/52,000; reused 1024, new 0
bert/title_abstract: 45,056/52,000; reused 1024, new 0
bert/title_abstract: 46,080/52,000; reused 1024, new 0
bert/title_abstract: 47,104/52,000; reused 1024, new 0
bert/title_abstract: 48,128/52,000; reused 1024, new 0
bert/title_abstract: 49,152/52,000; reused 1024, new 0
bert/title_abstract: 50,176/52,000; reused 1024, new 0
bert/title_abstract: 51,200/52,000; reused 1024, new 0
bert/title_abstract: 52,000/52,000; reused 800, new 0
`torch_dtype` is deprecated! Use `dtype` instead!
bert/title: 1,024/52,000; reused 521, new 503
bert/title: 2,048/52,000; reused 524, new 500
bert/title: 3,072/52,000; reused 498, new 526
bert/title: 4,096/52,000; reused 521, new 503
bert/title: 5,120/52,000; reused 521, new 503
bert/title: 6,144/52,000; reused 526, new 498
bert/title: 7,168/52,000; reused 520, new 504
bert/title: 8,192/52,000; reused 499, new 525
bert/title: 9,216/52,000; reused 492, new 532
bert/title: 10,240/52,000; reused 512, new 512
bert/title: 11,264/52,000; reused 535, new 489
bert/title: 12,288/52,000; reused 527, new 497
bert/title: 13,312/52,000; reused 508, new 516
bert/title: 14,336/52,000; reused 515, new 509
bert/title: 15,360/52,000; reused 497, new 527
bert/title: 16,384/52,000; reused 543, new 481
bert/title: 17,408/52,000; reused 527, new 497
bert/title: 18,432/52,000; reused 522, new 502
bert/title: 19,456/52,000; reused 537, new 487
bert/title: 20,480/52,000; reused 531, new 493
bert/title: 21,504/52,000; reused 529, new 495
bert/title: 22,528/52,000; reused 515, new 509
bert/title: 23,552/52,000; reused 517, new 507
bert/title: 24,576/52,000; reused 510, new 514
bert/title: 25,600/52,000; reused 491, new 533
bert/title: 26,624/52,000; reused 512, new 512
bert/title: 27,648/52,000; reused 520, new 504
bert/title: 28,672/52,000; reused 510, new 514
bert/title: 29,696/52,000; reused 460, new 564
bert/title: 30,720/52,000; reused 479, new 545
bert/title: 31,744/52,000; reused 511, new 513
bert/title: 32,768/52,000; reused 487, new 537
bert/title: 33,792/52,000; reused 510, new 514
bert/title: 34,816/52,000; reused 498, new 526
bert/title: 35,840/52,000; reused 519, new 505
bert/title: 36,864/52,000; reused 496, new 528
bert/title: 37,888/52,000; reused 524, new 500
bert/title: 38,912/52,000; reused 500, new 524
bert/title: 39,936/52,000; reused 518, new 506
bert/title: 40,960/52,000; reused 517, new 507
bert/title: 41,984/52,000; reused 514, new 510
bert/title: 43,008/52,000; reused 498, new 526
bert/title: 44,032/52,000; reused 509, new 515
bert/title: 45,056/52,000; reused 523, new 501
bert/title: 46,080/52,000; reused 510, new 514
bert/title: 47,104/52,000; reused 507, new 517
bert/title: 48,128/52,000; reused 512, new 512
bert/title: 49,152/52,000; reused 520, new 504
bert/title: 50,176/52,000; reused 507, new 517
bert/title: 51,200/52,000; reused 508, new 516
bert/title: 52,000/52,000; reused 393, new 407
bert/abstract: 1,024/52,000; reused 521, new 503
bert/abstract: 2,048/52,000; reused 524, new 500
bert/abstract: 3,072/52,000; reused 498, new 526
bert/abstract: 4,096/52,000; reused 521, new 503
bert/abstract: 5,120/52,000; reused 521, new 503
bert/abstract: 6,144/52,000; reused 526, new 498
bert/abstract: 7,168/52,000; reused 520, new 504
bert/abstract: 8,192/52,000; reused 499, new 525
bert/abstract: 9,216/52,000; reused 492, new 532
bert/abstract: 10,240/52,000; reused 512, new 512
bert/abstract: 11,264/52,000; reused 535, new 489
bert/abstract: 12,288/52,000; reused 527, new 497
bert/abstract: 13,312/52,000; reused 508, new 516
bert/abstract: 14,336/52,000; reused 515, new 509
bert/abstract: 15,360/52,000; reused 497, new 527
bert/abstract: 16,384/52,000; reused 543, new 481
bert/abstract: 17,408/52,000; reused 527, new 497
bert/abstract: 18,432/52,000; reused 522, new 502
bert/abstract: 19,456/52,000; reused 537, new 487
bert/abstract: 20,480/52,000; reused 531, new 493
bert/abstract: 21,504/52,000; reused 529, new 495
bert/abstract: 22,528/52,000; reused 515, new 509
bert/abstract: 23,552/52,000; reused 517, new 507
bert/abstract: 24,576/52,000; reused 510, new 514
bert/abstract: 25,600/52,000; reused 491, new 533
bert/abstract: 26,624/52,000; reused 512, new 512
bert/abstract: 27,648/52,000; reused 520, new 504
bert/abstract: 28,672/52,000; reused 510, new 514
bert/abstract: 29,696/52,000; reused 460, new 564
bert/abstract: 30,720/52,000; reused 479, new 545
bert/abstract: 31,744/52,000; reused 511, new 513
bert/abstract: 32,768/52,000; reused 487, new 537
bert/abstract: 33,792/52,000; reused 510, new 514
bert/abstract: 34,816/52,000; reused 498, new 526
bert/abstract: 35,840/52,000; reused 519, new 505
bert/abstract: 36,864/52,000; reused 496, new 528
bert/abstract: 37,888/52,000; reused 524, new 500
bert/abstract: 38,912/52,000; reused 500, new 524
bert/abstract: 39,936/52,000; reused 518, new 506
bert/abstract: 40,960/52,000; reused 517, new 507
bert/abstract: 41,984/52,000; reused 514, new 510
bert/abstract: 43,008/52,000; reused 498, new 526
bert/abstract: 44,032/52,000; reused 509, new 515
bert/abstract: 45,056/52,000; reused 523, new 501
bert/abstract: 46,080/52,000; reused 510, new 514
bert/abstract: 47,104/52,000; reused 507, new 517
bert/abstract: 48,128/52,000; reused 512, new 512
bert/abstract: 49,152/52,000; reused 520, new 504
bert/abstract: 50,176/52,000; reused 507, new 517
bert/abstract: 51,200/52,000; reused 508, new 516
bert/abstract: 52,000/52,000; reused 393, new 407
mpnet/title_abstract: 1,024/52,000; reused 1024, new 0
mpnet/title_abstract: 2,048/52,000; reused 1024, new 0
mpnet/title_abstract: 3,072/52,000; reused 1024, new 0
mpnet/title_abstract: 4,096/52,000; reused 1024, new 0
mpnet/title_abstract: 5,120/52,000; reused 1024, new 0
mpnet/title_abstract: 6,144/52,000; reused 1024, new 0
mpnet/title_abstract: 7,168/52,000; reused 1024, new 0
mpnet/title_abstract: 8,192/52,000; reused 1024, new 0
mpnet/title_abstract: 9,216/52,000; reused 1024, new 0
mpnet/title_abstract: 10,240/52,000; reused 1024, new 0
mpnet/title_abstract: 11,264/52,000; reused 1024, new 0
mpnet/title_abstract: 12,288/52,000; reused 1024, new 0
mpnet/title_abstract: 13,312/52,000; reused 1024, new 0
mpnet/title_abstract: 14,336/52,000; reused 1024, new 0
mpnet/title_abstract: 15,360/52,000; reused 1024, new 0
mpnet/title_abstract: 16,384/52,000; reused 1024, new 0
mpnet/title_abstract: 17,408/52,000; reused 1024, new 0
mpnet/title_abstract: 18,432/52,000; reused 1024, new 0
mpnet/title_abstract: 19,456/52,000; reused 1024, new 0
mpnet/title_abstract: 20,480/52,000; reused 1024, new 0
mpnet/title_abstract: 21,504/52,000; reused 1024, new 0
mpnet/title_abstract: 22,528/52,000; reused 1024, new 0
mpnet/title_abstract: 23,552/52,000; reused 1024, new 0
mpnet/title_abstract: 24,576/52,000; reused 1024, new 0
mpnet/title_abstract: 25,600/52,000; reused 1024, new 0
mpnet/title_abstract: 26,624/52,000; reused 1024, new 0
mpnet/title_abstract: 27,648/52,000; reused 1024, new 0
mpnet/title_abstract: 28,672/52,000; reused 1024, new 0
mpnet/title_abstract: 29,696/52,000; reused 1024, new 0
mpnet/title_abstract: 30,720/52,000; reused 1024, new 0
mpnet/title_abstract: 31,744/52,000; reused 1024, new 0
mpnet/title_abstract: 32,768/52,000; reused 1024, new 0
mpnet/title_abstract: 33,792/52,000; reused 1024, new 0
mpnet/title_abstract: 34,816/52,000; reused 1024, new 0
mpnet/title_abstract: 35,840/52,000; reused 1024, new 0
mpnet/title_abstract: 36,864/52,000; reused 1024, new 0
mpnet/title_abstract: 37,888/52,000; reused 1024, new 0
mpnet/title_abstract: 38,912/52,000; reused 1024, new 0
mpnet/title_abstract: 39,936/52,000; reused 1024, new 0
mpnet/title_abstract: 40,960/52,000; reused 1024, new 0
mpnet/title_abstract: 41,984/52,000; reused 1024, new 0
mpnet/title_abstract: 43,008/52,000; reused 1024, new 0
mpnet/title_abstract: 44,032/52,000; reused 1024, new 0
mpnet/title_abstract: 45,056/52,000; reused 1024, new 0
mpnet/title_abstract: 46,080/52,000; reused 1024, new 0
mpnet/title_abstract: 47,104/52,000; reused 1024, new 0
mpnet/title_abstract: 48,128/52,000; reused 1024, new 0
mpnet/title_abstract: 49,152/52,000; reused 1024, new 0
mpnet/title_abstract: 50,176/52,000; reused 1024, new 0
mpnet/title_abstract: 51,200/52,000; reused 1024, new 0
mpnet/title_abstract: 52,000/52,000; reused 800, new 0
`torch_dtype` is deprecated! Use `dtype` instead!
mpnet/title: 1,024/52,000; reused 521, new 503
mpnet/title: 2,048/52,000; reused 524, new 500
mpnet/title: 3,072/52,000; reused 498, new 526
mpnet/title: 4,096/52,000; reused 521, new 503
mpnet/title: 5,120/52,000; reused 521, new 503
mpnet/title: 6,144/52,000; reused 526, new 498
mpnet/title: 7,168/52,000; reused 520, new 504
mpnet/title: 8,192/52,000; reused 499, new 525
mpnet/title: 9,216/52,000; reused 492, new 532
mpnet/title: 10,240/52,000; reused 512, new 512
mpnet/title: 11,264/52,000; reused 535, new 489
mpnet/title: 12,288/52,000; reused 527, new 497
mpnet/title: 13,312/52,000; reused 508, new 516
mpnet/title: 14,336/52,000; reused 515, new 509
mpnet/title: 15,360/52,000; reused 497, new 527
mpnet/title: 16,384/52,000; reused 543, new 481
mpnet/title: 17,408/52,000; reused 527, new 497
mpnet/title: 18,432/52,000; reused 522, new 502
mpnet/title: 19,456/52,000; reused 537, new 487
mpnet/title: 20,480/52,000; reused 531, new 493
mpnet/title: 21,504/52,000; reused 529, new 495
mpnet/title: 22,528/52,000; reused 515, new 509
mpnet/title: 23,552/52,000; reused 517, new 507
mpnet/title: 24,576/52,000; reused 510, new 514
mpnet/title: 25,600/52,000; reused 491, new 533
mpnet/title: 26,624/52,000; reused 512, new 512
mpnet/title: 27,648/52,000; reused 520, new 504
mpnet/title: 28,672/52,000; reused 510, new 514
mpnet/title: 29,696/52,000; reused 460, new 564
mpnet/title: 30,720/52,000; reused 479, new 545
mpnet/title: 31,744/52,000; reused 511, new 513
mpnet/title: 32,768/52,000; reused 487, new 537
mpnet/title: 33,792/52,000; reused 510, new 514
mpnet/title: 34,816/52,000; reused 498, new 526
mpnet/title: 35,840/52,000; reused 519, new 505
mpnet/title: 36,864/52,000; reused 496, new 528
mpnet/title: 37,888/52,000; reused 524, new 500
mpnet/title: 38,912/52,000; reused 500, new 524
mpnet/title: 39,936/52,000; reused 518, new 506
mpnet/title: 40,960/52,000; reused 517, new 507
mpnet/title: 41,984/52,000; reused 514, new 510
mpnet/title: 43,008/52,000; reused 498, new 526
mpnet/title: 44,032/52,000; reused 509, new 515
mpnet/title: 45,056/52,000; reused 523, new 501
mpnet/title: 46,080/52,000; reused 510, new 514
mpnet/title: 47,104/52,000; reused 507, new 517
mpnet/title: 48,128/52,000; reused 512, new 512
mpnet/title: 49,152/52,000; reused 520, new 504
mpnet/title: 50,176/52,000; reused 507, new 517
mpnet/title: 51,200/52,000; reused 508, new 516
mpnet/title: 52,000/52,000; reused 393, new 407
mpnet/abstract: 1,024/52,000; reused 521, new 503
mpnet/abstract: 2,048/52,000; reused 524, new 500
mpnet/abstract: 3,072/52,000; reused 498, new 526
mpnet/abstract: 4,096/52,000; reused 521, new 503
mpnet/abstract: 5,120/52,000; reused 521, new 503
mpnet/abstract: 6,144/52,000; reused 526, new 498
mpnet/abstract: 7,168/52,000; reused 520, new 504
mpnet/abstract: 8,192/52,000; reused 499, new 525
mpnet/abstract: 9,216/52,000; reused 492, new 532
mpnet/abstract: 10,240/52,000; reused 512, new 512
mpnet/abstract: 11,264/52,000; reused 535, new 489
mpnet/abstract: 12,288/52,000; reused 527, new 497
mpnet/abstract: 13,312/52,000; reused 508, new 516
mpnet/abstract: 14,336/52,000; reused 515, new 509
mpnet/abstract: 15,360/52,000; reused 497, new 527
mpnet/abstract: 16,384/52,000; reused 543, new 481
mpnet/abstract: 17,408/52,000; reused 527, new 497
mpnet/abstract: 18,432/52,000; reused 522, new 502
mpnet/abstract: 19,456/52,000; reused 537, new 487
mpnet/abstract: 20,480/52,000; reused 531, new 493
mpnet/abstract: 21,504/52,000; reused 529, new 495
mpnet/abstract: 22,528/52,000; reused 515, new 509
mpnet/abstract: 23,552/52,000; reused 517, new 507
mpnet/abstract: 24,576/52,000; reused 510, new 514
mpnet/abstract: 25,600/52,000; reused 491, new 533
mpnet/abstract: 26,624/52,000; reused 512, new 512
mpnet/abstract: 27,648/52,000; reused 520, new 504
mpnet/abstract: 28,672/52,000; reused 510, new 514
mpnet/abstract: 29,696/52,000; reused 460, new 564
mpnet/abstract: 30,720/52,000; reused 479, new 545
mpnet/abstract: 31,744/52,000; reused 511, new 513
mpnet/abstract: 32,768/52,000; reused 487, new 537
mpnet/abstract: 33,792/52,000; reused 510, new 514
mpnet/abstract: 34,816/52,000; reused 498, new 526
mpnet/abstract: 35,840/52,000; reused 519, new 505
mpnet/abstract: 36,864/52,000; reused 496, new 528
mpnet/abstract: 37,888/52,000; reused 524, new 500
mpnet/abstract: 38,912/52,000; reused 500, new 524
mpnet/abstract: 39,936/52,000; reused 518, new 506
mpnet/abstract: 40,960/52,000; reused 517, new 507
mpnet/abstract: 41,984/52,000; reused 514, new 510
mpnet/abstract: 43,008/52,000; reused 498, new 526
mpnet/abstract: 44,032/52,000; reused 509, new 515
mpnet/abstract: 45,056/52,000; reused 523, new 501
mpnet/abstract: 46,080/52,000; reused 510, new 514
mpnet/abstract: 47,104/52,000; reused 507, new 517
mpnet/abstract: 48,128/52,000; reused 512, new 512
mpnet/abstract: 49,152/52,000; reused 520, new 504
mpnet/abstract: 50,176/52,000; reused 507, new 517
mpnet/abstract: 51,200/52,000; reused 508, new 516
mpnet/abstract: 52,000/52,000; reused 393, new 407
minilm/title_abstract: 1,024/52,000; reused 1024, new 0
minilm/title_abstract: 2,048/52,000; reused 1024, new 0
minilm/title_abstract: 3,072/52,000; reused 1024, new 0
minilm/title_abstract: 4,096/52,000; reused 1024, new 0
minilm/title_abstract: 5,120/52,000; reused 1024, new 0
minilm/title_abstract: 6,144/52,000; reused 1024, new 0
minilm/title_abstract: 7,168/52,000; reused 1024, new 0
minilm/title_abstract: 8,192/52,000; reused 1024, new 0
minilm/title_abstract: 9,216/52,000; reused 1024, new 0
minilm/title_abstract: 10,240/52,000; reused 1024, new 0
minilm/title_abstract: 11,264/52,000; reused 1024, new 0
minilm/title_abstract: 12,288/52,000; reused 1024, new 0
minilm/title_abstract: 13,312/52,000; reused 1024, new 0
minilm/title_abstract: 14,336/52,000; reused 1024, new 0
minilm/title_abstract: 15,360/52,000; reused 1024, new 0
minilm/title_abstract: 16,384/52,000; reused 1024, new 0
minilm/title_abstract: 17,408/52,000; reused 1024, new 0
minilm/title_abstract: 18,432/52,000; reused 1024, new 0
minilm/title_abstract: 19,456/52,000; reused 1024, new 0
minilm/title_abstract: 20,480/52,000; reused 1024, new 0
minilm/title_abstract: 21,504/52,000; reused 1024, new 0
minilm/title_abstract: 22,528/52,000; reused 1024, new 0
minilm/title_abstract: 23,552/52,000; reused 1024, new 0
minilm/title_abstract: 24,576/52,000; reused 1024, new 0
minilm/title_abstract: 25,600/52,000; reused 1024, new 0
minilm/title_abstract: 26,624/52,000; reused 1024, new 0
minilm/title_abstract: 27,648/52,000; reused 1024, new 0
minilm/title_abstract: 28,672/52,000; reused 1024, new 0
minilm/title_abstract: 29,696/52,000; reused 1024, new 0
minilm/title_abstract: 30,720/52,000; reused 1024, new 0
minilm/title_abstract: 31,744/52,000; reused 1024, new 0
minilm/title_abstract: 32,768/52,000; reused 1024, new 0
minilm/title_abstract: 33,792/52,000; reused 1024, new 0
minilm/title_abstract: 34,816/52,000; reused 1024, new 0
minilm/title_abstract: 35,840/52,000; reused 1024, new 0
minilm/title_abstract: 36,864/52,000; reused 1024, new 0
minilm/title_abstract: 37,888/52,000; reused 1024, new 0
minilm/title_abstract: 38,912/52,000; reused 1024, new 0
minilm/title_abstract: 39,936/52,000; reused 1024, new 0
minilm/title_abstract: 40,960/52,000; reused 1024, new 0
minilm/title_abstract: 41,984/52,000; reused 1024, new 0
minilm/title_abstract: 43,008/52,000; reused 1024, new 0
minilm/title_abstract: 44,032/52,000; reused 1024, new 0
minilm/title_abstract: 45,056/52,000; reused 1024, new 0
minilm/title_abstract: 46,080/52,000; reused 1024, new 0
minilm/title_abstract: 47,104/52,000; reused 1024, new 0
minilm/title_abstract: 48,128/52,000; reused 1024, new 0
minilm/title_abstract: 49,152/52,000; reused 1024, new 0
minilm/title_abstract: 50,176/52,000; reused 1024, new 0
minilm/title_abstract: 51,200/52,000; reused 1024, new 0
minilm/title_abstract: 52,000/52,000; reused 800, new 0
`torch_dtype` is deprecated! Use `dtype` instead!
minilm/title: 3,072/52,000; reused 498, new 526
minilm/title: 4,096/52,000; reused 521, new 503
minilm/title: 5,120/52,000; reused 521, new 503
minilm/title: 6,144/52,000; reused 526, new 498
minilm/title: 7,168/52,000; reused 520, new 504
minilm/title: 8,192/52,000; reused 499, new 525
minilm/title: 9,216/52,000; reused 492, new 532
minilm/title: 10,240/52,000; reused 512, new 512
minilm/title: 11,264/52,000; reused 535, new 489
minilm/title: 12,288/52,000; reused 527, new 497
minilm/title: 13,312/52,000; reused 508, new 516
minilm/title: 14,336/52,000; reused 515, new 509
minilm/title: 15,360/52,000; reused 497, new 527
minilm/title: 16,384/52,000; reused 543, new 481
minilm/title: 17,408/52,000; reused 527, new 497
minilm/title: 18,432/52,000; reused 522, new 502
minilm/title: 19,456/52,000; reused 537, new 487
minilm/title: 20,480/52,000; reused 531, new 493
minilm/title: 21,504/52,000; reused 529, new 495
minilm/title: 22,528/52,000; reused 515, new 509
minilm/title: 23,552/52,000; reused 517, new 507
minilm/title: 24,576/52,000; reused 510, new 514
minilm/title: 25,600/52,000; reused 491, new 533
minilm/title: 26,624/52,000; reused 512, new 512
minilm/title: 27,648/52,000; reused 520, new 504
minilm/title: 28,672/52,000; reused 510, new 514
minilm/title: 29,696/52,000; reused 460, new 564
minilm/title: 30,720/52,000; reused 479, new 545
minilm/title: 31,744/52,000; reused 511, new 513
minilm/title: 32,768/52,000; reused 487, new 537
minilm/title: 33,792/52,000; reused 510, new 514
minilm/title: 34,816/52,000; reused 498, new 526
minilm/title: 35,840/52,000; reused 519, new 505
minilm/title: 36,864/52,000; reused 496, new 528
minilm/title: 37,888/52,000; reused 524, new 500
minilm/title: 38,912/52,000; reused 500, new 524
minilm/title: 39,936/52,000; reused 518, new 506
minilm/title: 40,960/52,000; reused 517, new 507
minilm/title: 41,984/52,000; reused 514, new 510
minilm/title: 43,008/52,000; reused 498, new 526
minilm/title: 44,032/52,000; reused 509, new 515
minilm/title: 45,056/52,000; reused 523, new 501
minilm/title: 46,080/52,000; reused 510, new 514
minilm/title: 47,104/52,000; reused 507, new 517
minilm/title: 48,128/52,000; reused 512, new 512
minilm/title: 49,152/52,000; reused 520, new 504
minilm/title: 50,176/52,000; reused 507, new 517
minilm/title: 51,200/52,000; reused 508, new 516
minilm/title: 52,000/52,000; reused 393, new 407
minilm/abstract: 1,024/52,000; reused 521, new 503
minilm/abstract: 2,048/52,000; reused 524, new 500
minilm/abstract: 3,072/52,000; reused 498, new 526
minilm/abstract: 4,096/52,000; reused 521, new 503
minilm/abstract: 5,120/52,000; reused 521, new 503
minilm/abstract: 6,144/52,000; reused 526, new 498
minilm/abstract: 7,168/52,000; reused 520, new 504
minilm/abstract: 8,192/52,000; reused 499, new 525
minilm/abstract: 9,216/52,000; reused 492, new 532
minilm/abstract: 10,240/52,000; reused 512, new 512
minilm/abstract: 11,264/52,000; reused 535, new 489
minilm/abstract: 12,288/52,000; reused 527, new 497
minilm/abstract: 13,312/52,000; reused 508, new 516
minilm/abstract: 14,336/52,000; reused 515, new 509
minilm/abstract: 15,360/52,000; reused 497, new 527
minilm/abstract: 16,384/52,000; reused 543, new 481
minilm/abstract: 17,408/52,000; reused 527, new 497
minilm/abstract: 18,432/52,000; reused 522, new 502
minilm/abstract: 19,456/52,000; reused 537, new 487
minilm/abstract: 20,480/52,000; reused 531, new 493
minilm/abstract: 21,504/52,000; reused 529, new 495
minilm/abstract: 22,528/52,000; reused 515, new 509
minilm/abstract: 23,552/52,000; reused 517, new 507
minilm/abstract: 24,576/52,000; reused 510, new 514
minilm/abstract: 25,600/52,000; reused 491, new 533
minilm/abstract: 26,624/52,000; reused 512, new 512
minilm/abstract: 27,648/52,000; reused 520, new 504
minilm/abstract: 28,672/52,000; reused 510, new 514
minilm/abstract: 29,696/52,000; reused 460, new 564
minilm/abstract: 30,720/52,000; reused 479, new 545
minilm/abstract: 31,744/52,000; reused 511, new 513
minilm/abstract: 32,768/52,000; reused 487, new 537
minilm/abstract: 33,792/52,000; reused 510, new 514
minilm/abstract: 34,816/52,000; reused 498, new 526
minilm/abstract: 35,840/52,000; reused 519, new 505
minilm/abstract: 36,864/52,000; reused 496, new 528
minilm/abstract: 37,888/52,000; reused 524, new 500
minilm/abstract: 38,912/52,000; reused 500, new 524
minilm/abstract: 39,936/52,000; reused 518, new 506
minilm/abstract: 40,960/52,000; reused 517, new 507
minilm/abstract: 41,984/52,000; reused 514, new 510
minilm/abstract: 43,008/52,000; reused 498, new 526
minilm/abstract: 44,032/52,000; reused 509, new 515
minilm/abstract: 45,056/52,000; reused 523, new 501
minilm/abstract: 46,080/52,000; reused 510, new 514
minilm/abstract: 47,104/52,000; reused 507, new 517
minilm/abstract: 48,128/52,000; reused 512, new 512
minilm/abstract: 49,152/52,000; reused 520, new 504
minilm/abstract: 50,176/52,000; reused 507, new 517
minilm/abstract: 51,200/52,000; reused 508, new 516
minilm/abstract: 52,000/52,000; reused 393, new 407
pubmedbert/title_abstract: 1,024/52,000; reused 1024, new 0
pubmedbert/title_abstract: 2,048/52,000; reused 1024, new 0
pubmedbert/title_abstract: 3,072/52,000; reused 1024, new 0
pubmedbert/title_abstract: 4,096/52,000; reused 1024, new 0
pubmedbert/title_abstract: 5,120/52,000; reused 1024, new 0
pubmedbert/title_abstract: 6,144/52,000; reused 1024, new 0
pubmedbert/title_abstract: 7,168/52,000; reused 1024, new 0
pubmedbert/title_abstract: 8,192/52,000; reused 1024, new 0
pubmedbert/title_abstract: 9,216/52,000; reused 1024, new 0
pubmedbert/title_abstract: 10,240/52,000; reused 1024, new 0
pubmedbert/title_abstract: 11,264/52,000; reused 1024, new 0
pubmedbert/title_abstract: 12,288/52,000; reused 1024, new 0
pubmedbert/title_abstract: 13,312/52,000; reused 1024, new 0
pubmedbert/title_abstract: 14,336/52,000; reused 1024, new 0
pubmedbert/title_abstract: 15,360/52,000; reused 1024, new 0
pubmedbert/title_abstract: 16,384/52,000; reused 1024, new 0
pubmedbert/title_abstract: 17,408/52,000; reused 1024, new 0
pubmedbert/title_abstract: 18,432/52,000; reused 1024, new 0
pubmedbert/title_abstract: 19,456/52,000; reused 1024, new 0
pubmedbert/title_abstract: 20,480/52,000; reused 1024, new 0
pubmedbert/title_abstract: 21,504/52,000; reused 1024, new 0
pubmedbert/title_abstract: 22,528/52,000; reused 1024, new 0
pubmedbert/title_abstract: 23,552/52,000; reused 1024, new 0
pubmedbert/title_abstract: 24,576/52,000; reused 1024, new 0
pubmedbert/title_abstract: 25,600/52,000; reused 1024, new 0
pubmedbert/title_abstract: 26,624/52,000; reused 1024, new 0
pubmedbert/title_abstract: 27,648/52,000; reused 1024, new 0
pubmedbert/title_abstract: 28,672/52,000; reused 1024, new 0
pubmedbert/title_abstract: 29,696/52,000; reused 1024, new 0
pubmedbert/title_abstract: 30,720/52,000; reused 1024, new 0
pubmedbert/title_abstract: 31,744/52,000; reused 1024, new 0
pubmedbert/title_abstract: 32,768/52,000; reused 1024, new 0
pubmedbert/title_abstract: 33,792/52,000; reused 1024, new 0
pubmedbert/title_abstract: 34,816/52,000; reused 1024, new 0
pubmedbert/title_abstract: 35,840/52,000; reused 1024, new 0
pubmedbert/title_abstract: 36,864/52,000; reused 1024, new 0
pubmedbert/title_abstract: 37,888/52,000; reused 1024, new 0
pubmedbert/title_abstract: 38,912/52,000; reused 1024, new 0
pubmedbert/title_abstract: 39,936/52,000; reused 1024, new 0
pubmedbert/title_abstract: 40,960/52,000; reused 1024, new 0
pubmedbert/title_abstract: 41,984/52,000; reused 1024, new 0
pubmedbert/title_abstract: 43,008/52,000; reused 1024, new 0
pubmedbert/title_abstract: 44,032/52,000; reused 1024, new 0
pubmedbert/title_abstract: 45,056/52,000; reused 1024, new 0
pubmedbert/title_abstract: 46,080/52,000; reused 1024, new 0
pubmedbert/title_abstract: 47,104/52,000; reused 1024, new 0
pubmedbert/title_abstract: 48,128/52,000; reused 1024, new 0
pubmedbert/title_abstract: 49,152/52,000; reused 1024, new 0
pubmedbert/title_abstract: 50,176/52,000; reused 1024, new 0
pubmedbert/title_abstract: 51,200/52,000; reused 1024, new 0
pubmedbert/title_abstract: 52,000/52,000; reused 800, new 0
`torch_dtype` is deprecated! Use `dtype` instead!
pubmedbert/title: 1,024/52,000; reused 521, new 503
pubmedbert/title: 2,048/52,000; reused 524, new 500
pubmedbert/title: 3,072/52,000; reused 498, new 526
pubmedbert/title: 4,096/52,000; reused 521, new 503
pubmedbert/title: 5,120/52,000; reused 521, new 503
pubmedbert/title: 6,144/52,000; reused 526, new 498
pubmedbert/title: 7,168/52,000; reused 520, new 504
pubmedbert/title: 8,192/52,000; reused 499, new 525
pubmedbert/title: 9,216/52,000; reused 492, new 532
pubmedbert/title: 10,240/52,000; reused 512, new 512
pubmedbert/title: 11,264/52,000; reused 535, new 489
pubmedbert/title: 12,288/52,000; reused 527, new 497
pubmedbert/title: 13,312/52,000; reused 508, new 516
pubmedbert/title: 14,336/52,000; reused 515, new 509
pubmedbert/title: 15,360/52,000; reused 497, new 527
pubmedbert/title: 16,384/52,000; reused 543, new 481
pubmedbert/title: 17,408/52,000; reused 527, new 497
pubmedbert/title: 18,432/52,000; reused 522, new 502
pubmedbert/title: 19,456/52,000; reused 537, new 487
pubmedbert/title: 20,480/52,000; reused 531, new 493
pubmedbert/title: 21,504/52,000; reused 529, new 495
pubmedbert/title: 22,528/52,000; reused 515, new 509
pubmedbert/title: 23,552/52,000; reused 517, new 507
pubmedbert/title: 24,576/52,000; reused 510, new 514
pubmedbert/title: 25,600/52,000; reused 491, new 533
pubmedbert/title: 26,624/52,000; reused 512, new 512
pubmedbert/title: 27,648/52,000; reused 520, new 504
pubmedbert/title: 28,672/52,000; reused 510, new 514
pubmedbert/title: 29,696/52,000; reused 460, new 564
pubmedbert/title: 30,720/52,000; reused 479, new 545
pubmedbert/title: 31,744/52,000; reused 511, new 513
pubmedbert/title: 32,768/52,000; reused 487, new 537
pubmedbert/title: 33,792/52,000; reused 510, new 514
pubmedbert/title: 34,816/52,000; reused 498, new 526
pubmedbert/title: 35,840/52,000; reused 519, new 505
pubmedbert/title: 36,864/52,000; reused 496, new 528
pubmedbert/title: 37,888/52,000; reused 524, new 500
pubmedbert/title: 38,912/52,000; reused 500, new 524
pubmedbert/title: 39,936/52,000; reused 518, new 506
pubmedbert/title: 40,960/52,000; reused 517, new 507
pubmedbert/title: 41,984/52,000; reused 514, new 510
pubmedbert/title: 43,008/52,000; reused 498, new 526
pubmedbert/title: 44,032/52,000; reused 509, new 515
pubmedbert/title: 45,056/52,000; reused 523, new 501
pubmedbert/title: 46,080/52,000; reused 510, new 514
pubmedbert/title: 47,104/52,000; reused 507, new 517
pubmedbert/title: 48,128/52,000; reused 512, new 512
pubmedbert/title: 49,152/52,000; reused 520, new 504
pubmedbert/title: 50,176/52,000; reused 507, new 517
pubmedbert/title: 51,200/52,000; reused 508, new 516
pubmedbert/title: 52,000/52,000; reused 393, new 407
pubmedbert/abstract: 1,024/52,000; reused 521, new 503
pubmedbert/abstract: 2,048/52,000; reused 524, new 500
pubmedbert/abstract: 3,072/52,000; reused 498, new 526
pubmedbert/abstract: 4,096/52,000; reused 521, new 503
pubmedbert/abstract: 5,120/52,000; reused 521, new 503
pubmedbert/abstract: 6,144/52,000; reused 526, new 498
pubmedbert/abstract: 7,168/52,000; reused 520, new 504
pubmedbert/abstract: 8,192/52,000; reused 499, new 525
pubmedbert/abstract: 9,216/52,000; reused 492, new 532
pubmedbert/abstract: 10,240/52,000; reused 512, new 512
pubmedbert/abstract: 11,264/52,000; reused 535, new 489
pubmedbert/abstract: 12,288/52,000; reused 527, new 497
pubmedbert/abstract: 13,312/52,000; reused 508, new 516
pubmedbert/abstract: 14,336/52,000; reused 515, new 509
pubmedbert/abstract: 15,360/52,000; reused 497, new 527
pubmedbert/abstract: 16,384/52,000; reused 543, new 481
pubmedbert/abstract: 17,408/52,000; reused 527, new 497
pubmedbert/abstract: 18,432/52,000; reused 522, new 502
pubmedbert/abstract: 19,456/52,000; reused 537, new 487
pubmedbert/abstract: 20,480/52,000; reused 531, new 493
pubmedbert/abstract: 21,504/52,000; reused 529, new 495
pubmedbert/abstract: 22,528/52,000; reused 515, new 509
pubmedbert/abstract: 23,552/52,000; reused 517, new 507
pubmedbert/abstract: 24,576/52,000; reused 510, new 514
pubmedbert/abstract: 25,600/52,000; reused 491, new 533
pubmedbert/abstract: 26,624/52,000; reused 512, new 512
pubmedbert/abstract: 27,648/52,000; reused 520, new 504
pubmedbert/abstract: 28,672/52,000; reused 510, new 514
pubmedbert/abstract: 29,696/52,000; reused 460, new 564
pubmedbert/abstract: 30,720/52,000; reused 479, new 545
pubmedbert/abstract: 31,744/52,000; reused 511, new 513
pubmedbert/abstract: 32,768/52,000; reused 487, new 537
pubmedbert/abstract: 33,792/52,000; reused 510, new 514
pubmedbert/abstract: 34,816/52,000; reused 498, new 526
pubmedbert/abstract: 35,840/52,000; reused 519, new 505
pubmedbert/abstract: 36,864/52,000; reused 496, new 528
pubmedbert/abstract: 37,888/52,000; reused 524, new 500
pubmedbert/abstract: 38,912/52,000; reused 500, new 524
pubmedbert/abstract: 39,936/52,000; reused 518, new 506
pubmedbert/abstract: 40,960/52,000; reused 517, new 507
pubmedbert/abstract: 41,984/52,000; reused 514, new 510
pubmedbert/abstract: 43,008/52,000; reused 498, new 526
pubmedbert/abstract: 44,032/52,000; reused 509, new 515
pubmedbert/abstract: 45,056/52,000; reused 523, new 501
pubmedbert/abstract: 46,080/52,000; reused 510, new 514
pubmedbert/abstract: 47,104/52,000; reused 507, new 517
pubmedbert/abstract: 48,128/52,000; reused 512, new 512
pubmedbert/abstract: 49,152/52,000; reused 520, new 504
pubmedbert/abstract: 50,176/52,000; reused 507, new 517
pubmedbert/abstract: 51,200/52,000; reused 508, new 516
pubmedbert/abstract: 52,000/52,000; reused 393, new 407
biobert/title_abstract: 1,024/52,000; reused 1024, new 0
biobert/title_abstract: 2,048/52,000; reused 1024, new 0
biobert/title_abstract: 3,072/52,000; reused 1024, new 0
biobert/title_abstract: 4,096/52,000; reused 1024, new 0
biobert/title_abstract: 5,120/52,000; reused 1024, new 0
biobert/title_abstract: 6,144/52,000; reused 1024, new 0
biobert/title_abstract: 7,168/52,000; reused 1024, new 0
biobert/title_abstract: 8,192/52,000; reused 1024, new 0
biobert/title_abstract: 9,216/52,000; reused 1024, new 0
biobert/title_abstract: 10,240/52,000; reused 1024, new 0
biobert/title_abstract: 11,264/52,000; reused 1024, new 0
biobert/title_abstract: 12,288/52,000; reused 1024, new 0
biobert/title_abstract: 13,312/52,000; reused 1024, new 0
biobert/title_abstract: 14,336/52,000; reused 1024, new 0
biobert/title_abstract: 15,360/52,000; reused 1024, new 0
biobert/title_abstract: 16,384/52,000; reused 1024, new 0
biobert/title_abstract: 17,408/52,000; reused 1024, new 0
biobert/title_abstract: 18,432/52,000; reused 1024, new 0
biobert/title_abstract: 19,456/52,000; reused 1024, new 0
biobert/title_abstract: 20,480/52,000; reused 1024, new 0
biobert/title_abstract: 21,504/52,000; reused 1024, new 0
biobert/title_abstract: 22,528/52,000; reused 1024, new 0
biobert/title_abstract: 23,552/52,000; reused 1024, new 0
biobert/title_abstract: 24,576/52,000; reused 1024, new 0
biobert/title_abstract: 25,600/52,000; reused 1024, new 0
biobert/title_abstract: 26,624/52,000; reused 1024, new 0
biobert/title_abstract: 27,648/52,000; reused 1024, new 0
biobert/title_abstract: 28,672/52,000; reused 1024, new 0
biobert/title_abstract: 29,696/52,000; reused 1024, new 0
biobert/title_abstract: 30,720/52,000; reused 1024, new 0
biobert/title_abstract: 31,744/52,000; reused 1024, new 0
biobert/title_abstract: 32,768/52,000; reused 1024, new 0
biobert/title_abstract: 33,792/52,000; reused 1024, new 0
biobert/title_abstract: 34,816/52,000; reused 1024, new 0
biobert/title_abstract: 35,840/52,000; reused 1024, new 0
biobert/title_abstract: 36,864/52,000; reused 1024, new 0
biobert/title_abstract: 37,888/52,000; reused 1024, new 0
biobert/title_abstract: 38,912/52,000; reused 1024, new 0
biobert/title_abstract: 39,936/52,000; reused 1024, new 0
biobert/title_abstract: 40,960/52,000; reused 1024, new 0
biobert/title_abstract: 41,984/52,000; reused 1024, new 0
biobert/title_abstract: 43,008/52,000; reused 1024, new 0
biobert/title_abstract: 44,032/52,000; reused 1024, new 0
biobert/title_abstract: 45,056/52,000; reused 1024, new 0
biobert/title_abstract: 46,080/52,000; reused 1024, new 0
biobert/title_abstract: 47,104/52,000; reused 1024, new 0
biobert/title_abstract: 48,128/52,000; reused 1024, new 0
biobert/title_abstract: 49,152/52,000; reused 1024, new 0
biobert/title_abstract: 50,176/52,000; reused 1024, new 0
biobert/title_abstract: 51,200/52,000; reused 1024, new 0
biobert/title_abstract: 52,000/52,000; reused 800, new 0
`torch_dtype` is deprecated! Use `dtype` instead!
biobert/title: 1,024/52,000; reused 521, new 503
biobert/title: 2,048/52,000; reused 524, new 500
biobert/title: 3,072/52,000; reused 498, new 526
biobert/title: 4,096/52,000; reused 521, new 503
biobert/title: 5,120/52,000; reused 521, new 503
biobert/title: 6,144/52,000; reused 526, new 498
biobert/title: 7,168/52,000; reused 520, new 504
biobert/title: 8,192/52,000; reused 499, new 525
biobert/title: 9,216/52,000; reused 492, new 532
biobert/title: 10,240/52,000; reused 512, new 512
biobert/title: 11,264/52,000; reused 535, new 489
biobert/title: 12,288/52,000; reused 527, new 497
biobert/title: 13,312/52,000; reused 508, new 516
biobert/title: 14,336/52,000; reused 515, new 509
biobert/title: 15,360/52,000; reused 497, new 527
biobert/title: 16,384/52,000; reused 543, new 481
biobert/title: 17,408/52,000; reused 527, new 497
biobert/title: 18,432/52,000; reused 522, new 502
biobert/title: 19,456/52,000; reused 537, new 487
biobert/title: 20,480/52,000; reused 531, new 493
biobert/title: 21,504/52,000; reused 529, new 495
biobert/title: 22,528/52,000; reused 515, new 509
biobert/title: 23,552/52,000; reused 517, new 507
biobert/title: 24,576/52,000; reused 510, new 514
biobert/title: 25,600/52,000; reused 491, new 533
biobert/title: 26,624/52,000; reused 512, new 512
biobert/title: 27,648/52,000; reused 520, new 504
biobert/title: 28,672/52,000; reused 510, new 514
biobert/title: 29,696/52,000; reused 460, new 564
biobert/title: 30,720/52,000; reused 479, new 545
biobert/title: 31,744/52,000; reused 511, new 513
biobert/title: 32,768/52,000; reused 487, new 537
biobert/title: 33,792/52,000; reused 510, new 514
biobert/title: 34,816/52,000; reused 498, new 526
biobert/title: 35,840/52,000; reused 519, new 505
biobert/title: 36,864/52,000; reused 496, new 528
biobert/title: 37,888/52,000; reused 524, new 500
biobert/title: 38,912/52,000; reused 500, new 524
biobert/title: 39,936/52,000; reused 518, new 506
biobert/title: 40,960/52,000; reused 517, new 507
biobert/title: 41,984/52,000; reused 514, new 510
biobert/title: 43,008/52,000; reused 498, new 526
biobert/title: 44,032/52,000; reused 509, new 515
biobert/title: 45,056/52,000; reused 523, new 501
biobert/title: 46,080/52,000; reused 510, new 514
biobert/title: 47,104/52,000; reused 507, new 517
biobert/title: 48,128/52,000; reused 512, new 512
biobert/title: 49,152/52,000; reused 520, new 504
biobert/title: 50,176/52,000; reused 507, new 517
biobert/title: 51,200/52,000; reused 508, new 516
biobert/title: 52,000/52,000; reused 393, new 407
biobert/abstract: 1,024/52,000; reused 521, new 503
biobert/abstract: 2,048/52,000; reused 524, new 500
biobert/abstract: 3,072/52,000; reused 498, new 526
biobert/abstract: 4,096/52,000; reused 521, new 503
biobert/abstract: 5,120/52,000; reused 521, new 503
biobert/abstract: 6,144/52,000; reused 526, new 498
biobert/abstract: 7,168/52,000; reused 520, new 504
biobert/abstract: 8,192/52,000; reused 499, new 525
biobert/abstract: 9,216/52,000; reused 492, new 532
biobert/abstract: 10,240/52,000; reused 512, new 512
biobert/abstract: 11,264/52,000; reused 535, new 489
biobert/abstract: 12,288/52,000; reused 527, new 497
biobert/abstract: 13,312/52,000; reused 508, new 516
biobert/abstract: 14,336/52,000; reused 515, new 509
biobert/abstract: 15,360/52,000; reused 497, new 527
biobert/abstract: 16,384/52,000; reused 543, new 481
biobert/abstract: 17,408/52,000; reused 527, new 497
biobert/abstract: 18,432/52,000; reused 522, new 502
biobert/abstract: 19,456/52,000; reused 537, new 487
biobert/abstract: 20,480/52,000; reused 531, new 493
biobert/abstract: 21,504/52,000; reused 529, new 495
biobert/abstract: 22,528/52,000; reused 515, new 509
biobert/abstract: 23,552/52,000; reused 517, new 507
biobert/abstract: 24,576/52,000; reused 510, new 514
biobert/abstract: 25,600/52,000; reused 491, new 533
biobert/abstract: 26,624/52,000; reused 512, new 512
biobert/abstract: 27,648/52,000; reused 520, new 504
biobert/abstract: 28,672/52,000; reused 510, new 514
biobert/abstract: 29,696/52,000; reused 460, new 564
biobert/abstract: 30,720/52,000; reused 479, new 545
biobert/abstract: 31,744/52,000; reused 511, new 513
biobert/abstract: 32,768/52,000; reused 487, new 537
biobert/abstract: 33,792/52,000; reused 510, new 514
biobert/abstract: 34,816/52,000; reused 498, new 526
biobert/abstract: 35,840/52,000; reused 519, new 505
biobert/abstract: 36,864/52,000; reused 496, new 528
biobert/abstract: 37,888/52,000; reused 524, new 500
biobert/abstract: 38,912/52,000; reused 500, new 524
biobert/abstract: 39,936/52,000; reused 518, new 506
biobert/abstract: 40,960/52,000; reused 517, new 507
biobert/abstract: 41,984/52,000; reused 514, new 510
biobert/abstract: 43,008/52,000; reused 498, new 526
biobert/abstract: 44,032/52,000; reused 509, new 515
biobert/abstract: 45,056/52,000; reused 523, new 501
biobert/abstract: 46,080/52,000; reused 510, new 514
biobert/abstract: 47,104/52,000; reused 507, new 517
biobert/abstract: 48,128/52,000; reused 512, new 512
biobert/abstract: 49,152/52,000; reused 520, new 504
biobert/abstract: 50,176/52,000; reused 507, new 517
biobert/abstract: 51,200/52,000; reused 508, new 516
biobert/abstract: 52,000/52,000; reused 393, new 407
simcse/title_abstract: 1,024/52,000; reused 1024, new 0
simcse/title_abstract: 2,048/52,000; reused 1024, new 0
simcse/title_abstract: 3,072/52,000; reused 1024, new 0
simcse/title_abstract: 4,096/52,000; reused 1024, new 0
simcse/title_abstract: 5,120/52,000; reused 1024, new 0
simcse/title_abstract: 6,144/52,000; reused 1024, new 0
simcse/title_abstract: 7,168/52,000; reused 1024, new 0
simcse/title_abstract: 8,192/52,000; reused 1024, new 0
simcse/title_abstract: 9,216/52,000; reused 1024, new 0
simcse/title_abstract: 10,240/52,000; reused 1024, new 0
simcse/title_abstract: 11,264/52,000; reused 1024, new 0
simcse/title_abstract: 12,288/52,000; reused 1024, new 0
simcse/title_abstract: 13,312/52,000; reused 1024, new 0
simcse/title_abstract: 14,336/52,000; reused 1024, new 0
simcse/title_abstract: 15,360/52,000; reused 1024, new 0
simcse/title_abstract: 16,384/52,000; reused 1024, new 0
simcse/title_abstract: 17,408/52,000; reused 1024, new 0
simcse/title_abstract: 18,432/52,000; reused 1024, new 0
simcse/title_abstract: 19,456/52,000; reused 1024, new 0
simcse/title_abstract: 20,480/52,000; reused 1024, new 0
simcse/title_abstract: 21,504/52,000; reused 1024, new 0
simcse/title_abstract: 22,528/52,000; reused 1024, new 0
simcse/title_abstract: 23,552/52,000; reused 1024, new 0
simcse/title_abstract: 24,576/52,000; reused 1024, new 0
simcse/title_abstract: 25,600/52,000; reused 1024, new 0
simcse/title_abstract: 26,624/52,000; reused 1024, new 0
simcse/title_abstract: 27,648/52,000; reused 1024, new 0
simcse/title_abstract: 28,672/52,000; reused 1024, new 0
simcse/title_abstract: 29,696/52,000; reused 1024, new 0
simcse/title_abstract: 30,720/52,000; reused 1024, new 0
simcse/title_abstract: 31,744/52,000; reused 1024, new 0
simcse/title_abstract: 32,768/52,000; reused 1024, new 0
simcse/title_abstract: 33,792/52,000; reused 1024, new 0
simcse/title_abstract: 34,816/52,000; reused 1024, new 0
simcse/title_abstract: 35,840/52,000; reused 1024, new 0
simcse/title_abstract: 36,864/52,000; reused 1024, new 0
simcse/title_abstract: 37,888/52,000; reused 1024, new 0
simcse/title_abstract: 38,912/52,000; reused 1024, new 0
simcse/title_abstract: 39,936/52,000; reused 1024, new 0
simcse/title_abstract: 40,960/52,000; reused 1024, new 0
simcse/title_abstract: 41,984/52,000; reused 1024, new 0
simcse/title_abstract: 43,008/52,000; reused 1024, new 0
simcse/title_abstract: 44,032/52,000; reused 1024, new 0
simcse/title_abstract: 45,056/52,000; reused 1024, new 0
simcse/title_abstract: 46,080/52,000; reused 1024, new 0
simcse/title_abstract: 47,104/52,000; reused 1024, new 0
simcse/title_abstract: 48,128/52,000; reused 1024, new 0
simcse/title_abstract: 49,152/52,000; reused 1024, new 0
simcse/title_abstract: 50,176/52,000; reused 1024, new 0
simcse/title_abstract: 51,200/52,000; reused 1024, new 0
simcse/title_abstract: 52,000/52,000; reused 800, new 0
`torch_dtype` is deprecated! Use `dtype` instead!
simcse/title: 1,024/52,000; reused 521, new 503
simcse/title: 2,048/52,000; reused 524, new 500
simcse/title: 3,072/52,000; reused 498, new 526
simcse/title: 4,096/52,000; reused 521, new 503
simcse/title: 5,120/52,000; reused 521, new 503
simcse/title: 6,144/52,000; reused 526, new 498
simcse/title: 7,168/52,000; reused 520, new 504
simcse/title: 8,192/52,000; reused 499, new 525
simcse/title: 9,216/52,000; reused 492, new 532
simcse/title: 10,240/52,000; reused 512, new 512
simcse/title: 11,264/52,000; reused 535, new 489
simcse/title: 12,288/52,000; reused 527, new 497
simcse/title: 13,312/52,000; reused 508, new 516
simcse/title: 14,336/52,000; reused 515, new 509
simcse/title: 15,360/52,000; reused 497, new 527
simcse/title: 16,384/52,000; reused 543, new 481
simcse/title: 17,408/52,000; reused 527, new 497
simcse/title: 18,432/52,000; reused 522, new 502
simcse/title: 19,456/52,000; reused 537, new 487
simcse/title: 20,480/52,000; reused 531, new 493
simcse/title: 21,504/52,000; reused 529, new 495
simcse/title: 22,528/52,000; reused 515, new 509
simcse/title: 23,552/52,000; reused 517, new 507
simcse/title: 24,576/52,000; reused 510, new 514
simcse/title: 25,600/52,000; reused 491, new 533
simcse/title: 26,624/52,000; reused 512, new 512
simcse/title: 27,648/52,000; reused 520, new 504
simcse/title: 28,672/52,000; reused 510, new 514
simcse/title: 29,696/52,000; reused 460, new 564
simcse/title: 30,720/52,000; reused 479, new 545
simcse/title: 31,744/52,000; reused 511, new 513
simcse/title: 32,768/52,000; reused 487, new 537
simcse/title: 33,792/52,000; reused 510, new 514
simcse/title: 34,816/52,000; reused 498, new 526
simcse/title: 35,840/52,000; reused 519, new 505
simcse/title: 36,864/52,000; reused 496, new 528
simcse/title: 37,888/52,000; reused 524, new 500
simcse/title: 38,912/52,000; reused 500, new 524
simcse/title: 39,936/52,000; reused 518, new 506
simcse/title: 40,960/52,000; reused 517, new 507
simcse/title: 41,984/52,000; reused 514, new 510
simcse/title: 43,008/52,000; reused 498, new 526
simcse/title: 44,032/52,000; reused 509, new 515
simcse/title: 45,056/52,000; reused 523, new 501
simcse/title: 46,080/52,000; reused 510, new 514
simcse/title: 47,104/52,000; reused 507, new 517
simcse/title: 48,128/52,000; reused 512, new 512
simcse/title: 49,152/52,000; reused 520, new 504
simcse/title: 50,176/52,000; reused 507, new 517
simcse/title: 51,200/52,000; reused 508, new 516
simcse/title: 52,000/52,000; reused 393, new 407
simcse/abstract: 1,024/52,000; reused 521, new 503
simcse/abstract: 2,048/52,000; reused 524, new 500
simcse/abstract: 3,072/52,000; reused 498, new 526
simcse/abstract: 4,096/52,000; reused 521, new 503
simcse/abstract: 5,120/52,000; reused 521, new 503
simcse/abstract: 6,144/52,000; reused 526, new 498
simcse/abstract: 7,168/52,000; reused 520, new 504
simcse/abstract: 8,192/52,000; reused 499, new 525
simcse/abstract: 9,216/52,000; reused 492, new 532
simcse/abstract: 10,240/52,000; reused 512, new 512
simcse/abstract: 11,264/52,000; reused 535, new 489
simcse/abstract: 12,288/52,000; reused 527, new 497
simcse/abstract: 13,312/52,000; reused 508, new 516
simcse/abstract: 14,336/52,000; reused 515, new 509
simcse/abstract: 15,360/52,000; reused 497, new 527
simcse/abstract: 16,384/52,000; reused 543, new 481
simcse/abstract: 17,408/52,000; reused 527, new 497
simcse/abstract: 18,432/52,000; reused 522, new 502
simcse/abstract: 19,456/52,000; reused 537, new 487
simcse/abstract: 20,480/52,000; reused 531, new 493
simcse/abstract: 21,504/52,000; reused 529, new 495
simcse/abstract: 22,528/52,000; reused 515, new 509
simcse/abstract: 23,552/52,000; reused 517, new 507
simcse/abstract: 24,576/52,000; reused 510, new 514
simcse/abstract: 25,600/52,000; reused 491, new 533
simcse/abstract: 26,624/52,000; reused 512, new 512
simcse/abstract: 27,648/52,000; reused 520, new 504
simcse/abstract: 28,672/52,000; reused 510, new 514
simcse/abstract: 29,696/52,000; reused 460, new 564
simcse/abstract: 30,720/52,000; reused 479, new 545
simcse/abstract: 31,744/52,000; reused 511, new 513
simcse/abstract: 32,768/52,000; reused 487, new 537
simcse/abstract: 33,792/52,000; reused 510, new 514
simcse/abstract: 34,816/52,000; reused 498, new 526
simcse/abstract: 35,840/52,000; reused 519, new 505
simcse/abstract: 36,864/52,000; reused 496, new 528
simcse/abstract: 37,888/52,000; reused 524, new 500
simcse/abstract: 38,912/52,000; reused 500, new 524
simcse/abstract: 39,936/52,000; reused 518, new 506
simcse/abstract: 40,960/52,000; reused 517, new 507
simcse/abstract: 41,984/52,000; reused 514, new 510
simcse/abstract: 43,008/52,000; reused 498, new 526
simcse/abstract: 44,032/52,000; reused 509, new 515
simcse/abstract: 45,056/52,000; reused 523, new 501
simcse/abstract: 46,080/52,000; reused 510, new 514
simcse/abstract: 47,104/52,000; reused 507, new 517
simcse/abstract: 48,128/52,000; reused 512, new 512
simcse/abstract: 49,152/52,000; reused 520, new 504
simcse/abstract: 50,176/52,000; reused 507, new 517
simcse/abstract: 51,200/52,000; reused 508, new 516
simcse/abstract: 52,000/52,000; reused 393, new 407
ALL 52K INPUT CONDITIONS COMPLETE
52K INPUT QUEUE COMPLETE; CHECKPOINT UNCHANGED
AUDIT specter title_abstract PASS
AUDIT specter title PASS
AUDIT specter abstract PASS
AUDIT specter2 title_abstract PASS
AUDIT specter2 title PASS
AUDIT specter2 abstract PASS
AUDIT scincl title_abstract PASS
AUDIT scincl title PASS
AUDIT scincl abstract PASS
AUDIT scibert title_abstract PASS
AUDIT scibert title PASS
AUDIT scibert abstract PASS
AUDIT bert title_abstract PASS
AUDIT bert title PASS
AUDIT bert abstract PASS
AUDIT mpnet title_abstract PASS
AUDIT mpnet title PASS
AUDIT mpnet abstract PASS
AUDIT minilm title_abstract PASS
AUDIT minilm title PASS
AUDIT minilm abstract PASS
AUDIT pubmedbert title_abstract PASS
AUDIT pubmedbert title PASS
AUDIT pubmedbert abstract PASS
AUDIT biobert title_abstract PASS
AUDIT biobert title PASS
AUDIT biobert abstract PASS
AUDIT simcse title_abstract PASS
AUDIT simcse title PASS
AUDIT simcse abstract PASS
AUDITS COMPLETE 30 /30
52K INPUTS FINISHED AND AUDITED
