COMPOSITION CONTROL 11 1 10
COMPOSITION CONTROL 11 2 10
COMPOSITION CONTROL 11 3 10
COMPOSITION CONTROL 11 4 10
COMPOSITION CONTROL 11 5 10
COMPOSITION CONTROL 11 6 10
COMPOSITION CONTROL 11 7 10
COMPOSITION CONTROL 11 8 10
COMPOSITION CONTROL 11 9 10
COMPOSITION CONTROL 11 10 10
COMPOSITION CONTROL 12 1 10
COMPOSITION CONTROL 12 2 10
COMPOSITION CONTROL 12 3 10
COMPOSITION CONTROL 12 4 10
COMPOSITION CONTROL 12 5 10
COMPOSITION CONTROL 12 6 10
COMPOSITION CONTROL 12 7 10
COMPOSITION CONTROL 12 8 10
COMPOSITION CONTROL 12 9 10
COMPOSITION CONTROL 12 10 10
COMPOSITION CONTROL 13 1 10
COMPOSITION CONTROL 13 2 10
COMPOSITION CONTROL 13 3 10
COMPOSITION CONTROL 13 4 10
COMPOSITION CONTROL 13 5 10
COMPOSITION CONTROL 13 6 10
COMPOSITION CONTROL 13 7 10
COMPOSITION CONTROL 13 8 10
COMPOSITION CONTROL 13 9 10
COMPOSITION CONTROL 13 10 10
COMPOSITION CONTROL 14 1 10
COMPOSITION CONTROL 14 2 10
COMPOSITION CONTROL 14 3 10
COMPOSITION CONTROL 14 4 10
COMPOSITION CONTROL 14 5 10
COMPOSITION CONTROL 14 6 10
COMPOSITION CONTROL 14 7 10
COMPOSITION CONTROL 14 8 10
COMPOSITION CONTROL 14 9 10
COMPOSITION CONTROL 14 10 10
COMPOSITION CONTROL 15 1 10
COMPOSITION CONTROL 15 2 10
COMPOSITION CONTROL 15 3 10
COMPOSITION CONTROL 15 4 10
COMPOSITION CONTROL 15 5 10
COMPOSITION CONTROL 15 6 10
COMPOSITION CONTROL 15 7 10
COMPOSITION CONTROL 15 8 10
COMPOSITION CONTROL 15 9 10
COMPOSITION CONTROL 15 10 10
COMPOSITION CONTROL 16 1 10
COMPOSITION CONTROL 16 2 10
COMPOSITION CONTROL 16 3 10
COMPOSITION CONTROL 16 4 10
COMPOSITION CONTROL 16 5 10
COMPOSITION CONTROL 16 6 10
COMPOSITION CONTROL 16 7 10
COMPOSITION CONTROL 16 8 10
COMPOSITION CONTROL 16 9 10
COMPOSITION CONTROL 16 10 10
COMPOSITION CONTROL 17 1 10
COMPOSITION CONTROL 17 2 10
COMPOSITION CONTROL 17 3 10
COMPOSITION CONTROL 17 4 10
COMPOSITION CONTROL 17 5 10
COMPOSITION CONTROL 17 6 10
COMPOSITION CONTROL 17 7 10
COMPOSITION CONTROL 17 8 10
COMPOSITION CONTROL 17 9 10
COMPOSITION CONTROL 17 10 10
COMPOSITION CONTROL 18 1 10
COMPOSITION CONTROL 18 2 10
COMPOSITION CONTROL 18 3 10
COMPOSITION CONTROL 18 4 10
COMPOSITION CONTROL 18 5 10
COMPOSITION CONTROL 18 6 10
COMPOSITION CONTROL 18 7 10
COMPOSITION CONTROL 18 8 10
COMPOSITION CONTROL 18 9 10
COMPOSITION CONTROL 18 10 10
COMPOSITION CONTROL 19 1 10
COMPOSITION CONTROL 19 2 10
COMPOSITION CONTROL 19 3 10
COMPOSITION CONTROL 19 4 10
COMPOSITION CONTROL 19 5 10
COMPOSITION CONTROL 19 6 10
COMPOSITION CONTROL 19 7 10
COMPOSITION CONTROL 19 8 10
COMPOSITION CONTROL 19 9 10
COMPOSITION CONTROL 19 10 10
COMPOSITION CONTROL 20 1 10
COMPOSITION CONTROL 20 2 10
COMPOSITION CONTROL 20 3 10
COMPOSITION CONTROL 20 4 10
COMPOSITION CONTROL 20 5 10
COMPOSITION CONTROL 20 6 10
COMPOSITION CONTROL 20 7 10
COMPOSITION CONTROL 20 8 10
COMPOSITION CONTROL 20 9 10
COMPOSITION CONTROL 20 10 10
COMPOSITION CONTROL 21 1 10
COMPOSITION CONTROL 21 2 10
COMPOSITION CONTROL 21 3 10
COMPOSITION CONTROL 21 4 10
COMPOSITION CONTROL 21 5 10
COMPOSITION CONTROL 21 6 10
COMPOSITION CONTROL 21 7 10
COMPOSITION CONTROL 21 8 10
COMPOSITION CONTROL 21 9 10
COMPOSITION CONTROL 21 10 10
COMPOSITION CONTROL 22 1 10
COMPOSITION CONTROL 22 2 10
COMPOSITION CONTROL 22 3 10
COMPOSITION CONTROL 22 4 10
COMPOSITION CONTROL 22 5 10
COMPOSITION CONTROL 22 6 10
COMPOSITION CONTROL 22 7 10
COMPOSITION CONTROL 22 8 10
COMPOSITION CONTROL 22 9 10
COMPOSITION CONTROL 22 10 10
COMPOSITION CONTROL 23 1 10
COMPOSITION CONTROL 23 2 10
COMPOSITION CONTROL 23 3 10
COMPOSITION CONTROL 23 4 10
COMPOSITION CONTROL 23 5 10
COMPOSITION CONTROL 23 6 10
COMPOSITION CONTROL 23 7 10
COMPOSITION CONTROL 23 8 10
COMPOSITION CONTROL 23 9 10
COMPOSITION CONTROL 23 10 10
COMPOSITION CONTROL 24 1 10
COMPOSITION CONTROL 24 2 10
COMPOSITION CONTROL 24 3 10
COMPOSITION CONTROL 24 4 10
COMPOSITION CONTROL 24 5 10
COMPOSITION CONTROL 24 6 10
COMPOSITION CONTROL 24 7 10
COMPOSITION CONTROL 24 8 10
COMPOSITION CONTROL 24 9 10
COMPOSITION CONTROL 24 10 10
COMPOSITION CONTROL 25 1 10
COMPOSITION CONTROL 25 2 10
COMPOSITION CONTROL 25 3 10
COMPOSITION CONTROL 25 4 10
COMPOSITION CONTROL 25 5 10
COMPOSITION CONTROL 25 6 10
COMPOSITION CONTROL 25 7 10
COMPOSITION CONTROL 25 8 10
COMPOSITION CONTROL 25 9 10
COMPOSITION CONTROL 25 10 10
COMPOSITION CONTROL 26 1 10
COMPOSITION CONTROL 26 2 10
COMPOSITION CONTROL 26 3 10
COMPOSITION CONTROL 26 4 10
COMPOSITION CONTROL 26 5 10
COMPOSITION CONTROL 26 6 10
COMPOSITION CONTROL 26 7 10
COMPOSITION CONTROL 26 8 10
COMPOSITION CONTROL 26 9 10
COMPOSITION CONTROL 26 10 10
COMPOSITION CONTROL 27 1 10
COMPOSITION CONTROL 27 2 10
COMPOSITION CONTROL 27 3 10
COMPOSITION CONTROL 27 4 10
COMPOSITION CONTROL 27 5 10
COMPOSITION CONTROL 27 6 10
COMPOSITION CONTROL 27 7 10
COMPOSITION CONTROL 27 8 10
COMPOSITION CONTROL 27 9 10
COMPOSITION CONTROL 27 10 10
COMPOSITION CONTROL 28 1 10
COMPOSITION CONTROL 28 2 10
COMPOSITION CONTROL 28 3 10
COMPOSITION CONTROL 28 4 10
COMPOSITION CONTROL 28 5 10
COMPOSITION CONTROL 28 6 10
COMPOSITION CONTROL 28 7 10
COMPOSITION CONTROL 28 8 10
COMPOSITION CONTROL 28 9 10
COMPOSITION CONTROL 28 10 10
COMPOSITION CONTROL 29 1 10
COMPOSITION CONTROL 29 2 10
COMPOSITION CONTROL 29 3 10
COMPOSITION CONTROL 29 4 10
COMPOSITION CONTROL 29 5 10
COMPOSITION CONTROL 29 6 10
COMPOSITION CONTROL 29 7 10
COMPOSITION CONTROL 29 8 10
COMPOSITION CONTROL 29 9 10
COMPOSITION CONTROL 29 10 10
COMPOSITION CONTROL 30 1 10
COMPOSITION CONTROL 30 2 10
COMPOSITION CONTROL 30 3 10
COMPOSITION CONTROL 30 4 10
COMPOSITION CONTROL 30 5 10
COMPOSITION CONTROL 30 6 10
COMPOSITION CONTROL 30 7 10
COMPOSITION CONTROL 30 8 10
COMPOSITION CONTROL 30 9 10
COMPOSITION CONTROL 30 10 10
COMPOSITION CONTROL 31 1 10
COMPOSITION CONTROL 31 2 10
COMPOSITION CONTROL 31 3 10
COMPOSITION CONTROL 31 4 10
COMPOSITION CONTROL 31 5 10
COMPOSITION CONTROL 31 6 10
COMPOSITION CONTROL 31 7 10
COMPOSITION CONTROL 31 8 10
COMPOSITION CONTROL 31 9 10
COMPOSITION CONTROL 31 10 10
COMPOSITION CONTROL 32 1 10
COMPOSITION CONTROL 32 2 10
COMPOSITION CONTROL 32 3 10
COMPOSITION CONTROL 32 4 10
COMPOSITION CONTROL 32 5 10
COMPOSITION CONTROL 32 6 10
COMPOSITION CONTROL 32 7 10
COMPOSITION CONTROL 32 8 10
COMPOSITION CONTROL 32 9 10
COMPOSITION CONTROL 32 10 10
COMPOSITION CONTROL 33 1 10
COMPOSITION CONTROL 33 2 10
COMPOSITION CONTROL 33 3 10
COMPOSITION CONTROL 33 4 10
COMPOSITION CONTROL 33 5 10
COMPOSITION CONTROL 33 6 10
COMPOSITION CONTROL 33 7 10
COMPOSITION CONTROL 33 8 10
COMPOSITION CONTROL 33 9 10
COMPOSITION CONTROL 33 10 10
COMPOSITION CONTROL 34 1 10
COMPOSITION CONTROL 34 2 10
COMPOSITION CONTROL 34 3 10
COMPOSITION CONTROL 34 4 10
COMPOSITION CONTROL 34 5 10
COMPOSITION CONTROL 34 6 10
COMPOSITION CONTROL 34 7 10
COMPOSITION CONTROL 34 8 10
COMPOSITION CONTROL 34 9 10
COMPOSITION CONTROL 34 10 10
COMPOSITION CONTROL 35 1 10
COMPOSITION CONTROL 35 2 10
COMPOSITION CONTROL 35 3 10
COMPOSITION CONTROL 35 4 10
COMPOSITION CONTROL 35 5 10
COMPOSITION CONTROL 35 6 10
COMPOSITION CONTROL 35 7 10
COMPOSITION CONTROL 35 8 10
COMPOSITION CONTROL 35 9 10
COMPOSITION CONTROL 35 10 10
COMPOSITION CONTROL 36 1 10
COMPOSITION CONTROL 36 2 10
COMPOSITION CONTROL 36 3 10
COMPOSITION CONTROL 36 4 10
COMPOSITION CONTROL 36 5 10
COMPOSITION CONTROL 36 6 10
COMPOSITION CONTROL 36 7 10
COMPOSITION CONTROL 36 8 10
COMPOSITION CONTROL 36 9 10
COMPOSITION CONTROL 36 10 10
MEDICINE COMPOSITION CONTROL COMPLETE
