PAIRED SCOPE specter 1 10
PAIRED SCOPE specter 2 10
PAIRED SCOPE specter 3 10
PAIRED SCOPE specter 4 10
PAIRED SCOPE specter 5 10
PAIRED SCOPE specter 6 10
PAIRED SCOPE specter 7 10
PAIRED SCOPE specter 8 10
PAIRED SCOPE specter 9 10
PAIRED SCOPE specter 10 10
PAIRED SCOPE specter2 1 10
PAIRED SCOPE specter2 2 10
PAIRED SCOPE specter2 3 10
PAIRED SCOPE specter2 4 10
PAIRED SCOPE specter2 5 10
PAIRED SCOPE specter2 6 10
PAIRED SCOPE specter2 7 10
PAIRED SCOPE specter2 8 10
PAIRED SCOPE specter2 9 10
PAIRED SCOPE specter2 10 10
PAIRED SCOPE scincl 1 10
PAIRED SCOPE scincl 2 10
PAIRED SCOPE scincl 3 10
PAIRED SCOPE scincl 4 10
PAIRED SCOPE scincl 5 10
PAIRED SCOPE scincl 6 10
PAIRED SCOPE scincl 7 10
PAIRED SCOPE scincl 8 10
PAIRED SCOPE scincl 9 10
PAIRED SCOPE scincl 10 10
PAIRED SCOPE scibert 1 10
PAIRED SCOPE scibert 2 10
PAIRED SCOPE scibert 3 10
PAIRED SCOPE scibert 4 10
PAIRED SCOPE scibert 5 10
PAIRED SCOPE scibert 6 10
PAIRED SCOPE scibert 7 10
PAIRED SCOPE scibert 8 10
PAIRED SCOPE scibert 9 10
PAIRED SCOPE scibert 10 10
PAIRED SCOPE bert 1 10
PAIRED SCOPE bert 2 10
PAIRED SCOPE bert 3 10
PAIRED SCOPE bert 4 10
PAIRED SCOPE bert 5 10
PAIRED SCOPE bert 6 10
PAIRED SCOPE bert 7 10
PAIRED SCOPE bert 8 10
PAIRED SCOPE bert 9 10
PAIRED SCOPE bert 10 10
PAIRED SCOPE mpnet 1 10
PAIRED SCOPE mpnet 2 10
PAIRED SCOPE mpnet 3 10
PAIRED SCOPE mpnet 4 10
PAIRED SCOPE mpnet 5 10
PAIRED SCOPE mpnet 6 10
PAIRED SCOPE mpnet 7 10
PAIRED SCOPE mpnet 8 10
PAIRED SCOPE mpnet 9 10
PAIRED SCOPE mpnet 10 10
PAIRED SCOPE minilm 1 10
PAIRED SCOPE minilm 2 10
PAIRED SCOPE minilm 3 10
PAIRED SCOPE minilm 4 10
PAIRED SCOPE minilm 5 10
PAIRED SCOPE minilm 6 10
PAIRED SCOPE minilm 7 10
PAIRED SCOPE minilm 8 10
PAIRED SCOPE minilm 9 10
PAIRED SCOPE minilm 10 10
PAIRED SCOPE pubmedbert 1 10
PAIRED SCOPE pubmedbert 2 10
PAIRED SCOPE pubmedbert 3 10
PAIRED SCOPE pubmedbert 4 10
PAIRED SCOPE pubmedbert 5 10
PAIRED SCOPE pubmedbert 6 10
PAIRED SCOPE pubmedbert 7 10
PAIRED SCOPE pubmedbert 8 10
PAIRED SCOPE pubmedbert 9 10
PAIRED SCOPE pubmedbert 10 10
PAIRED SCOPE biobert 1 10
PAIRED SCOPE biobert 2 10
PAIRED SCOPE biobert 3 10
PAIRED SCOPE biobert 4 10
PAIRED SCOPE biobert 5 10
PAIRED SCOPE biobert 6 10
PAIRED SCOPE biobert 7 10
PAIRED SCOPE biobert 8 10
PAIRED SCOPE biobert 9 10
PAIRED SCOPE biobert 10 10
PAIRED SCOPE simcse 1 10
PAIRED SCOPE simcse 2 10
PAIRED SCOPE simcse 3 10
PAIRED SCOPE simcse 4 10
PAIRED SCOPE simcse 5 10
PAIRED SCOPE simcse 6 10
PAIRED SCOPE simcse 7 10
PAIRED SCOPE simcse 8 10
PAIRED SCOPE simcse 9 10
PAIRED SCOPE simcse 10 10
PAIRED NEIGHBOR SCALES COMPLETE
