SUBFIELD SELECTION STABILITY 2732 1129
SUBFIELD SELECTION STABILITY 2205 4385
SUBFIELD SELECTION STABILITY 2731 1217
SUBFIELD SELECTION STABILITY 2403 6178
SUBFIELD SELECTION STABILITY 3312 11393
SUBFIELD SELECTION STABILITY 2102 2133
SUBFIELD SELECTION STABILITY 2507 1652
SUBFIELD SELECTION STABILITY 2002 7829
SUBFIELD SELECTION STABILITY 3207 3862
SUBFIELD SELECTION STABILITY 2735 2517
SUBFIELD SELECTION STABILITY 2305 1655
SUBFIELD SELECTION STABILITY 1104 750
SUBFIELD SELECTION STABILITY 3600 5708
SUBFIELD SELECTION STABILITY 1605 5078
SUBFIELD SELECTION STABILITY 2613 2419
SUBFIELD SELECTION STABILITY 1702 8080
SUBFIELD SELECTION STABILITY 3506 3173
SUBFIELD SELECTION STABILITY 2805 4653
SUBFIELD SELECTION STABILITY 3203 4352
SUBFIELD SELECTION STABILITY 2208 17974
SUBFIELD SELECTION STABILITY 3103 3698
SUBFIELD SELECTION STABILITY 2312 2146
SUBFIELD SELECTION STABILITY 1307 1705
SUBFIELD SELECTION STABILITY 2730 3898
SUBFIELD SELECTION STABILITY 2737 3975
SUBFIELD SELECTION STABILITY 2210 6804
SUBFIELD SELECTION STABILITY 1710 6851
SUBFIELD SELECTION STABILITY 1606 701
SUBFIELD SELECTION STABILITY 3320 5192
SUBFIELD SELECTION STABILITY 1607 1744
SUBFIELD SELECTION STABILITY 2215 2220
SUBFIELD SELECTION STABILITY 3609 539
SUBFIELD SELECTION STABILITY 1203 1990
SUBFIELD SELECTION STABILITY 1707 5215
SUBFIELD SELECTION STABILITY 1406 1486
SUBFIELD SELECTION STABILITY 2311 973
SUBFIELD SELECTION STABILITY 1312 13680
SUBFIELD SELECTION STABILITY 2202 5257
SUBFIELD SELECTION STABILITY 3321 359
SUBFIELD SELECTION STABILITY 3107 4923
SUBFIELD SELECTION STABILITY 2712 2483
SUBFIELD SELECTION STABILITY 1100 1163
SUBFIELD SELECTION STABILITY 1110 7547
SUBFIELD SELECTION STABILITY 1407 2027
SUBFIELD SELECTION STABILITY 2306 3184
SUBFIELD SELECTION STABILITY 1204 1164
SUBFIELD SELECTION STABILITY 1105 2217
SUBFIELD SELECTION STABILITY 2740 5883
SUBFIELD SELECTION STABILITY 2916 9431
SUBFIELD SELECTION STABILITY 3304 7564
SUBFIELD SELECTION STABILITY 2504 2000
SUBFIELD SELECTION STABILITY 2728 2119
SUBFIELD SELECTION STABILITY 2729 1134
SUBFIELD SELECTION STABILITY 2705 4072
SUBFIELD SELECTION STABILITY 1709 796
SUBFIELD SELECTION STABILITY 2741 3414
SUBFIELD SELECTION STABILITY 2746 8858
SUBFIELD SELECTION STABILITY 3308 1516
SUBFIELD SELECTION STABILITY 2742 663
SUBFIELD SELECTION STABILITY 1211 2430
SUBFIELD SELECTION STABILITY 3109 1442
SUBFIELD SELECTION STABILITY 2502 1606
SUBFIELD SELECTION STABILITY 1404 1901
SUBFIELD SELECTION STABILITY 2505 7744
SUBFIELD SELECTION STABILITY 1703 1832
SUBFIELD SELECTION STABILITY 1212 690
SUBFIELD SELECTION STABILITY 1103 1099
SUBFIELD SELECTION STABILITY 3205 2145
SUBFIELD SELECTION STABILITY 3310 354
SUBFIELD SELECTION STABILITY 1705 5861
SUBFIELD SELECTION STABILITY 2307 1692
SUBFIELD SELECTION STABILITY 1708 995
SUBFIELD SELECTION STABILITY 2213 1516
SUBFIELD SELECTION STABILITY 1402 2491
SUBFIELD SELECTION STABILITY 2808 1427
SUBFIELD SELECTION STABILITY 2706 451
SUBFIELD SELECTION STABILITY 1213 721
SUBFIELD SELECTION STABILITY 1712 379
SUBFIELD SELECTION STABILITY 1704 535
SUBFIELD SELECTION STABILITY 2204 7966
SUBFIELD SELECTION STABILITY 2303 3800
SUBFIELD SELECTION STABILITY 2716 1255
SUBFIELD SELECTION STABILITY 2711 861
SUBFIELD SELECTION STABILITY 3322 676
SUBFIELD SELECTION STABILITY 3504 4308
SUBFIELD SELECTION STABILITY 1106 2790
SUBFIELD SELECTION STABILITY 2717 399
SUBFIELD SELECTION STABILITY 1102 1255
SUBFIELD SELECTION STABILITY 2308 1608
SUBFIELD SELECTION STABILITY 1111 1162
SUBFIELD SELECTION STABILITY 2602 577
SUBFIELD SELECTION STABILITY 3204 2058
SUBFIELD SELECTION STABILITY 2713 6166
SUBFIELD SELECTION STABILITY 1313 537
SUBFIELD SELECTION STABILITY 3106 2490
SUBFIELD SELECTION STABILITY 3317 1682
SUBFIELD SELECTION STABILITY 2203 1499
SUBFIELD SELECTION STABILITY 2207 6633
SUBFIELD SELECTION STABILITY 1311 3832
SUBFIELD SELECTION STABILITY 2302 495
SUBFIELD SELECTION STABILITY 2211 3743
SUBFIELD SELECTION STABILITY 3004 6419
SUBFIELD SELECTION STABILITY 2736 2052
SUBFIELD SELECTION STABILITY 2003 2023
SUBFIELD SELECTION STABILITY 3202 490
SUBFIELD SELECTION STABILITY 2704 494
SUBFIELD SELECTION STABILITY 3404 9153
SUBFIELD SELECTION STABILITY 2734 2438
SUBFIELD SELECTION STABILITY 2608 1702
SUBFIELD SELECTION STABILITY 1208 2137
SUBFIELD SELECTION STABILITY 1502 1864
SUBFIELD SELECTION STABILITY 2206 2678
SUBFIELD SELECTION STABILITY 1602 1292
SUBFIELD SELECTION STABILITY 2708 887
SUBFIELD SELECTION STABILITY 2721 1010
SUBFIELD SELECTION STABILITY 2745 1922
SUBFIELD SELECTION STABILITY 1902 3440
SUBFIELD SELECTION STABILITY 3314 899
SUBFIELD SELECTION STABILITY 3105 196
SUBFIELD SELECTION STABILITY 1604 1742
SUBFIELD SELECTION STABILITY 2739 5111
SUBFIELD SELECTION STABILITY 2725 3070
SUBFIELD SELECTION STABILITY 2738 2285
SUBFIELD SELECTION STABILITY 2406 1141
SUBFIELD SELECTION STABILITY 1405 1368
SUBFIELD SELECTION STABILITY 3603 204
SUBFIELD SELECTION STABILITY 1408 3480
SUBFIELD SELECTION STABILITY 1209 419
SUBFIELD SELECTION STABILITY 2804 2520
SUBFIELD SELECTION STABILITY 2404 1578
SUBFIELD SELECTION STABILITY 2214 1437
SUBFIELD SELECTION STABILITY 1305 688
SUBFIELD SELECTION STABILITY 1306 1810
SUBFIELD SELECTION STABILITY 3316 1273
SUBFIELD SELECTION STABILITY 2209 1921
SUBFIELD SELECTION STABILITY 2611 1033
SUBFIELD SELECTION STABILITY 3318 1152
SUBFIELD SELECTION STABILITY 2309 1286
SUBFIELD SELECTION STABILITY 2610 1519
SUBFIELD SELECTION STABILITY 1802 2497
SUBFIELD SELECTION STABILITY 3311 920
SUBFIELD SELECTION STABILITY 3612 841
SUBFIELD SELECTION STABILITY 2607 422
SUBFIELD SELECTION STABILITY 3313 820
SUBFIELD SELECTION STABILITY 1303 365
SUBFIELD SELECTION STABILITY 2604 2269
SUBFIELD SELECTION STABILITY 2310 1187
SUBFIELD SELECTION STABILITY 3614 669
SUBFIELD SELECTION STABILITY 1706 683
SUBFIELD SELECTION STABILITY 3616 808
SUBFIELD SELECTION STABILITY 2733 518
SUBFIELD SELECTION STABILITY 1109 1174
SUBFIELD SELECTION STABILITY 2105 7992
SUBFIELD SELECTION STABILITY 2304 958
SUBFIELD SELECTION STABILITY 1210 628
SUBFIELD SELECTION STABILITY 1508 1192
SUBFIELD SELECTION STABILITY 2200 323
SUBFIELD SELECTION STABILITY 2723 443
SUBFIELD SELECTION STABILITY 1202 1202
SUBFIELD SELECTION STABILITY 3104 1193
SUBFIELD SELECTION STABILITY 1207 615
SUBFIELD SELECTION STABILITY 2216 215
SUBFIELD SELECTION STABILITY 3108 828
SUBFIELD SELECTION STABILITY 2212 2577
SUBFIELD SELECTION STABILITY 1908 2575
SUBFIELD SELECTION STABILITY 1803 5916
SUBFIELD SELECTION STABILITY 2000 1657
SUBFIELD SELECTION STABILITY 3003 3062
SUBFIELD SELECTION STABILITY 1503 3091
SUBFIELD SELECTION STABILITY 2727 984
SUBFIELD SELECTION STABILITY 1711 1601
SUBFIELD SELECTION STABILITY 2707 1791
SUBFIELD SELECTION STABILITY 1314 240
SUBFIELD SELECTION STABILITY 2508 545
SUBFIELD SELECTION STABILITY 1910 1916
SUBFIELD SELECTION STABILITY 1907 738
SUBFIELD SELECTION STABILITY 2612 709
SUBFIELD SELECTION STABILITY 1310 431
SUBFIELD SELECTION STABILITY 3306 1006
SUBFIELD SELECTION STABILITY 3305 611
SUBFIELD SELECTION STABILITY 2743 1053
SUBFIELD SELECTION STABILITY 1205 272
SUBFIELD SELECTION STABILITY 2720 1546
SUBFIELD SELECTION STABILITY 2807 779
SUBFIELD SELECTION STABILITY 2724 267
SUBFIELD SELECTION STABILITY 1904 719
SUBFIELD SELECTION STABILITY 2748 619
SUBFIELD SELECTION STABILITY 2911 410
SUBFIELD SELECTION STABILITY 2405 1563
SUBFIELD SELECTION STABILITY 1308 384
SUBFIELD SELECTION STABILITY 3604 1305
SUBFIELD SELECTION STABILITY 1302 143
SUBFIELD SELECTION STABILITY 2726 37
SUBFIELD SELECTION STABILITY 3605 763
SUBFIELD SELECTION STABILITY 2715 540
SUBFIELD SELECTION STABILITY 2714 154
SUBFIELD SELECTION STABILITY 3300 167
SUBFIELD SELECTION STABILITY 3309 217
SUBFIELD SELECTION STABILITY 3102 52
SUBFIELD SELECTION STABILITY 1603 273
SUBFIELD SELECTION STABILITY 1304 528
SUBFIELD SELECTION STABILITY 2614 102
SUBFIELD SELECTION STABILITY 3315 990
SUBFIELD SELECTION STABILITY 2402 370
SUBFIELD SELECTION STABILITY 2503 351
SUBFIELD SELECTION STABILITY 1403 299
SUBFIELD SELECTION STABILITY 2910 554
SUBFIELD SELECTION STABILITY 1906 536
SUBFIELD SELECTION STABILITY 2506 98
SUBFIELD SELECTION STABILITY 1206 332
SUBFIELD SELECTION STABILITY 2802 279
SUBFIELD SELECTION STABILITY 2809 626
SUBFIELD SELECTION STABILITY 1911 812
SUBFIELD SELECTION STABILITY 3505 2892
SUBFIELD SELECTION STABILITY 3307 293
SUBFIELD SELECTION STABILITY 3611 474
SUBFIELD SELECTION STABILITY 1804 2095
SUBFIELD SELECTION STABILITY 1507 4003
SUBFIELD SELECTION STABILITY 2806 382
SUBFIELD SELECTION STABILITY 2703 515
SUBFIELD SELECTION STABILITY 1107 239
SUBFIELD SELECTION STABILITY 1912 94
SUBFIELD SELECTION STABILITY 3302 39
SUBFIELD SELECTION STABILITY 3005 1322
SUBFIELD SELECTION STABILITY 2702 119
SUBFIELD SELECTION STABILITY 2747 226
SUBFIELD SELECTION STABILITY 3303 405
SUBFIELD SELECTION STABILITY 2718 94
SUBFIELD SELECTION STABILITY 2103 251
SUBFIELD SELECTION STABILITY 3607 161
SUBFIELD SELECTION STABILITY 1504 283
SUBFIELD SELECTION STABILITY 2803 164
SUBFIELD SELECTION STABILITY 1409 163
SUBFIELD SELECTION STABILITY 1309 109
SUBFIELD SELECTION STABILITY 3500 452
SUBFIELD SELECTION STABILITY 3402 1674
SUBFIELD SELECTION STABILITY 3206 84
SUBFIELD SELECTION STABILITY 3608 21
SUBFIELD SELECTION STABILITY 3319 21
SUBFIELD SELECTION STABILITY 1315 45
SUBFIELD SELECTION STABILITY 1800 322
SUBFIELD SELECTION STABILITY 2100 393
SUBFIELD SELECTION STABILITY 3200 54
SUBFIELD SELECTION STABILITY 2500 237
SUBFIELD SELECTION STABILITY 2922 435
SUBFIELD SELECTION STABILITY 1108 27
SUBFIELD SELECTION STABILITY 1200 30
SUBFIELD SELECTION STABILITY 1506 397
SUBFIELD SELECTION STABILITY 2605 78
SUBFIELD SELECTION STABILITY 3002 27
SUBFIELD SELECTION STABILITY 2104 61
SIZE CONTROL VECTORS specter/cls 174781
SIZE CONTROL VECTORS specter2/cls 174781
SIZE CONTROL VECTORS scincl/cls 174781
SIZE CONTROL VECTORS scibert/mean 174781
SIZE CONTROL VECTORS scibert/cls 174781
SIZE CONTROL VECTORS scibert/sep 174781
SIZE CONTROL VECTORS bert/mean 174781
SIZE CONTROL VECTORS bert/cls 174781
SIZE CONTROL VECTORS bert/sep 174781
SIZE CONTROL VECTORS mpnet/mean 174781
SIZE CONTROL VECTORS minilm/mean 174781
SIZE CONTROL VECTORS pubmedbert/mean 174781
SIZE CONTROL VECTORS pubmedbert/cls 174781
SIZE CONTROL VECTORS pubmedbert/sep 174781
SIZE CONTROL VECTORS biobert/mean 174781
SIZE CONTROL VECTORS biobert/cls 174781
SIZE CONTROL VECTORS biobert/sep 174781
SIZE CONTROL VECTORS simcse/cls 174781
SIZE CONTROL field 11 128 1 1335
SIZE CONTROL field 11 256 2 1335
SIZE CONTROL field 11 512 3 1335
SIZE CONTROL field 12 128 4 1335
SIZE CONTROL field 12 256 5 1335
SIZE CONTROL field 12 512 6 1335
SIZE CONTROL field 13 128 7 1335
SIZE CONTROL field 13 256 8 1335
SIZE CONTROL field 13 512 9 1335
SIZE CONTROL field 14 128 10 1335
SIZE CONTROL field 14 256 11 1335
SIZE CONTROL field 14 512 12 1335
SIZE CONTROL field 15 128 13 1335
SIZE CONTROL field 15 256 14 1335
SIZE CONTROL field 15 512 15 1335
SIZE CONTROL field 16 128 16 1335
SIZE CONTROL field 16 256 17 1335
SIZE CONTROL field 16 512 18 1335
SIZE CONTROL field 17 128 19 1335
SIZE CONTROL field 17 256 20 1335
SIZE CONTROL field 17 512 21 1335
SIZE CONTROL field 18 128 22 1335
SIZE CONTROL field 18 256 23 1335
SIZE CONTROL field 18 512 24 1335
SIZE CONTROL field 19 128 25 1335
SIZE CONTROL field 19 256 26 1335
SIZE CONTROL field 19 512 27 1335
SIZE CONTROL field 20 128 28 1335
SIZE CONTROL field 20 256 29 1335
SIZE CONTROL field 20 512 30 1335
SIZE CONTROL field 21 128 31 1335
SIZE CONTROL field 21 256 32 1335
SIZE CONTROL field 21 512 33 1335
SIZE CONTROL field 22 128 34 1335
SIZE CONTROL field 22 256 35 1335
SIZE CONTROL field 22 512 36 1335
SIZE CONTROL field 23 128 37 1335
SIZE CONTROL field 23 256 38 1335
SIZE CONTROL field 23 512 39 1335
SIZE CONTROL field 24 128 40 1335
SIZE CONTROL field 24 256 41 1335
SIZE CONTROL field 24 512 42 1335
SIZE CONTROL field 25 128 43 1335
SIZE CONTROL field 25 256 44 1335
SIZE CONTROL field 25 512 45 1335
SIZE CONTROL field 26 128 46 1335
SIZE CONTROL field 26 256 47 1335
SIZE CONTROL field 26 512 48 1335
SIZE CONTROL field 27 128 49 1335
SIZE CONTROL field 27 256 50 1335
SIZE CONTROL field 27 512 51 1335
SIZE CONTROL field 28 128 52 1335
SIZE CONTROL field 28 256 53 1335
SIZE CONTROL field 28 512 54 1335
SIZE CONTROL field 29 128 55 1335
SIZE CONTROL field 29 256 56 1335
SIZE CONTROL field 29 512 57 1335
SIZE CONTROL field 30 128 58 1335
SIZE CONTROL field 30 256 59 1335
SIZE CONTROL field 30 512 60 1335
SIZE CONTROL field 31 128 61 1335
SIZE CONTROL field 31 256 62 1335
SIZE CONTROL field 31 512 63 1335
SIZE CONTROL field 32 128 64 1335
SIZE CONTROL field 32 256 65 1335
SIZE CONTROL field 32 512 66 1335
SIZE CONTROL field 33 128 67 1335
SIZE CONTROL field 33 256 68 1335
SIZE CONTROL field 33 512 69 1335
SIZE CONTROL field 34 128 70 1335
SIZE CONTROL field 34 256 71 1335
SIZE CONTROL field 34 512 72 1335
SIZE CONTROL field 35 128 73 1335
SIZE CONTROL field 35 256 74 1335
SIZE CONTROL field 35 512 75 1335
SIZE CONTROL field 36 128 76 1335
SIZE CONTROL field 36 256 77 1335
SIZE CONTROL field 36 512 78 1335
SIZE CONTROL subfield 1100 128 79 1335
SIZE CONTROL subfield 1100 256 80 1335
SIZE CONTROL subfield 1100 512 81 1335
SIZE CONTROL subfield 1102 128 82 1335
SIZE CONTROL subfield 1102 256 83 1335
SIZE CONTROL subfield 1102 512 84 1335
SIZE CONTROL subfield 1103 128 85 1335
SIZE CONTROL subfield 1103 256 86 1335
SIZE CONTROL subfield 1103 512 87 1335
SIZE CONTROL subfield 1104 128 88 1335
SIZE CONTROL subfield 1104 256 89 1335
SIZE CONTROL subfield 1104 512 90 1335
SIZE CONTROL subfield 1105 128 91 1335
SIZE CONTROL subfield 1105 256 92 1335
SIZE CONTROL subfield 1105 512 93 1335
SIZE CONTROL subfield 1106 128 94 1335
SIZE CONTROL subfield 1106 256 95 1335
SIZE CONTROL subfield 1106 512 96 1335
SIZE CONTROL subfield 1107 128 97 1335
SIZE CONTROL subfield 1109 128 98 1335
SIZE CONTROL subfield 1109 256 99 1335
SIZE CONTROL subfield 1109 512 100 1335
SIZE CONTROL subfield 1110 128 101 1335
SIZE CONTROL subfield 1110 256 102 1335
SIZE CONTROL subfield 1110 512 103 1335
SIZE CONTROL subfield 1111 128 104 1335
SIZE CONTROL subfield 1111 256 105 1335
SIZE CONTROL subfield 1111 512 106 1335
SIZE CONTROL subfield 1202 128 107 1335
SIZE CONTROL subfield 1202 256 108 1335
SIZE CONTROL subfield 1202 512 109 1335
SIZE CONTROL subfield 1203 128 110 1335
SIZE CONTROL subfield 1203 256 111 1335
SIZE CONTROL subfield 1203 512 112 1335
SIZE CONTROL subfield 1204 128 113 1335
SIZE CONTROL subfield 1204 256 114 1335
SIZE CONTROL subfield 1204 512 115 1335
SIZE CONTROL subfield 1205 128 116 1335
SIZE CONTROL subfield 1205 256 117 1335
SIZE CONTROL subfield 1206 128 118 1335
SIZE CONTROL subfield 1206 256 119 1335
SIZE CONTROL subfield 1207 128 120 1335
SIZE CONTROL subfield 1207 256 121 1335
SIZE CONTROL subfield 1207 512 122 1335
SIZE CONTROL subfield 1208 128 123 1335
SIZE CONTROL subfield 1208 256 124 1335
SIZE CONTROL subfield 1208 512 125 1335
SIZE CONTROL subfield 1209 128 126 1335
SIZE CONTROL subfield 1209 256 127 1335
SIZE CONTROL subfield 1210 128 128 1335
SIZE CONTROL subfield 1210 256 129 1335
SIZE CONTROL subfield 1210 512 130 1335
SIZE CONTROL subfield 1211 128 131 1335
SIZE CONTROL subfield 1211 256 132 1335
SIZE CONTROL subfield 1211 512 133 1335
SIZE CONTROL subfield 1212 128 134 1335
SIZE CONTROL subfield 1212 256 135 1335
SIZE CONTROL subfield 1212 512 136 1335
SIZE CONTROL subfield 1213 128 137 1335
SIZE CONTROL subfield 1213 256 138 1335
SIZE CONTROL subfield 1213 512 139 1335
SIZE CONTROL subfield 1302 128 140 1335
SIZE CONTROL subfield 1303 128 141 1335
SIZE CONTROL subfield 1303 256 142 1335
SIZE CONTROL subfield 1304 128 143 1335
SIZE CONTROL subfield 1304 256 144 1335
SIZE CONTROL subfield 1304 512 145 1335
SIZE CONTROL subfield 1305 128 146 1335
SIZE CONTROL subfield 1305 256 147 1335
SIZE CONTROL subfield 1305 512 148 1335
SIZE CONTROL subfield 1306 128 149 1335
SIZE CONTROL subfield 1306 256 150 1335
SIZE CONTROL subfield 1306 512 151 1335
SIZE CONTROL subfield 1307 128 152 1335
SIZE CONTROL subfield 1307 256 153 1335
SIZE CONTROL subfield 1307 512 154 1335
SIZE CONTROL subfield 1308 128 155 1335
SIZE CONTROL subfield 1308 256 156 1335
SIZE CONTROL subfield 1310 128 157 1335
SIZE CONTROL subfield 1310 256 158 1335
SIZE CONTROL subfield 1311 128 159 1335
SIZE CONTROL subfield 1311 256 160 1335
SIZE CONTROL subfield 1311 512 161 1335
SIZE CONTROL subfield 1312 128 162 1335
SIZE CONTROL subfield 1312 256 163 1335
SIZE CONTROL subfield 1312 512 164 1335
SIZE CONTROL subfield 1313 128 165 1335
SIZE CONTROL subfield 1313 256 166 1335
SIZE CONTROL subfield 1313 512 167 1335
SIZE CONTROL subfield 1314 128 168 1335
SIZE CONTROL subfield 1402 128 169 1335
SIZE CONTROL subfield 1402 256 170 1335
SIZE CONTROL subfield 1402 512 171 1335
SIZE CONTROL subfield 1403 128 172 1335
SIZE CONTROL subfield 1403 256 173 1335
SIZE CONTROL subfield 1404 128 174 1335
SIZE CONTROL subfield 1404 256 175 1335
SIZE CONTROL subfield 1404 512 176 1335
SIZE CONTROL subfield 1405 128 177 1335
SIZE CONTROL subfield 1405 256 178 1335
SIZE CONTROL subfield 1405 512 179 1335
SIZE CONTROL subfield 1406 128 180 1335
SIZE CONTROL subfield 1406 256 181 1335
SIZE CONTROL subfield 1406 512 182 1335
SIZE CONTROL subfield 1407 128 183 1335
SIZE CONTROL subfield 1407 256 184 1335
SIZE CONTROL subfield 1407 512 185 1335
SIZE CONTROL subfield 1408 128 186 1335
SIZE CONTROL subfield 1408 256 187 1335
SIZE CONTROL subfield 1408 512 188 1335
SIZE CONTROL subfield 1409 128 189 1335
SIZE CONTROL subfield 1502 128 190 1335
SIZE CONTROL subfield 1502 256 191 1335
SIZE CONTROL subfield 1502 512 192 1335
SIZE CONTROL subfield 1503 128 193 1335
SIZE CONTROL subfield 1503 256 194 1335
SIZE CONTROL subfield 1503 512 195 1335
SIZE CONTROL subfield 1504 128 196 1335
SIZE CONTROL subfield 1504 256 197 1335
SIZE CONTROL subfield 1506 128 198 1335
SIZE CONTROL subfield 1506 256 199 1335
SIZE CONTROL subfield 1507 128 200 1335
SIZE CONTROL subfield 1507 256 201 1335
SIZE CONTROL subfield 1507 512 202 1335
SIZE CONTROL subfield 1508 128 203 1335
SIZE CONTROL subfield 1508 256 204 1335
SIZE CONTROL subfield 1508 512 205 1335
SIZE CONTROL subfield 1602 128 206 1335
SIZE CONTROL subfield 1602 256 207 1335
SIZE CONTROL subfield 1602 512 208 1335
SIZE CONTROL subfield 1603 128 209 1335
SIZE CONTROL subfield 1603 256 210 1335
SIZE CONTROL subfield 1604 128 211 1335
SIZE CONTROL subfield 1604 256 212 1335
SIZE CONTROL subfield 1604 512 213 1335
SIZE CONTROL subfield 1605 128 214 1335
SIZE CONTROL subfield 1605 256 215 1335
SIZE CONTROL subfield 1605 512 216 1335
SIZE CONTROL subfield 1606 128 217 1335
SIZE CONTROL subfield 1606 256 218 1335
SIZE CONTROL subfield 1606 512 219 1335
SIZE CONTROL subfield 1607 128 220 1335
SIZE CONTROL subfield 1607 256 221 1335
SIZE CONTROL subfield 1607 512 222 1335
SIZE CONTROL subfield 1702 128 223 1335
SIZE CONTROL subfield 1702 256 224 1335
SIZE CONTROL subfield 1702 512 225 1335
SIZE CONTROL subfield 1703 128 226 1335
SIZE CONTROL subfield 1703 256 227 1335
SIZE CONTROL subfield 1703 512 228 1335
SIZE CONTROL subfield 1704 128 229 1335
SIZE CONTROL subfield 1704 256 230 1335
SIZE CONTROL subfield 1704 512 231 1335
SIZE CONTROL subfield 1705 128 232 1335
SIZE CONTROL subfield 1705 256 233 1335
SIZE CONTROL subfield 1705 512 234 1335
SIZE CONTROL subfield 1706 128 235 1335
SIZE CONTROL subfield 1706 256 236 1335
SIZE CONTROL subfield 1706 512 237 1335
SIZE CONTROL subfield 1707 128 238 1335
SIZE CONTROL subfield 1707 256 239 1335
SIZE CONTROL subfield 1707 512 240 1335
SIZE CONTROL subfield 1708 128 241 1335
SIZE CONTROL subfield 1708 256 242 1335
SIZE CONTROL subfield 1708 512 243 1335
SIZE CONTROL subfield 1709 128 244 1335
SIZE CONTROL subfield 1709 256 245 1335
SIZE CONTROL subfield 1709 512 246 1335
SIZE CONTROL subfield 1710 128 247 1335
SIZE CONTROL subfield 1710 256 248 1335
SIZE CONTROL subfield 1710 512 249 1335
SIZE CONTROL subfield 1711 128 250 1335
SIZE CONTROL subfield 1711 256 251 1335
SIZE CONTROL subfield 1711 512 252 1335
SIZE CONTROL subfield 1712 128 253 1335
SIZE CONTROL subfield 1712 256 254 1335
SIZE CONTROL subfield 1800 128 255 1335
SIZE CONTROL subfield 1800 256 256 1335
SIZE CONTROL subfield 1802 128 257 1335
SIZE CONTROL subfield 1802 256 258 1335
SIZE CONTROL subfield 1802 512 259 1335
SIZE CONTROL subfield 1803 128 260 1335
SIZE CONTROL subfield 1803 256 261 1335
SIZE CONTROL subfield 1803 512 262 1335
SIZE CONTROL subfield 1804 128 263 1335
SIZE CONTROL subfield 1804 256 264 1335
SIZE CONTROL subfield 1804 512 265 1335
SIZE CONTROL subfield 1902 128 266 1335
SIZE CONTROL subfield 1902 256 267 1335
SIZE CONTROL subfield 1902 512 268 1335
SIZE CONTROL subfield 1904 128 269 1335
SIZE CONTROL subfield 1904 256 270 1335
SIZE CONTROL subfield 1904 512 271 1335
SIZE CONTROL subfield 1906 128 272 1335
SIZE CONTROL subfield 1906 256 273 1335
SIZE CONTROL subfield 1906 512 274 1335
SIZE CONTROL subfield 1907 128 275 1335
SIZE CONTROL subfield 1907 256 276 1335
SIZE CONTROL subfield 1907 512 277 1335
SIZE CONTROL subfield 1908 128 278 1335
SIZE CONTROL subfield 1908 256 279 1335
SIZE CONTROL subfield 1908 512 280 1335
SIZE CONTROL subfield 1910 128 281 1335
SIZE CONTROL subfield 1910 256 282 1335
SIZE CONTROL subfield 1910 512 283 1335
SIZE CONTROL subfield 1911 128 284 1335
SIZE CONTROL subfield 1911 256 285 1335
SIZE CONTROL subfield 1911 512 286 1335
SIZE CONTROL subfield 2000 128 287 1335
SIZE CONTROL subfield 2000 256 288 1335
SIZE CONTROL subfield 2000 512 289 1335
SIZE CONTROL subfield 2002 128 290 1335
SIZE CONTROL subfield 2002 256 291 1335
SIZE CONTROL subfield 2002 512 292 1335
SIZE CONTROL subfield 2003 128 293 1335
SIZE CONTROL subfield 2003 256 294 1335
SIZE CONTROL subfield 2003 512 295 1335
SIZE CONTROL subfield 2100 128 296 1335
SIZE CONTROL subfield 2100 256 297 1335
SIZE CONTROL subfield 2102 128 298 1335
SIZE CONTROL subfield 2102 256 299 1335
SIZE CONTROL subfield 2102 512 300 1335
SIZE CONTROL subfield 2103 128 301 1335
SIZE CONTROL subfield 2105 128 302 1335
SIZE CONTROL subfield 2105 256 303 1335
SIZE CONTROL subfield 2105 512 304 1335
SIZE CONTROL subfield 2200 128 305 1335
SIZE CONTROL subfield 2200 256 306 1335
SIZE CONTROL subfield 2202 128 307 1335
SIZE CONTROL subfield 2202 256 308 1335
SIZE CONTROL subfield 2202 512 309 1335
SIZE CONTROL subfield 2203 128 310 1335
SIZE CONTROL subfield 2203 256 311 1335
SIZE CONTROL subfield 2203 512 312 1335
SIZE CONTROL subfield 2204 128 313 1335
SIZE CONTROL subfield 2204 256 314 1335
SIZE CONTROL subfield 2204 512 315 1335
SIZE CONTROL subfield 2205 128 316 1335
SIZE CONTROL subfield 2205 256 317 1335
SIZE CONTROL subfield 2205 512 318 1335
SIZE CONTROL subfield 2206 128 319 1335
SIZE CONTROL subfield 2206 256 320 1335
SIZE CONTROL subfield 2206 512 321 1335
SIZE CONTROL subfield 2207 128 322 1335
SIZE CONTROL subfield 2207 256 323 1335
SIZE CONTROL subfield 2207 512 324 1335
SIZE CONTROL subfield 2208 128 325 1335
SIZE CONTROL subfield 2208 256 326 1335
SIZE CONTROL subfield 2208 512 327 1335
SIZE CONTROL subfield 2209 128 328 1335
SIZE CONTROL subfield 2209 256 329 1335
SIZE CONTROL subfield 2209 512 330 1335
SIZE CONTROL subfield 2210 128 331 1335
SIZE CONTROL subfield 2210 256 332 1335
SIZE CONTROL subfield 2210 512 333 1335
SIZE CONTROL subfield 2211 128 334 1335
SIZE CONTROL subfield 2211 256 335 1335
SIZE CONTROL subfield 2211 512 336 1335
SIZE CONTROL subfield 2212 128 337 1335
SIZE CONTROL subfield 2212 256 338 1335
SIZE CONTROL subfield 2212 512 339 1335
SIZE CONTROL subfield 2213 128 340 1335
SIZE CONTROL subfield 2213 256 341 1335
SIZE CONTROL subfield 2213 512 342 1335
SIZE CONTROL subfield 2214 128 343 1335
SIZE CONTROL subfield 2214 256 344 1335
SIZE CONTROL subfield 2214 512 345 1335
SIZE CONTROL subfield 2215 128 346 1335
SIZE CONTROL subfield 2215 256 347 1335
SIZE CONTROL subfield 2215 512 348 1335
SIZE CONTROL subfield 2216 128 349 1335
SIZE CONTROL subfield 2302 128 350 1335
SIZE CONTROL subfield 2302 256 351 1335
SIZE CONTROL subfield 2303 128 352 1335
SIZE CONTROL subfield 2303 256 353 1335
SIZE CONTROL subfield 2303 512 354 1335
SIZE CONTROL subfield 2304 128 355 1335
SIZE CONTROL subfield 2304 256 356 1335
SIZE CONTROL subfield 2304 512 357 1335
SIZE CONTROL subfield 2305 128 358 1335
SIZE CONTROL subfield 2305 256 359 1335
SIZE CONTROL subfield 2305 512 360 1335
SIZE CONTROL subfield 2306 128 361 1335
SIZE CONTROL subfield 2306 256 362 1335
SIZE CONTROL subfield 2306 512 363 1335
SIZE CONTROL subfield 2307 128 364 1335
SIZE CONTROL subfield 2307 256 365 1335
SIZE CONTROL subfield 2307 512 366 1335
SIZE CONTROL subfield 2308 128 367 1335
SIZE CONTROL subfield 2308 256 368 1335
SIZE CONTROL subfield 2308 512 369 1335
SIZE CONTROL subfield 2309 128 370 1335
SIZE CONTROL subfield 2309 256 371 1335
SIZE CONTROL subfield 2309 512 372 1335
SIZE CONTROL subfield 2310 128 373 1335
SIZE CONTROL subfield 2310 256 374 1335
SIZE CONTROL subfield 2310 512 375 1335
SIZE CONTROL subfield 2311 128 376 1335
SIZE CONTROL subfield 2311 256 377 1335
SIZE CONTROL subfield 2311 512 378 1335
SIZE CONTROL subfield 2312 128 379 1335
SIZE CONTROL subfield 2312 256 380 1335
SIZE CONTROL subfield 2312 512 381 1335
SIZE CONTROL subfield 2402 128 382 1335
SIZE CONTROL subfield 2402 256 383 1335
SIZE CONTROL subfield 2403 128 384 1335
SIZE CONTROL subfield 2403 256 385 1335
SIZE CONTROL subfield 2403 512 386 1335
SIZE CONTROL subfield 2404 128 387 1335
SIZE CONTROL subfield 2404 256 388 1335
SIZE CONTROL subfield 2404 512 389 1335
SIZE CONTROL subfield 2405 128 390 1335
SIZE CONTROL subfield 2405 256 391 1335
SIZE CONTROL subfield 2405 512 392 1335
SIZE CONTROL subfield 2406 128 393 1335
SIZE CONTROL subfield 2406 256 394 1335
SIZE CONTROL subfield 2406 512 395 1335
SIZE CONTROL subfield 2500 128 396 1335
SIZE CONTROL subfield 2502 128 397 1335
SIZE CONTROL subfield 2502 256 398 1335
SIZE CONTROL subfield 2502 512 399 1335
SIZE CONTROL subfield 2503 128 400 1335
SIZE CONTROL subfield 2503 256 401 1335
SIZE CONTROL subfield 2504 128 402 1335
SIZE CONTROL subfield 2504 256 403 1335
SIZE CONTROL subfield 2504 512 404 1335
SIZE CONTROL subfield 2505 128 405 1335
SIZE CONTROL subfield 2505 256 406 1335
SIZE CONTROL subfield 2505 512 407 1335
SIZE CONTROL subfield 2507 128 408 1335
SIZE CONTROL subfield 2507 256 409 1335
SIZE CONTROL subfield 2507 512 410 1335
SIZE CONTROL subfield 2508 128 411 1335
SIZE CONTROL subfield 2508 256 412 1335
SIZE CONTROL subfield 2508 512 413 1335
SIZE CONTROL subfield 2602 128 414 1335
SIZE CONTROL subfield 2602 256 415 1335
SIZE CONTROL subfield 2602 512 416 1335
SIZE CONTROL subfield 2604 128 417 1335
SIZE CONTROL subfield 2604 256 418 1335
SIZE CONTROL subfield 2604 512 419 1335
SIZE CONTROL subfield 2607 128 420 1335
SIZE CONTROL subfield 2607 256 421 1335
SIZE CONTROL subfield 2608 128 422 1335
SIZE CONTROL subfield 2608 256 423 1335
SIZE CONTROL subfield 2608 512 424 1335
SIZE CONTROL subfield 2610 128 425 1335
SIZE CONTROL subfield 2610 256 426 1335
SIZE CONTROL subfield 2610 512 427 1335
SIZE CONTROL subfield 2611 128 428 1335
SIZE CONTROL subfield 2611 256 429 1335
SIZE CONTROL subfield 2611 512 430 1335
SIZE CONTROL subfield 2612 128 431 1335
SIZE CONTROL subfield 2612 256 432 1335
SIZE CONTROL subfield 2612 512 433 1335
SIZE CONTROL subfield 2613 128 434 1335
SIZE CONTROL subfield 2613 256 435 1335
SIZE CONTROL subfield 2613 512 436 1335
SIZE CONTROL subfield 2703 128 437 1335
SIZE CONTROL subfield 2703 256 438 1335
SIZE CONTROL subfield 2703 512 439 1335
SIZE CONTROL subfield 2704 128 440 1335
SIZE CONTROL subfield 2704 256 441 1335
SIZE CONTROL subfield 2705 128 442 1335
SIZE CONTROL subfield 2705 256 443 1335
SIZE CONTROL subfield 2705 512 444 1335
SIZE CONTROL subfield 2706 128 445 1335
SIZE CONTROL subfield 2706 256 446 1335
SIZE CONTROL subfield 2707 128 447 1335
SIZE CONTROL subfield 2707 256 448 1335
SIZE CONTROL subfield 2707 512 449 1335
SIZE CONTROL subfield 2708 128 450 1335
SIZE CONTROL subfield 2708 256 451 1335
SIZE CONTROL subfield 2708 512 452 1335
SIZE CONTROL subfield 2711 128 453 1335
SIZE CONTROL subfield 2711 256 454 1335
SIZE CONTROL subfield 2711 512 455 1335
SIZE CONTROL subfield 2712 128 456 1335
SIZE CONTROL subfield 2712 256 457 1335
SIZE CONTROL subfield 2712 512 458 1335
SIZE CONTROL subfield 2713 128 459 1335
SIZE CONTROL subfield 2713 256 460 1335
SIZE CONTROL subfield 2713 512 461 1335
SIZE CONTROL subfield 2714 128 462 1335
SIZE CONTROL subfield 2715 128 463 1335
SIZE CONTROL subfield 2715 256 464 1335
SIZE CONTROL subfield 2715 512 465 1335
SIZE CONTROL subfield 2716 128 466 1335
SIZE CONTROL subfield 2716 256 467 1335
SIZE CONTROL subfield 2716 512 468 1335
SIZE CONTROL subfield 2717 128 469 1335
SIZE CONTROL subfield 2717 256 470 1335
SIZE CONTROL subfield 2720 128 471 1335
SIZE CONTROL subfield 2720 256 472 1335
SIZE CONTROL subfield 2720 512 473 1335
SIZE CONTROL subfield 2721 128 474 1335
SIZE CONTROL subfield 2721 256 475 1335
SIZE CONTROL subfield 2721 512 476 1335
SIZE CONTROL subfield 2723 128 477 1335
SIZE CONTROL subfield 2723 256 478 1335
SIZE CONTROL subfield 2724 128 479 1335
SIZE CONTROL subfield 2724 256 480 1335
SIZE CONTROL subfield 2725 128 481 1335
SIZE CONTROL subfield 2725 256 482 1335
SIZE CONTROL subfield 2725 512 483 1335
SIZE CONTROL subfield 2727 128 484 1335
SIZE CONTROL subfield 2727 256 485 1335
SIZE CONTROL subfield 2727 512 486 1335
SIZE CONTROL subfield 2728 128 487 1335
SIZE CONTROL subfield 2728 256 488 1335
SIZE CONTROL subfield 2728 512 489 1335
SIZE CONTROL subfield 2729 128 490 1335
SIZE CONTROL subfield 2729 256 491 1335
SIZE CONTROL subfield 2729 512 492 1335
SIZE CONTROL subfield 2730 128 493 1335
SIZE CONTROL subfield 2730 256 494 1335
SIZE CONTROL subfield 2730 512 495 1335
SIZE CONTROL subfield 2731 128 496 1335
SIZE CONTROL subfield 2731 256 497 1335
SIZE CONTROL subfield 2731 512 498 1335
SIZE CONTROL subfield 2732 128 499 1335
SIZE CONTROL subfield 2732 256 500 1335
SIZE CONTROL subfield 2732 512 501 1335
SIZE CONTROL subfield 2733 128 502 1335
SIZE CONTROL subfield 2733 256 503 1335
SIZE CONTROL subfield 2733 512 504 1335
SIZE CONTROL subfield 2734 128 505 1335
SIZE CONTROL subfield 2734 256 506 1335
SIZE CONTROL subfield 2734 512 507 1335
SIZE CONTROL subfield 2735 128 508 1335
SIZE CONTROL subfield 2735 256 509 1335
SIZE CONTROL subfield 2735 512 510 1335
SIZE CONTROL subfield 2736 128 511 1335
SIZE CONTROL subfield 2736 256 512 1335
SIZE CONTROL subfield 2736 512 513 1335
SIZE CONTROL subfield 2737 128 514 1335
SIZE CONTROL subfield 2737 256 515 1335
SIZE CONTROL subfield 2737 512 516 1335
SIZE CONTROL subfield 2738 128 517 1335
SIZE CONTROL subfield 2738 256 518 1335
SIZE CONTROL subfield 2738 512 519 1335
SIZE CONTROL subfield 2739 128 520 1335
SIZE CONTROL subfield 2739 256 521 1335
SIZE CONTROL subfield 2739 512 522 1335
SIZE CONTROL subfield 2740 128 523 1335
SIZE CONTROL subfield 2740 256 524 1335
SIZE CONTROL subfield 2740 512 525 1335
SIZE CONTROL subfield 2741 128 526 1335
SIZE CONTROL subfield 2741 256 527 1335
SIZE CONTROL subfield 2741 512 528 1335
SIZE CONTROL subfield 2742 128 529 1335
SIZE CONTROL subfield 2742 256 530 1335
SIZE CONTROL subfield 2742 512 531 1335
SIZE CONTROL subfield 2743 128 532 1335
SIZE CONTROL subfield 2743 256 533 1335
SIZE CONTROL subfield 2743 512 534 1335
SIZE CONTROL subfield 2745 128 535 1335
SIZE CONTROL subfield 2745 256 536 1335
SIZE CONTROL subfield 2745 512 537 1335
SIZE CONTROL subfield 2746 128 538 1335
SIZE CONTROL subfield 2746 256 539 1335
SIZE CONTROL subfield 2746 512 540 1335
SIZE CONTROL subfield 2747 128 541 1335
SIZE CONTROL subfield 2748 128 542 1335
SIZE CONTROL subfield 2748 256 543 1335
SIZE CONTROL subfield 2748 512 544 1335
SIZE CONTROL subfield 2802 128 545 1335
SIZE CONTROL subfield 2802 256 546 1335
SIZE CONTROL subfield 2803 128 547 1335
SIZE CONTROL subfield 2804 128 548 1335
SIZE CONTROL subfield 2804 256 549 1335
SIZE CONTROL subfield 2804 512 550 1335
SIZE CONTROL subfield 2805 128 551 1335
SIZE CONTROL subfield 2805 256 552 1335
SIZE CONTROL subfield 2805 512 553 1335
SIZE CONTROL subfield 2806 128 554 1335
SIZE CONTROL subfield 2806 256 555 1335
SIZE CONTROL subfield 2807 128 556 1335
SIZE CONTROL subfield 2807 256 557 1335
SIZE CONTROL subfield 2807 512 558 1335
SIZE CONTROL subfield 2808 128 559 1335
SIZE CONTROL subfield 2808 256 560 1335
SIZE CONTROL subfield 2808 512 561 1335
SIZE CONTROL subfield 2809 128 562 1335
SIZE CONTROL subfield 2809 256 563 1335
SIZE CONTROL subfield 2809 512 564 1335
SIZE CONTROL subfield 2910 128 565 1335
SIZE CONTROL subfield 2910 256 566 1335
SIZE CONTROL subfield 2910 512 567 1335
SIZE CONTROL subfield 2911 128 568 1335
SIZE CONTROL subfield 2911 256 569 1335
SIZE CONTROL subfield 2916 128 570 1335
SIZE CONTROL subfield 2916 256 571 1335
SIZE CONTROL subfield 2916 512 572 1335
SIZE CONTROL subfield 2922 128 573 1335
SIZE CONTROL subfield 2922 256 574 1335
SIZE CONTROL subfield 3003 128 575 1335
SIZE CONTROL subfield 3003 256 576 1335
SIZE CONTROL subfield 3003 512 577 1335
SIZE CONTROL subfield 3004 128 578 1335
SIZE CONTROL subfield 3004 256 579 1335
SIZE CONTROL subfield 3004 512 580 1335
SIZE CONTROL subfield 3005 128 581 1335
SIZE CONTROL subfield 3005 256 582 1335
SIZE CONTROL subfield 3005 512 583 1335
SIZE CONTROL subfield 3103 128 584 1335
SIZE CONTROL subfield 3103 256 585 1335
SIZE CONTROL subfield 3103 512 586 1335
SIZE CONTROL subfield 3104 128 587 1335
SIZE CONTROL subfield 3104 256 588 1335
SIZE CONTROL subfield 3104 512 589 1335
SIZE CONTROL subfield 3105 128 590 1335
SIZE CONTROL subfield 3106 128 591 1335
SIZE CONTROL subfield 3106 256 592 1335
SIZE CONTROL subfield 3106 512 593 1335
SIZE CONTROL subfield 3107 128 594 1335
SIZE CONTROL subfield 3107 256 595 1335
SIZE CONTROL subfield 3107 512 596 1335
SIZE CONTROL subfield 3108 128 597 1335
SIZE CONTROL subfield 3108 256 598 1335
SIZE CONTROL subfield 3108 512 599 1335
SIZE CONTROL subfield 3109 128 600 1335
SIZE CONTROL subfield 3109 256 601 1335
SIZE CONTROL subfield 3109 512 602 1335
SIZE CONTROL subfield 3202 128 603 1335
SIZE CONTROL subfield 3202 256 604 1335
SIZE CONTROL subfield 3203 128 605 1335
SIZE CONTROL subfield 3203 256 606 1335
SIZE CONTROL subfield 3203 512 607 1335
SIZE CONTROL subfield 3204 128 608 1335
SIZE CONTROL subfield 3204 256 609 1335
SIZE CONTROL subfield 3204 512 610 1335
SIZE CONTROL subfield 3205 128 611 1335
SIZE CONTROL subfield 3205 256 612 1335
SIZE CONTROL subfield 3205 512 613 1335
SIZE CONTROL subfield 3207 128 614 1335
SIZE CONTROL subfield 3207 256 615 1335
SIZE CONTROL subfield 3207 512 616 1335
SIZE CONTROL subfield 3300 128 617 1335
SIZE CONTROL subfield 3303 128 618 1335
SIZE CONTROL subfield 3303 256 619 1335
SIZE CONTROL subfield 3304 128 620 1335
SIZE CONTROL subfield 3304 256 621 1335
SIZE CONTROL subfield 3304 512 622 1335
SIZE CONTROL subfield 3305 128 623 1335
SIZE CONTROL subfield 3305 256 624 1335
SIZE CONTROL subfield 3305 512 625 1335
SIZE CONTROL subfield 3306 128 626 1335
SIZE CONTROL subfield 3306 256 627 1335
SIZE CONTROL subfield 3306 512 628 1335
SIZE CONTROL subfield 3307 128 629 1335
SIZE CONTROL subfield 3307 256 630 1335
SIZE CONTROL subfield 3308 128 631 1335
SIZE CONTROL subfield 3308 256 632 1335
SIZE CONTROL subfield 3308 512 633 1335
SIZE CONTROL subfield 3309 128 634 1335
SIZE CONTROL subfield 3310 128 635 1335
SIZE CONTROL subfield 3310 256 636 1335
SIZE CONTROL subfield 3311 128 637 1335
SIZE CONTROL subfield 3311 256 638 1335
SIZE CONTROL subfield 3311 512 639 1335
SIZE CONTROL subfield 3312 128 640 1335
SIZE CONTROL subfield 3312 256 641 1335
SIZE CONTROL subfield 3312 512 642 1335
SIZE CONTROL subfield 3313 128 643 1335
SIZE CONTROL subfield 3313 256 644 1335
SIZE CONTROL subfield 3313 512 645 1335
SIZE CONTROL subfield 3314 128 646 1335
SIZE CONTROL subfield 3314 256 647 1335
SIZE CONTROL subfield 3314 512 648 1335
SIZE CONTROL subfield 3315 128 649 1335
SIZE CONTROL subfield 3315 256 650 1335
SIZE CONTROL subfield 3315 512 651 1335
SIZE CONTROL subfield 3316 128 652 1335
SIZE CONTROL subfield 3316 256 653 1335
SIZE CONTROL subfield 3316 512 654 1335
SIZE CONTROL subfield 3317 128 655 1335
SIZE CONTROL subfield 3317 256 656 1335
SIZE CONTROL subfield 3317 512 657 1335
SIZE CONTROL subfield 3318 128 658 1335
SIZE CONTROL subfield 3318 256 659 1335
SIZE CONTROL subfield 3318 512 660 1335
SIZE CONTROL subfield 3320 128 661 1335
SIZE CONTROL subfield 3320 256 662 1335
SIZE CONTROL subfield 3320 512 663 1335
SIZE CONTROL subfield 3321 128 664 1335
SIZE CONTROL subfield 3321 256 665 1335
SIZE CONTROL subfield 3322 128 666 1335
SIZE CONTROL subfield 3322 256 667 1335
SIZE CONTROL subfield 3322 512 668 1335
SIZE CONTROL subfield 3402 128 669 1335
SIZE CONTROL subfield 3402 256 670 1335
SIZE CONTROL subfield 3402 512 671 1335
SIZE CONTROL subfield 3404 128 672 1335
SIZE CONTROL subfield 3404 256 673 1335
SIZE CONTROL subfield 3404 512 674 1335
SIZE CONTROL subfield 3500 128 675 1335
SIZE CONTROL subfield 3500 256 676 1335
SIZE CONTROL subfield 3504 128 677 1335
SIZE CONTROL subfield 3504 256 678 1335
SIZE CONTROL subfield 3504 512 679 1335
SIZE CONTROL subfield 3505 128 680 1335
SIZE CONTROL subfield 3505 256 681 1335
SIZE CONTROL subfield 3505 512 682 1335
SIZE CONTROL subfield 3506 128 683 1335
SIZE CONTROL subfield 3506 256 684 1335
SIZE CONTROL subfield 3506 512 685 1335
SIZE CONTROL subfield 3600 128 686 1335
SIZE CONTROL subfield 3600 256 687 1335
SIZE CONTROL subfield 3600 512 688 1335
SIZE CONTROL subfield 3603 128 689 1335
SIZE CONTROL subfield 3604 128 690 1335
SIZE CONTROL subfield 3604 256 691 1335
SIZE CONTROL subfield 3604 512 692 1335
SIZE CONTROL subfield 3605 128 693 1335
SIZE CONTROL subfield 3605 256 694 1335
SIZE CONTROL subfield 3605 512 695 1335
SIZE CONTROL subfield 3607 128 696 1335
SIZE CONTROL subfield 3609 128 697 1335
SIZE CONTROL subfield 3609 256 698 1335
SIZE CONTROL subfield 3609 512 699 1335
SIZE CONTROL subfield 3611 128 700 1335
SIZE CONTROL subfield 3611 256 701 1335
SIZE CONTROL subfield 3612 128 702 1335
SIZE CONTROL subfield 3612 256 703 1335
SIZE CONTROL subfield 3612 512 704 1335
SIZE CONTROL subfield 3614 128 705 1335
SIZE CONTROL subfield 3614 256 706 1335
SIZE CONTROL subfield 3614 512 707 1335
SIZE CONTROL subfield 3616 128 708 1335
SIZE CONTROL subfield 3616 256 709 1335
SIZE CONTROL subfield 3616 512 710 1335
SIZE CONTROL subfield_period 1103 2000 711 1335
SIZE CONTROL subfield_period 1103 2005 712 1335
SIZE CONTROL subfield_period 1103 2010 713 1335
SIZE CONTROL subfield_period 1103 2015 714 1335
SIZE CONTROL subfield_period 1103 2020 715 1335
SIZE CONTROL subfield_period 1105 2000 716 1335
SIZE CONTROL subfield_period 1105 2005 717 1335
SIZE CONTROL subfield_period 1105 2010 718 1335
SIZE CONTROL subfield_period 1105 2015 719 1335
SIZE CONTROL subfield_period 1105 2020 720 1335
SIZE CONTROL subfield_period 1106 2000 721 1335
SIZE CONTROL subfield_period 1106 2005 722 1335
SIZE CONTROL subfield_period 1106 2010 723 1335
SIZE CONTROL subfield_period 1106 2015 724 1335
SIZE CONTROL subfield_period 1106 2020 725 1335
SIZE CONTROL subfield_period 1109 2000 726 1335
SIZE CONTROL subfield_period 1109 2005 727 1335
SIZE CONTROL subfield_period 1109 2010 728 1335
SIZE CONTROL subfield_period 1109 2015 729 1335
SIZE CONTROL subfield_period 1109 2020 730 1335
SIZE CONTROL subfield_period 1110 2000 731 1335
SIZE CONTROL subfield_period 1110 2005 732 1335
SIZE CONTROL subfield_period 1110 2010 733 1335
SIZE CONTROL subfield_period 1110 2015 734 1335
SIZE CONTROL subfield_period 1110 2020 735 1335
SIZE CONTROL subfield_period 1202 2000 736 1335
SIZE CONTROL subfield_period 1202 2005 737 1335
SIZE CONTROL subfield_period 1202 2010 738 1335
SIZE CONTROL subfield_period 1202 2015 739 1335
SIZE CONTROL subfield_period 1202 2020 740 1335
SIZE CONTROL subfield_period 1203 2000 741 1335
SIZE CONTROL subfield_period 1203 2005 742 1335
SIZE CONTROL subfield_period 1203 2010 743 1335
SIZE CONTROL subfield_period 1203 2015 744 1335
SIZE CONTROL subfield_period 1203 2020 745 1335
SIZE CONTROL subfield_period 1204 2000 746 1335
SIZE CONTROL subfield_period 1204 2005 747 1335
SIZE CONTROL subfield_period 1204 2010 748 1335
SIZE CONTROL subfield_period 1204 2015 749 1335
SIZE CONTROL subfield_period 1204 2020 750 1335
SIZE CONTROL subfield_period 1208 2000 751 1335
SIZE CONTROL subfield_period 1208 2005 752 1335
SIZE CONTROL subfield_period 1208 2010 753 1335
SIZE CONTROL subfield_period 1208 2015 754 1335
SIZE CONTROL subfield_period 1208 2020 755 1335
SIZE CONTROL subfield_period 1211 2000 756 1335
SIZE CONTROL subfield_period 1211 2005 757 1335
SIZE CONTROL subfield_period 1211 2010 758 1335
SIZE CONTROL subfield_period 1211 2015 759 1335
SIZE CONTROL subfield_period 1211 2020 760 1335
SIZE CONTROL subfield_period 1306 2000 761 1335
SIZE CONTROL subfield_period 1306 2005 762 1335
SIZE CONTROL subfield_period 1306 2010 763 1335
SIZE CONTROL subfield_period 1306 2015 764 1335
SIZE CONTROL subfield_period 1306 2020 765 1335
SIZE CONTROL subfield_period 1307 2000 766 1335
SIZE CONTROL subfield_period 1307 2005 767 1335
SIZE CONTROL subfield_period 1307 2010 768 1335
SIZE CONTROL subfield_period 1307 2015 769 1335
SIZE CONTROL subfield_period 1307 2020 770 1335
SIZE CONTROL subfield_period 1311 2000 771 1335
SIZE CONTROL subfield_period 1311 2005 772 1335
SIZE CONTROL subfield_period 1311 2010 773 1335
SIZE CONTROL subfield_period 1311 2015 774 1335
SIZE CONTROL subfield_period 1311 2020 775 1335
SIZE CONTROL subfield_period 1312 2000 776 1335
SIZE CONTROL subfield_period 1312 2005 777 1335
SIZE CONTROL subfield_period 1312 2010 778 1335
SIZE CONTROL subfield_period 1312 2015 779 1335
SIZE CONTROL subfield_period 1312 2020 780 1335
SIZE CONTROL subfield_period 1402 2000 781 1335
SIZE CONTROL subfield_period 1402 2005 782 1335
SIZE CONTROL subfield_period 1402 2010 783 1335
SIZE CONTROL subfield_period 1402 2015 784 1335
SIZE CONTROL subfield_period 1402 2020 785 1335
SIZE CONTROL subfield_period 1404 2000 786 1335
SIZE CONTROL subfield_period 1404 2005 787 1335
SIZE CONTROL subfield_period 1404 2010 788 1335
SIZE CONTROL subfield_period 1404 2015 789 1335
SIZE CONTROL subfield_period 1404 2020 790 1335
SIZE CONTROL subfield_period 1405 2000 791 1335
SIZE CONTROL subfield_period 1405 2005 792 1335
SIZE CONTROL subfield_period 1405 2010 793 1335
SIZE CONTROL subfield_period 1405 2015 794 1335
SIZE CONTROL subfield_period 1405 2020 795 1335
SIZE CONTROL subfield_period 1406 2000 796 1335
SIZE CONTROL subfield_period 1406 2005 797 1335
SIZE CONTROL subfield_period 1406 2010 798 1335
SIZE CONTROL subfield_period 1406 2015 799 1335
SIZE CONTROL subfield_period 1406 2020 800 1335
SIZE CONTROL subfield_period 1407 2000 801 1335
SIZE CONTROL subfield_period 1407 2005 802 1335
SIZE CONTROL subfield_period 1407 2010 803 1335
SIZE CONTROL subfield_period 1407 2015 804 1335
SIZE CONTROL subfield_period 1407 2020 805 1335
SIZE CONTROL subfield_period 1408 2000 806 1335
SIZE CONTROL subfield_period 1408 2005 807 1335
SIZE CONTROL subfield_period 1408 2010 808 1335
SIZE CONTROL subfield_period 1408 2015 809 1335
SIZE CONTROL subfield_period 1408 2020 810 1335
SIZE CONTROL subfield_period 1502 2000 811 1335
SIZE CONTROL subfield_period 1502 2005 812 1335
SIZE CONTROL subfield_period 1502 2010 813 1335
SIZE CONTROL subfield_period 1502 2015 814 1335
SIZE CONTROL subfield_period 1502 2020 815 1335
SIZE CONTROL subfield_period 1503 2000 816 1335
SIZE CONTROL subfield_period 1503 2005 817 1335
SIZE CONTROL subfield_period 1503 2010 818 1335
SIZE CONTROL subfield_period 1503 2015 819 1335
SIZE CONTROL subfield_period 1503 2020 820 1335
SIZE CONTROL subfield_period 1507 2000 821 1335
SIZE CONTROL subfield_period 1507 2005 822 1335
SIZE CONTROL subfield_period 1507 2010 823 1335
SIZE CONTROL subfield_period 1507 2015 824 1335
SIZE CONTROL subfield_period 1507 2020 825 1335
SIZE CONTROL subfield_period 1508 2000 826 1335
SIZE CONTROL subfield_period 1508 2005 827 1335
SIZE CONTROL subfield_period 1508 2010 828 1335
SIZE CONTROL subfield_period 1508 2015 829 1335
SIZE CONTROL subfield_period 1508 2020 830 1335
SIZE CONTROL subfield_period 1602 2000 831 1335
SIZE CONTROL subfield_period 1602 2005 832 1335
SIZE CONTROL subfield_period 1602 2010 833 1335
SIZE CONTROL subfield_period 1602 2015 834 1335
SIZE CONTROL subfield_period 1602 2020 835 1335
SIZE CONTROL subfield_period 1604 2000 836 1335
SIZE CONTROL subfield_period 1604 2005 837 1335
SIZE CONTROL subfield_period 1604 2010 838 1335
SIZE CONTROL subfield_period 1604 2015 839 1335
SIZE CONTROL subfield_period 1604 2020 840 1335
SIZE CONTROL subfield_period 1605 2000 841 1335
SIZE CONTROL subfield_period 1605 2005 842 1335
SIZE CONTROL subfield_period 1605 2010 843 1335
SIZE CONTROL subfield_period 1605 2015 844 1335
SIZE CONTROL subfield_period 1605 2020 845 1335
SIZE CONTROL subfield_period 1607 2000 846 1335
SIZE CONTROL subfield_period 1607 2005 847 1335
SIZE CONTROL subfield_period 1607 2010 848 1335
SIZE CONTROL subfield_period 1607 2015 849 1335
SIZE CONTROL subfield_period 1607 2020 850 1335
SIZE CONTROL subfield_period 1702 2000 851 1335
SIZE CONTROL subfield_period 1702 2005 852 1335
SIZE CONTROL subfield_period 1702 2010 853 1335
SIZE CONTROL subfield_period 1702 2015 854 1335
SIZE CONTROL subfield_period 1702 2020 855 1335
SIZE CONTROL subfield_period 1703 2000 856 1335
SIZE CONTROL subfield_period 1703 2005 857 1335
SIZE CONTROL subfield_period 1703 2010 858 1335
SIZE CONTROL subfield_period 1703 2015 859 1335
SIZE CONTROL subfield_period 1703 2020 860 1335
SIZE CONTROL subfield_period 1705 2000 861 1335
SIZE CONTROL subfield_period 1705 2005 862 1335
SIZE CONTROL subfield_period 1705 2010 863 1335
SIZE CONTROL subfield_period 1705 2015 864 1335
SIZE CONTROL subfield_period 1705 2020 865 1335
SIZE CONTROL subfield_period 1707 2000 866 1335
SIZE CONTROL subfield_period 1707 2005 867 1335
SIZE CONTROL subfield_period 1707 2010 868 1335
SIZE CONTROL subfield_period 1707 2015 869 1335
SIZE CONTROL subfield_period 1707 2020 870 1335
SIZE CONTROL subfield_period 1708 2000 871 1335
SIZE CONTROL subfield_period 1708 2005 872 1335
SIZE CONTROL subfield_period 1708 2010 873 1335
SIZE CONTROL subfield_period 1708 2015 874 1335
SIZE CONTROL subfield_period 1708 2020 875 1335
SIZE CONTROL subfield_period 1710 2000 876 1335
SIZE CONTROL subfield_period 1710 2005 877 1335
SIZE CONTROL subfield_period 1710 2010 878 1335
SIZE CONTROL subfield_period 1710 2015 879 1335
SIZE CONTROL subfield_period 1710 2020 880 1335
SIZE CONTROL subfield_period 1711 2000 881 1335
SIZE CONTROL subfield_period 1711 2005 882 1335
SIZE CONTROL subfield_period 1711 2010 883 1335
SIZE CONTROL subfield_period 1711 2015 884 1335
SIZE CONTROL subfield_period 1711 2020 885 1335
SIZE CONTROL subfield_period 1802 2000 886 1335
SIZE CONTROL subfield_period 1802 2005 887 1335
SIZE CONTROL subfield_period 1802 2010 888 1335
SIZE CONTROL subfield_period 1802 2015 889 1335
SIZE CONTROL subfield_period 1802 2020 890 1335
SIZE CONTROL subfield_period 1803 2000 891 1335
SIZE CONTROL subfield_period 1803 2005 892 1335
SIZE CONTROL subfield_period 1803 2010 893 1335
SIZE CONTROL subfield_period 1803 2015 894 1335
SIZE CONTROL subfield_period 1803 2020 895 1335
SIZE CONTROL subfield_period 1804 2000 896 1335
SIZE CONTROL subfield_period 1804 2005 897 1335
SIZE CONTROL subfield_period 1804 2010 898 1335
SIZE CONTROL subfield_period 1804 2015 899 1335
SIZE CONTROL subfield_period 1804 2020 900 1335
SIZE CONTROL subfield_period 1902 2000 901 1335
SIZE CONTROL subfield_period 1902 2005 902 1335
SIZE CONTROL subfield_period 1902 2010 903 1335
SIZE CONTROL subfield_period 1902 2015 904 1335
SIZE CONTROL subfield_period 1902 2020 905 1335
SIZE CONTROL subfield_period 1908 2000 906 1335
SIZE CONTROL subfield_period 1908 2005 907 1335
SIZE CONTROL subfield_period 1908 2010 908 1335
SIZE CONTROL subfield_period 1908 2015 909 1335
SIZE CONTROL subfield_period 1908 2020 910 1335
SIZE CONTROL subfield_period 1910 2000 911 1335
SIZE CONTROL subfield_period 1910 2005 912 1335
SIZE CONTROL subfield_period 1910 2010 913 1335
SIZE CONTROL subfield_period 1910 2015 914 1335
SIZE CONTROL subfield_period 1910 2020 915 1335
SIZE CONTROL subfield_period 1911 2000 916 1335
SIZE CONTROL subfield_period 1911 2005 917 1335
SIZE CONTROL subfield_period 1911 2010 918 1335
SIZE CONTROL subfield_period 1911 2015 919 1335
SIZE CONTROL subfield_period 1911 2020 920 1335
SIZE CONTROL subfield_period 2000 2000 921 1335
SIZE CONTROL subfield_period 2000 2005 922 1335
SIZE CONTROL subfield_period 2000 2010 923 1335
SIZE CONTROL subfield_period 2000 2015 924 1335
SIZE CONTROL subfield_period 2000 2020 925 1335
SIZE CONTROL subfield_period 2002 2000 926 1335
SIZE CONTROL subfield_period 2002 2005 927 1335
SIZE CONTROL subfield_period 2002 2010 928 1335
SIZE CONTROL subfield_period 2002 2015 929 1335
SIZE CONTROL subfield_period 2002 2020 930 1335
SIZE CONTROL subfield_period 2003 2000 931 1335
SIZE CONTROL subfield_period 2003 2005 932 1335
SIZE CONTROL subfield_period 2003 2010 933 1335
SIZE CONTROL subfield_period 2003 2015 934 1335
SIZE CONTROL subfield_period 2003 2020 935 1335
SIZE CONTROL subfield_period 2102 2000 936 1335
SIZE CONTROL subfield_period 2102 2005 937 1335
SIZE CONTROL subfield_period 2102 2010 938 1335
SIZE CONTROL subfield_period 2102 2015 939 1335
SIZE CONTROL subfield_period 2102 2020 940 1335
SIZE CONTROL subfield_period 2105 2000 941 1335
SIZE CONTROL subfield_period 2105 2005 942 1335
SIZE CONTROL subfield_period 2105 2010 943 1335
SIZE CONTROL subfield_period 2105 2015 944 1335
SIZE CONTROL subfield_period 2105 2020 945 1335
SIZE CONTROL subfield_period 2202 2000 946 1335
SIZE CONTROL subfield_period 2202 2005 947 1335
SIZE CONTROL subfield_period 2202 2010 948 1335
SIZE CONTROL subfield_period 2202 2015 949 1335
SIZE CONTROL subfield_period 2202 2020 950 1335
SIZE CONTROL subfield_period 2204 2000 951 1335
SIZE CONTROL subfield_period 2204 2005 952 1335
SIZE CONTROL subfield_period 2204 2010 953 1335
SIZE CONTROL subfield_period 2204 2015 954 1335
SIZE CONTROL subfield_period 2204 2020 955 1335
SIZE CONTROL subfield_period 2205 2000 956 1335
SIZE CONTROL subfield_period 2205 2005 957 1335
SIZE CONTROL subfield_period 2205 2010 958 1335
SIZE CONTROL subfield_period 2205 2015 959 1335
SIZE CONTROL subfield_period 2205 2020 960 1335
SIZE CONTROL subfield_period 2206 2000 961 1335
SIZE CONTROL subfield_period 2206 2005 962 1335
SIZE CONTROL subfield_period 2206 2010 963 1335
SIZE CONTROL subfield_period 2206 2015 964 1335
SIZE CONTROL subfield_period 2206 2020 965 1335
SIZE CONTROL subfield_period 2207 2000 966 1335
SIZE CONTROL subfield_period 2207 2005 967 1335
SIZE CONTROL subfield_period 2207 2010 968 1335
SIZE CONTROL subfield_period 2207 2015 969 1335
SIZE CONTROL subfield_period 2207 2020 970 1335
SIZE CONTROL subfield_period 2208 2000 971 1335
SIZE CONTROL subfield_period 2208 2005 972 1335
SIZE CONTROL subfield_period 2208 2010 973 1335
SIZE CONTROL subfield_period 2208 2015 974 1335
SIZE CONTROL subfield_period 2208 2020 975 1335
SIZE CONTROL subfield_period 2209 2000 976 1335
SIZE CONTROL subfield_period 2209 2005 977 1335
SIZE CONTROL subfield_period 2209 2010 978 1335
SIZE CONTROL subfield_period 2209 2015 979 1335
SIZE CONTROL subfield_period 2209 2020 980 1335
SIZE CONTROL subfield_period 2210 2000 981 1335
SIZE CONTROL subfield_period 2210 2005 982 1335
SIZE CONTROL subfield_period 2210 2010 983 1335
SIZE CONTROL subfield_period 2210 2015 984 1335
SIZE CONTROL subfield_period 2210 2020 985 1335
SIZE CONTROL subfield_period 2211 2000 986 1335
SIZE CONTROL subfield_period 2211 2005 987 1335
SIZE CONTROL subfield_period 2211 2010 988 1335
SIZE CONTROL subfield_period 2211 2015 989 1335
SIZE CONTROL subfield_period 2211 2020 990 1335
SIZE CONTROL subfield_period 2212 2000 991 1335
SIZE CONTROL subfield_period 2212 2005 992 1335
SIZE CONTROL subfield_period 2212 2010 993 1335
SIZE CONTROL subfield_period 2212 2015 994 1335
SIZE CONTROL subfield_period 2212 2020 995 1335
SIZE CONTROL subfield_period 2213 2000 996 1335
SIZE CONTROL subfield_period 2213 2005 997 1335
SIZE CONTROL subfield_period 2213 2010 998 1335
SIZE CONTROL subfield_period 2213 2015 999 1335
SIZE CONTROL subfield_period 2213 2020 1000 1335
SIZE CONTROL subfield_period 2215 2000 1001 1335
SIZE CONTROL subfield_period 2215 2005 1002 1335
SIZE CONTROL subfield_period 2215 2010 1003 1335
SIZE CONTROL subfield_period 2215 2015 1004 1335
SIZE CONTROL subfield_period 2215 2020 1005 1335
SIZE CONTROL subfield_period 2303 2000 1006 1335
SIZE CONTROL subfield_period 2303 2005 1007 1335
SIZE CONTROL subfield_period 2303 2010 1008 1335
SIZE CONTROL subfield_period 2303 2015 1009 1335
SIZE CONTROL subfield_period 2303 2020 1010 1335
SIZE CONTROL subfield_period 2304 2000 1011 1335
SIZE CONTROL subfield_period 2304 2005 1012 1335
SIZE CONTROL subfield_period 2304 2010 1013 1335
SIZE CONTROL subfield_period 2304 2015 1014 1335
SIZE CONTROL subfield_period 2304 2020 1015 1335
SIZE CONTROL subfield_period 2305 2000 1016 1335
SIZE CONTROL subfield_period 2305 2005 1017 1335
SIZE CONTROL subfield_period 2305 2010 1018 1335
SIZE CONTROL subfield_period 2305 2015 1019 1335
SIZE CONTROL subfield_period 2305 2020 1020 1335
SIZE CONTROL subfield_period 2306 2000 1021 1335
SIZE CONTROL subfield_period 2306 2005 1022 1335
SIZE CONTROL subfield_period 2306 2010 1023 1335
SIZE CONTROL subfield_period 2306 2015 1024 1335
SIZE CONTROL subfield_period 2306 2020 1025 1335
SIZE CONTROL subfield_period 2307 2000 1026 1335
SIZE CONTROL subfield_period 2307 2005 1027 1335
SIZE CONTROL subfield_period 2307 2010 1028 1335
SIZE CONTROL subfield_period 2307 2015 1029 1335
SIZE CONTROL subfield_period 2307 2020 1030 1335
SIZE CONTROL subfield_period 2308 2000 1031 1335
SIZE CONTROL subfield_period 2308 2005 1032 1335
SIZE CONTROL subfield_period 2308 2010 1033 1335
SIZE CONTROL subfield_period 2308 2015 1034 1335
SIZE CONTROL subfield_period 2308 2020 1035 1335
SIZE CONTROL subfield_period 2309 2000 1036 1335
SIZE CONTROL subfield_period 2309 2005 1037 1335
SIZE CONTROL subfield_period 2309 2010 1038 1335
SIZE CONTROL subfield_period 2309 2015 1039 1335
SIZE CONTROL subfield_period 2309 2020 1040 1335
SIZE CONTROL subfield_period 2310 2000 1041 1335
SIZE CONTROL subfield_period 2310 2005 1042 1335
SIZE CONTROL subfield_period 2310 2010 1043 1335
SIZE CONTROL subfield_period 2310 2015 1044 1335
SIZE CONTROL subfield_period 2310 2020 1045 1335
SIZE CONTROL subfield_period 2312 2000 1046 1335
SIZE CONTROL subfield_period 2312 2005 1047 1335
SIZE CONTROL subfield_period 2312 2010 1048 1335
SIZE CONTROL subfield_period 2312 2015 1049 1335
SIZE CONTROL subfield_period 2312 2020 1050 1335
SIZE CONTROL subfield_period 2403 2000 1051 1335
SIZE CONTROL subfield_period 2403 2005 1052 1335
SIZE CONTROL subfield_period 2403 2010 1053 1335
SIZE CONTROL subfield_period 2403 2015 1054 1335
SIZE CONTROL subfield_period 2403 2020 1055 1335
SIZE CONTROL subfield_period 2404 2000 1056 1335
SIZE CONTROL subfield_period 2404 2005 1057 1335
SIZE CONTROL subfield_period 2404 2010 1058 1335
SIZE CONTROL subfield_period 2404 2015 1059 1335
SIZE CONTROL subfield_period 2404 2020 1060 1335
SIZE CONTROL subfield_period 2405 2000 1061 1335
SIZE CONTROL subfield_period 2405 2005 1062 1335
SIZE CONTROL subfield_period 2405 2010 1063 1335
SIZE CONTROL subfield_period 2405 2015 1064 1335
SIZE CONTROL subfield_period 2405 2020 1065 1335
SIZE CONTROL subfield_period 2406 2000 1066 1335
SIZE CONTROL subfield_period 2406 2005 1067 1335
SIZE CONTROL subfield_period 2406 2010 1068 1335
SIZE CONTROL subfield_period 2406 2015 1069 1335
SIZE CONTROL subfield_period 2406 2020 1070 1335
SIZE CONTROL subfield_period 2502 2000 1071 1335
SIZE CONTROL subfield_period 2502 2005 1072 1335
SIZE CONTROL subfield_period 2502 2010 1073 1335
SIZE CONTROL subfield_period 2502 2015 1074 1335
SIZE CONTROL subfield_period 2502 2020 1075 1335
SIZE CONTROL subfield_period 2504 2000 1076 1335
SIZE CONTROL subfield_period 2504 2005 1077 1335
SIZE CONTROL subfield_period 2504 2010 1078 1335
SIZE CONTROL subfield_period 2504 2015 1079 1335
SIZE CONTROL subfield_period 2504 2020 1080 1335
SIZE CONTROL subfield_period 2505 2000 1081 1335
SIZE CONTROL subfield_period 2505 2005 1082 1335
SIZE CONTROL subfield_period 2505 2010 1083 1335
SIZE CONTROL subfield_period 2505 2015 1084 1335
SIZE CONTROL subfield_period 2505 2020 1085 1335
SIZE CONTROL subfield_period 2507 2000 1086 1335
SIZE CONTROL subfield_period 2507 2005 1087 1335
SIZE CONTROL subfield_period 2507 2010 1088 1335
SIZE CONTROL subfield_period 2507 2015 1089 1335
SIZE CONTROL subfield_period 2507 2020 1090 1335
SIZE CONTROL subfield_period 2604 2000 1091 1335
SIZE CONTROL subfield_period 2604 2005 1092 1335
SIZE CONTROL subfield_period 2604 2010 1093 1335
SIZE CONTROL subfield_period 2604 2015 1094 1335
SIZE CONTROL subfield_period 2604 2020 1095 1335
SIZE CONTROL subfield_period 2608 2000 1096 1335
SIZE CONTROL subfield_period 2608 2005 1097 1335
SIZE CONTROL subfield_period 2608 2010 1098 1335
SIZE CONTROL subfield_period 2608 2015 1099 1335
SIZE CONTROL subfield_period 2608 2020 1100 1335
SIZE CONTROL subfield_period 2610 2000 1101 1335
SIZE CONTROL subfield_period 2610 2005 1102 1335
SIZE CONTROL subfield_period 2610 2010 1103 1335
SIZE CONTROL subfield_period 2610 2015 1104 1335
SIZE CONTROL subfield_period 2610 2020 1105 1335
SIZE CONTROL subfield_period 2613 2000 1106 1335
SIZE CONTROL subfield_period 2613 2005 1107 1335
SIZE CONTROL subfield_period 2613 2010 1108 1335
SIZE CONTROL subfield_period 2613 2015 1109 1335
SIZE CONTROL subfield_period 2613 2020 1110 1335
SIZE CONTROL subfield_period 2705 2000 1111 1335
SIZE CONTROL subfield_period 2705 2005 1112 1335
SIZE CONTROL subfield_period 2705 2010 1113 1335
SIZE CONTROL subfield_period 2705 2015 1114 1335
SIZE CONTROL subfield_period 2705 2020 1115 1335
SIZE CONTROL subfield_period 2707 2000 1116 1335
SIZE CONTROL subfield_period 2707 2005 1117 1335
SIZE CONTROL subfield_period 2707 2010 1118 1335
SIZE CONTROL subfield_period 2707 2015 1119 1335
SIZE CONTROL subfield_period 2707 2020 1120 1335
SIZE CONTROL subfield_period 2712 2000 1121 1335
SIZE CONTROL subfield_period 2712 2005 1122 1335
SIZE CONTROL subfield_period 2712 2010 1123 1335
SIZE CONTROL subfield_period 2712 2015 1124 1335
SIZE CONTROL subfield_period 2712 2020 1125 1335
SIZE CONTROL subfield_period 2713 2000 1126 1335
SIZE CONTROL subfield_period 2713 2005 1127 1335
SIZE CONTROL subfield_period 2713 2010 1128 1335
SIZE CONTROL subfield_period 2713 2015 1129 1335
SIZE CONTROL subfield_period 2713 2020 1130 1335
SIZE CONTROL subfield_period 2720 2000 1131 1335
SIZE CONTROL subfield_period 2720 2005 1132 1335
SIZE CONTROL subfield_period 2720 2010 1133 1335
SIZE CONTROL subfield_period 2720 2015 1134 1335
SIZE CONTROL subfield_period 2720 2020 1135 1335
SIZE CONTROL subfield_period 2725 2000 1136 1335
SIZE CONTROL subfield_period 2725 2005 1137 1335
SIZE CONTROL subfield_period 2725 2010 1138 1335
SIZE CONTROL subfield_period 2725 2015 1139 1335
SIZE CONTROL subfield_period 2725 2020 1140 1335
SIZE CONTROL subfield_period 2728 2000 1141 1335
SIZE CONTROL subfield_period 2728 2005 1142 1335
SIZE CONTROL subfield_period 2728 2010 1143 1335
SIZE CONTROL subfield_period 2728 2015 1144 1335
SIZE CONTROL subfield_period 2728 2020 1145 1335
SIZE CONTROL subfield_period 2730 2000 1146 1335
SIZE CONTROL subfield_period 2730 2005 1147 1335
SIZE CONTROL subfield_period 2730 2010 1148 1335
SIZE CONTROL subfield_period 2730 2015 1149 1335
SIZE CONTROL subfield_period 2730 2020 1150 1335
SIZE CONTROL subfield_period 2734 2000 1151 1335
SIZE CONTROL subfield_period 2734 2005 1152 1335
SIZE CONTROL subfield_period 2734 2010 1153 1335
SIZE CONTROL subfield_period 2734 2015 1154 1335
SIZE CONTROL subfield_period 2734 2020 1155 1335
SIZE CONTROL subfield_period 2735 2000 1156 1335
SIZE CONTROL subfield_period 2735 2005 1157 1335
SIZE CONTROL subfield_period 2735 2010 1158 1335
SIZE CONTROL subfield_period 2735 2015 1159 1335
SIZE CONTROL subfield_period 2735 2020 1160 1335
SIZE CONTROL subfield_period 2736 2000 1161 1335
SIZE CONTROL subfield_period 2736 2005 1162 1335
SIZE CONTROL subfield_period 2736 2010 1163 1335
SIZE CONTROL subfield_period 2736 2015 1164 1335
SIZE CONTROL subfield_period 2736 2020 1165 1335
SIZE CONTROL subfield_period 2737 2000 1166 1335
SIZE CONTROL subfield_period 2737 2005 1167 1335
SIZE CONTROL subfield_period 2737 2010 1168 1335
SIZE CONTROL subfield_period 2737 2015 1169 1335
SIZE CONTROL subfield_period 2737 2020 1170 1335
SIZE CONTROL subfield_period 2738 2000 1171 1335
SIZE CONTROL subfield_period 2738 2005 1172 1335
SIZE CONTROL subfield_period 2738 2010 1173 1335
SIZE CONTROL subfield_period 2738 2015 1174 1335
SIZE CONTROL subfield_period 2738 2020 1175 1335
SIZE CONTROL subfield_period 2739 2000 1176 1335
SIZE CONTROL subfield_period 2739 2005 1177 1335
SIZE CONTROL subfield_period 2739 2010 1178 1335
SIZE CONTROL subfield_period 2739 2015 1179 1335
SIZE CONTROL subfield_period 2739 2020 1180 1335
SIZE CONTROL subfield_period 2740 2000 1181 1335
SIZE CONTROL subfield_period 2740 2005 1182 1335
SIZE CONTROL subfield_period 2740 2010 1183 1335
SIZE CONTROL subfield_period 2740 2015 1184 1335
SIZE CONTROL subfield_period 2740 2020 1185 1335
SIZE CONTROL subfield_period 2741 2000 1186 1335
SIZE CONTROL subfield_period 2741 2005 1187 1335
SIZE CONTROL subfield_period 2741 2010 1188 1335
SIZE CONTROL subfield_period 2741 2015 1189 1335
SIZE CONTROL subfield_period 2741 2020 1190 1335
SIZE CONTROL subfield_period 2745 2000 1191 1335
SIZE CONTROL subfield_period 2745 2005 1192 1335
SIZE CONTROL subfield_period 2745 2010 1193 1335
SIZE CONTROL subfield_period 2745 2015 1194 1335
SIZE CONTROL subfield_period 2745 2020 1195 1335
SIZE CONTROL subfield_period 2746 2000 1196 1335
SIZE CONTROL subfield_period 2746 2005 1197 1335
SIZE CONTROL subfield_period 2746 2010 1198 1335
SIZE CONTROL subfield_period 2746 2015 1199 1335
SIZE CONTROL subfield_period 2746 2020 1200 1335
SIZE CONTROL subfield_period 2804 2000 1201 1335
SIZE CONTROL subfield_period 2804 2005 1202 1335
SIZE CONTROL subfield_period 2804 2010 1203 1335
SIZE CONTROL subfield_period 2804 2015 1204 1335
SIZE CONTROL subfield_period 2804 2020 1205 1335
SIZE CONTROL subfield_period 2805 2000 1206 1335
SIZE CONTROL subfield_period 2805 2005 1207 1335
SIZE CONTROL subfield_period 2805 2010 1208 1335
SIZE CONTROL subfield_period 2805 2015 1209 1335
SIZE CONTROL subfield_period 2805 2020 1210 1335
SIZE CONTROL subfield_period 2808 2000 1211 1335
SIZE CONTROL subfield_period 2808 2005 1212 1335
SIZE CONTROL subfield_period 2808 2010 1213 1335
SIZE CONTROL subfield_period 2808 2015 1214 1335
SIZE CONTROL subfield_period 2808 2020 1215 1335
SIZE CONTROL subfield_period 2916 2000 1216 1335
SIZE CONTROL subfield_period 2916 2005 1217 1335
SIZE CONTROL subfield_period 2916 2010 1218 1335
SIZE CONTROL subfield_period 2916 2015 1219 1335
SIZE CONTROL subfield_period 2916 2020 1220 1335
SIZE CONTROL subfield_period 3003 2000 1221 1335
SIZE CONTROL subfield_period 3003 2005 1222 1335
SIZE CONTROL subfield_period 3003 2010 1223 1335
SIZE CONTROL subfield_period 3003 2015 1224 1335
SIZE CONTROL subfield_period 3003 2020 1225 1335
SIZE CONTROL subfield_period 3004 2000 1226 1335
SIZE CONTROL subfield_period 3004 2005 1227 1335
SIZE CONTROL subfield_period 3004 2010 1228 1335
SIZE CONTROL subfield_period 3004 2015 1229 1335
SIZE CONTROL subfield_period 3004 2020 1230 1335
SIZE CONTROL subfield_period 3005 2000 1231 1335
SIZE CONTROL subfield_period 3005 2005 1232 1335
SIZE CONTROL subfield_period 3005 2010 1233 1335
SIZE CONTROL subfield_period 3005 2015 1234 1335
SIZE CONTROL subfield_period 3005 2020 1235 1335
SIZE CONTROL subfield_period 3103 2000 1236 1335
SIZE CONTROL subfield_period 3103 2005 1237 1335
SIZE CONTROL subfield_period 3103 2010 1238 1335
SIZE CONTROL subfield_period 3103 2015 1239 1335
SIZE CONTROL subfield_period 3103 2020 1240 1335
SIZE CONTROL subfield_period 3104 2000 1241 1335
SIZE CONTROL subfield_period 3104 2005 1242 1335
SIZE CONTROL subfield_period 3104 2010 1243 1335
SIZE CONTROL subfield_period 3104 2015 1244 1335
SIZE CONTROL subfield_period 3104 2020 1245 1335
SIZE CONTROL subfield_period 3106 2000 1246 1335
SIZE CONTROL subfield_period 3106 2005 1247 1335
SIZE CONTROL subfield_period 3106 2010 1248 1335
SIZE CONTROL subfield_period 3106 2015 1249 1335
SIZE CONTROL subfield_period 3106 2020 1250 1335
SIZE CONTROL subfield_period 3107 2000 1251 1335
SIZE CONTROL subfield_period 3107 2005 1252 1335
SIZE CONTROL subfield_period 3107 2010 1253 1335
SIZE CONTROL subfield_period 3107 2015 1254 1335
SIZE CONTROL subfield_period 3107 2020 1255 1335
SIZE CONTROL subfield_period 3109 2000 1256 1335
SIZE CONTROL subfield_period 3109 2005 1257 1335
SIZE CONTROL subfield_period 3109 2010 1258 1335
SIZE CONTROL subfield_period 3109 2015 1259 1335
SIZE CONTROL subfield_period 3109 2020 1260 1335
SIZE CONTROL subfield_period 3203 2000 1261 1335
SIZE CONTROL subfield_period 3203 2005 1262 1335
SIZE CONTROL subfield_period 3203 2010 1263 1335
SIZE CONTROL subfield_period 3203 2015 1264 1335
SIZE CONTROL subfield_period 3203 2020 1265 1335
SIZE CONTROL subfield_period 3204 2000 1266 1335
SIZE CONTROL subfield_period 3204 2005 1267 1335
SIZE CONTROL subfield_period 3204 2010 1268 1335
SIZE CONTROL subfield_period 3204 2015 1269 1335
SIZE CONTROL subfield_period 3204 2020 1270 1335
SIZE CONTROL subfield_period 3205 2000 1271 1335
SIZE CONTROL subfield_period 3205 2005 1272 1335
SIZE CONTROL subfield_period 3205 2010 1273 1335
SIZE CONTROL subfield_period 3205 2015 1274 1335
SIZE CONTROL subfield_period 3205 2020 1275 1335
SIZE CONTROL subfield_period 3207 2000 1276 1335
SIZE CONTROL subfield_period 3207 2005 1277 1335
SIZE CONTROL subfield_period 3207 2010 1278 1335
SIZE CONTROL subfield_period 3207 2015 1279 1335
SIZE CONTROL subfield_period 3207 2020 1280 1335
SIZE CONTROL subfield_period 3304 2000 1281 1335
SIZE CONTROL subfield_period 3304 2005 1282 1335
SIZE CONTROL subfield_period 3304 2010 1283 1335
SIZE CONTROL subfield_period 3304 2015 1284 1335
SIZE CONTROL subfield_period 3304 2020 1285 1335
SIZE CONTROL subfield_period 3312 2000 1286 1335
SIZE CONTROL subfield_period 3312 2005 1287 1335
SIZE CONTROL subfield_period 3312 2010 1288 1335
SIZE CONTROL subfield_period 3312 2015 1289 1335
SIZE CONTROL subfield_period 3312 2020 1290 1335
SIZE CONTROL subfield_period 3320 2000 1291 1335
SIZE CONTROL subfield_period 3320 2005 1292 1335
SIZE CONTROL subfield_period 3320 2010 1293 1335
SIZE CONTROL subfield_period 3320 2015 1294 1335
SIZE CONTROL subfield_period 3320 2020 1295 1335
SIZE CONTROL subfield_period 3402 2000 1296 1335
SIZE CONTROL subfield_period 3402 2005 1297 1335
SIZE CONTROL subfield_period 3402 2010 1298 1335
SIZE CONTROL subfield_period 3402 2015 1299 1335
SIZE CONTROL subfield_period 3402 2020 1300 1335
SIZE CONTROL subfield_period 3404 2000 1301 1335
SIZE CONTROL subfield_period 3404 2005 1302 1335
SIZE CONTROL subfield_period 3404 2010 1303 1335
SIZE CONTROL subfield_period 3404 2015 1304 1335
SIZE CONTROL subfield_period 3404 2020 1305 1335
SIZE CONTROL subfield_period 3504 2000 1306 1335
SIZE CONTROL subfield_period 3504 2005 1307 1335
SIZE CONTROL subfield_period 3504 2010 1308 1335
SIZE CONTROL subfield_period 3504 2015 1309 1335
SIZE CONTROL subfield_period 3504 2020 1310 1335
SIZE CONTROL subfield_period 3505 2000 1311 1335
SIZE CONTROL subfield_period 3505 2005 1312 1335
SIZE CONTROL subfield_period 3505 2010 1313 1335
SIZE CONTROL subfield_period 3505 2015 1314 1335
SIZE CONTROL subfield_period 3505 2020 1315 1335
SIZE CONTROL subfield_period 3506 2000 1316 1335
SIZE CONTROL subfield_period 3506 2005 1317 1335
SIZE CONTROL subfield_period 3506 2010 1318 1335
SIZE CONTROL subfield_period 3506 2015 1319 1335
SIZE CONTROL subfield_period 3506 2020 1320 1335
SIZE CONTROL subfield_period 3600 2000 1321 1335
SIZE CONTROL subfield_period 3600 2005 1322 1335
SIZE CONTROL subfield_period 3600 2010 1323 1335
SIZE CONTROL subfield_period 3600 2015 1324 1335
SIZE CONTROL subfield_period 3600 2020 1325 1335
SIZE CONTROL subfield_period 3604 2000 1326 1335
SIZE CONTROL subfield_period 3604 2005 1327 1335
SIZE CONTROL subfield_period 3604 2010 1328 1335
SIZE CONTROL subfield_period 3604 2015 1329 1335
SIZE CONTROL subfield_period 3604 2020 1330 1335
SIZE CONTROL subfield_period 3616 2000 1331 1335
SIZE CONTROL subfield_period 3616 2005 1332 1335
SIZE CONTROL subfield_period 3616 2010 1333 1335
SIZE CONTROL subfield_period 3616 2015 1334 1335
SIZE CONTROL subfield_period 3616 2020 1335 1335
SUBFIELD SIZE AND SELECTION CONTROLS COMPLETE
SUBFIELD FOLLOW-UP COMPLETE
