Condiciones completas 5 /30
Condiciones completas 7 /30
Condiciones completas 8 /30
Condiciones completas 10 /30
Condiciones completas 11 /30
Condiciones completas 12 /30
Condiciones completas 13 /30
Condiciones completas 14 /30
Condiciones completas 15 /30
Condiciones completas 16 /30
Condiciones completas 17 /30
Condiciones completas 18 /30
Condiciones completas 20 /30
Condiciones completas 21 /30
Condiciones completas 22 /30
Condiciones completas 23 /30
Condiciones completas 24 /30
Condiciones completas 25 /30
Condiciones completas 26 /30
Condiciones completas 27 /30
Condiciones completas 28 /30
Condiciones completas 29 /30
Condiciones completas 30 /30
AUDIT simcse abstract PASS
AUDITS COMPLETE 30 /30
INPUT COMPARISONS Field 11 complete
INPUT COMPARISONS Field 12 complete
INPUT COMPARISONS Field 13 complete
INPUT COMPARISONS Field 14 complete
INPUT COMPARISONS Field 15 complete
INPUT COMPARISONS Field 16 complete
INPUT COMPARISONS Field 17 complete
INPUT COMPARISONS Field 18 complete
INPUT COMPARISONS Field 19 complete
INPUT COMPARISONS Field 20 complete
INPUT COMPARISONS Field 21 complete
INPUT COMPARISONS Field 22 complete
INPUT COMPARISONS Field 23 complete
INPUT COMPARISONS Field 24 complete
INPUT COMPARISONS Field 25 complete
INPUT COMPARISONS Field 26 complete
INPUT COMPARISONS Field 27 complete
INPUT COMPARISONS Field 28 complete
INPUT COMPARISONS Field 29 complete
INPUT COMPARISONS Field 30 complete
INPUT COMPARISONS Field 31 complete
INPUT COMPARISONS Field 32 complete
INPUT COMPARISONS Field 33 complete
INPUT COMPARISONS Field 34 complete
INPUT COMPARISONS Field 35 complete
INPUT COMPARISONS Field 36 complete
PAIRED INPUT ANALYSIS COMPLETE
PILOT FINISHED AND AUDITED
