minilm/title_abstract: 1,024/26,000 — 11536.0 artículos/s
specter/title_abstract: 1,024/26,000 — 9638.9 artículos/s
specter/title_abstract: 2,048/26,000 — 7578.6 artículos/s
specter/title_abstract: 3,072/26,000 — 7596.8 artículos/s
specter/title_abstract: 4,096/26,000 — 8570.5 artículos/s
specter/title_abstract: 5,120/26,000 — 5730.0 artículos/s
specter/title_abstract: 6,144/26,000 — 8509.8 artículos/s
specter/title_abstract: 7,168/26,000 — 10112.5 artículos/s
specter/title_abstract: 8,192/26,000 — 6967.9 artículos/s
specter/title_abstract: 9,216/26,000 — 5536.1 artículos/s
specter/title_abstract: 10,240/26,000 — 10959.7 artículos/s
specter/title_abstract: 11,264/26,000 — 8837.5 artículos/s
specter/title_abstract: 12,288/26,000 — 6409.1 artículos/s
specter/title_abstract: 13,312/26,000 — 5708.5 artículos/s
specter/title_abstract: 14,336/26,000 — 5536.9 artículos/s
specter/title_abstract: 15,360/26,000 — 5007.2 artículos/s
specter/title_abstract: 16,384/26,000 — 5515.7 artículos/s
specter/title_abstract: 17,408/26,000 — 11045.8 artículos/s
specter/title_abstract: 18,432/26,000 — 13840.8 artículos/s
specter/title_abstract: 19,456/26,000 — 17339.4 artículos/s
specter/title_abstract: 20,480/26,000 — 14043.7 artículos/s
specter/title_abstract: 21,504/26,000 — 13694.7 artículos/s
specter/title_abstract: 22,528/26,000 — 11992.1 artículos/s
specter/title_abstract: 23,552/26,000 — 10895.1 artículos/s
specter/title_abstract: 24,576/26,000 — 12495.1 artículos/s
specter/title_abstract: 25,600/26,000 — 11315.0 artículos/s
specter/title_abstract: 26,000/26,000 — 10788.2 artículos/s
`torch_dtype` is deprecated! Use `dtype` instead!
specter/title: 1,024/26,000 — 525.6 artículos/s
specter/title: 2,048/26,000 — 593.7 artículos/s
specter/title: 3,072/26,000 — 584.1 artículos/s
specter/title: 4,096/26,000 — 579.6 artículos/s
specter/title: 5,120/26,000 — 586.5 artículos/s
specter/title: 6,144/26,000 — 636.7 artículos/s
specter/title: 7,168/26,000 — 589.5 artículos/s
specter/title: 8,192/26,000 — 623.6 artículos/s
specter/title: 9,216/26,000 — 595.2 artículos/s
specter/title: 10,240/26,000 — 611.6 artículos/s
specter/title: 11,264/26,000 — 641.2 artículos/s
specter/title: 12,288/26,000 — 644.8 artículos/s
specter/title: 13,312/26,000 — 585.0 artículos/s
specter/title: 14,336/26,000 — 612.4 artículos/s
specter/title: 15,360/26,000 — 572.2 artículos/s
specter/title: 16,384/26,000 — 569.3 artículos/s
specter/title: 17,408/26,000 — 577.8 artículos/s
specter/title: 18,432/26,000 — 550.0 artículos/s
specter/title: 19,456/26,000 — 668.2 artículos/s
specter/title: 20,480/26,000 — 638.3 artículos/s
specter/title: 21,504/26,000 — 646.5 artículos/s
specter/title: 22,528/26,000 — 661.0 artículos/s
specter/title: 23,552/26,000 — 606.7 artículos/s
specter/title: 24,576/26,000 — 556.7 artículos/s
specter/title: 25,600/26,000 — 657.7 artículos/s
specter/title: 26,000/26,000 — 629.7 artículos/s
specter/abstract: 1,024/26,000 — 47.5 artículos/s
specter/abstract: 2,048/26,000 — 47.8 artículos/s
specter/abstract: 3,072/26,000 — 49.5 artículos/s
specter/abstract: 4,096/26,000 — 48.0 artículos/s
specter/abstract: 5,120/26,000 — 46.6 artículos/s
specter/abstract: 6,144/26,000 — 45.5 artículos/s
specter/abstract: 7,168/26,000 — 45.3 artículos/s
specter/abstract: 8,192/26,000 — 45.1 artículos/s
specter/abstract: 9,216/26,000 — 45.8 artículos/s
specter/abstract: 10,240/26,000 — 47.3 artículos/s
specter/abstract: 11,264/26,000 — 46.5 artículos/s
specter/abstract: 12,288/26,000 — 46.9 artículos/s
specter/abstract: 13,312/26,000 — 45.1 artículos/s
specter/abstract: 14,336/26,000 — 46.0 artículos/s
specter/abstract: 15,360/26,000 — 45.0 artículos/s
specter/abstract: 16,384/26,000 — 45.8 artículos/s
specter/abstract: 17,408/26,000 — 46.9 artículos/s
specter/abstract: 18,432/26,000 — 49.1 artículos/s
specter/abstract: 19,456/26,000 — 49.2 artículos/s
specter/abstract: 20,480/26,000 — 51.8 artículos/s
specter/abstract: 21,504/26,000 — 50.0 artículos/s
specter/abstract: 22,528/26,000 — 47.2 artículos/s
specter/abstract: 23,552/26,000 — 45.6 artículos/s
specter/abstract: 24,576/26,000 — 45.4 artículos/s
specter/abstract: 25,600/26,000 — 45.2 artículos/s
specter/abstract: 26,000/26,000 — 45.0 artículos/s
specter2/title_abstract: 1,024/26,000 — 8557.3 artículos/s
specter2/title_abstract: 2,048/26,000 — 7809.5 artículos/s
specter2/title_abstract: 3,072/26,000 — 11625.8 artículos/s
specter2/title_abstract: 4,096/26,000 — 9104.2 artículos/s
specter2/title_abstract: 5,120/26,000 — 7042.8 artículos/s
specter2/title_abstract: 6,144/26,000 — 9118.7 artículos/s
specter2/title_abstract: 7,168/26,000 — 6483.7 artículos/s
specter2/title_abstract: 8,192/26,000 — 7104.6 artículos/s
specter2/title_abstract: 9,216/26,000 — 10786.4 artículos/s
specter2/title_abstract: 10,240/26,000 — 9577.5 artículos/s
specter2/title_abstract: 11,264/26,000 — 5706.1 artículos/s
specter2/title_abstract: 12,288/26,000 — 6842.4 artículos/s
specter2/title_abstract: 13,312/26,000 — 9036.2 artículos/s
specter2/title_abstract: 14,336/26,000 — 7495.8 artículos/s
specter2/title_abstract: 15,360/26,000 — 6152.9 artículos/s
specter2/title_abstract: 16,384/26,000 — 5630.6 artículos/s
specter2/title_abstract: 17,408/26,000 — 7908.6 artículos/s
specter2/title_abstract: 18,432/26,000 — 10766.8 artículos/s
specter2/title_abstract: 19,456/26,000 — 11941.8 artículos/s
specter2/title_abstract: 20,480/26,000 — 12856.6 artículos/s
specter2/title_abstract: 21,504/26,000 — 12919.9 artículos/s
specter2/title_abstract: 22,528/26,000 — 11903.6 artículos/s
specter2/title_abstract: 23,552/26,000 — 10928.3 artículos/s
specter2/title_abstract: 24,576/26,000 — 11352.5 artículos/s
specter2/title_abstract: 25,600/26,000 — 12777.7 artículos/s
specter2/title_abstract: 26,000/26,000 — 9078.4 artículos/s
`torch_dtype` is deprecated! Use `dtype` instead!
There are adapters available but none are activated for the forward pass.
specter2/title: 1,024/26,000 — 510.2 artículos/s
specter2/title: 2,048/26,000 — 629.6 artículos/s
specter2/title: 3,072/26,000 — 623.6 artículos/s
specter2/title: 4,096/26,000 — 597.6 artículos/s
specter2/title: 5,120/26,000 — 610.0 artículos/s
specter2/title: 6,144/26,000 — 665.6 artículos/s
specter2/title: 7,168/26,000 — 629.2 artículos/s
specter2/title: 8,192/26,000 — 650.1 artículos/s
specter2/title: 9,216/26,000 — 622.0 artículos/s
specter2/title: 10,240/26,000 — 641.3 artículos/s
specter2/title: 11,264/26,000 — 642.2 artículos/s
specter2/title: 12,288/26,000 — 654.1 artículos/s
specter2/title: 13,312/26,000 — 586.4 artículos/s
specter2/title: 14,336/26,000 — 622.9 artículos/s
specter2/title: 15,360/26,000 — 589.3 artículos/s
specter2/title: 16,384/26,000 — 594.9 artículos/s
specter2/title: 17,408/26,000 — 593.4 artículos/s
specter2/title: 18,432/26,000 — 567.8 artículos/s
specter2/title: 19,456/26,000 — 693.8 artículos/s
specter2/title: 20,480/26,000 — 654.3 artículos/s
specter2/title: 21,504/26,000 — 669.0 artículos/s
specter2/title: 22,528/26,000 — 688.2 artículos/s
specter2/title: 23,552/26,000 — 615.5 artículos/s
specter2/title: 24,576/26,000 — 482.0 artículos/s
specter2/title: 25,600/26,000 — 506.2 artículos/s
specter2/title: 26,000/26,000 — 514.7 artículos/s
specter2/abstract: 1,024/26,000 — 43.8 artículos/s
specter2/abstract: 2,048/26,000 — 51.0 artículos/s
specter2/abstract: 3,072/26,000 — 53.3 artículos/s
specter2/abstract: 4,096/26,000 — 52.4 artículos/s
specter2/abstract: 5,120/26,000 — 51.4 artículos/s
specter2/abstract: 6,144/26,000 — 51.1 artículos/s
specter2/abstract: 7,168/26,000 — 50.3 artículos/s
specter2/abstract: 8,192/26,000 — 51.7 artículos/s
specter2/abstract: 9,216/26,000 — 51.8 artículos/s
specter2/abstract: 10,240/26,000 — 53.0 artículos/s
specter2/abstract: 11,264/26,000 — 52.2 artículos/s
specter2/abstract: 12,288/26,000 — 52.2 artículos/s
specter2/abstract: 13,312/26,000 — 50.3 artículos/s
specter2/abstract: 14,336/26,000 — 51.3 artículos/s
specter2/abstract: 15,360/26,000 — 50.2 artículos/s
specter2/abstract: 16,384/26,000 — 52.0 artículos/s
specter2/abstract: 17,408/26,000 — 52.5 artículos/s
specter2/abstract: 18,432/26,000 — 55.2 artículos/s
specter2/abstract: 19,456/26,000 — 54.6 artículos/s
specter2/abstract: 20,480/26,000 — 58.3 artículos/s
specter2/abstract: 21,504/26,000 — 55.1 artículos/s
specter2/abstract: 22,528/26,000 — 51.8 artículos/s
specter2/abstract: 23,552/26,000 — 49.9 artículos/s
specter2/abstract: 24,576/26,000 — 49.6 artículos/s
specter2/abstract: 25,600/26,000 — 49.5 artículos/s
specter2/abstract: 26,000/26,000 — 47.0 artículos/s
scincl/title_abstract: 1,024/26,000 — 8383.4 artículos/s
scincl/title_abstract: 2,048/26,000 — 11724.2 artículos/s
scincl/title_abstract: 3,072/26,000 — 6350.9 artículos/s
scincl/title_abstract: 4,096/26,000 — 7303.0 artículos/s
scincl/title_abstract: 5,120/26,000 — 9629.4 artículos/s
scincl/title_abstract: 6,144/26,000 — 8221.3 artículos/s
scincl/title_abstract: 7,168/26,000 — 7086.1 artículos/s
scincl/title_abstract: 8,192/26,000 — 10244.6 artículos/s
scincl/title_abstract: 9,216/26,000 — 6903.3 artículos/s
scincl/title_abstract: 10,240/26,000 — 8149.3 artículos/s
scincl/title_abstract: 11,264/26,000 — 5804.7 artículos/s
scincl/title_abstract: 12,288/26,000 — 5683.0 artículos/s
scincl/title_abstract: 13,312/26,000 — 5980.4 artículos/s
scincl/title_abstract: 14,336/26,000 — 6447.5 artículos/s
scincl/title_abstract: 15,360/26,000 — 5358.5 artículos/s
scincl/title_abstract: 16,384/26,000 — 6241.2 artículos/s
scincl/title_abstract: 17,408/26,000 — 8222.7 artículos/s
scincl/title_abstract: 18,432/26,000 — 12474.9 artículos/s
scincl/title_abstract: 19,456/26,000 — 12530.0 artículos/s
scincl/title_abstract: 20,480/26,000 — 11457.6 artículos/s
scincl/title_abstract: 21,504/26,000 — 15194.7 artículos/s
scincl/title_abstract: 22,528/26,000 — 18958.4 artículos/s
scincl/title_abstract: 23,552/26,000 — 22797.2 artículos/s
scincl/title_abstract: 24,576/26,000 — 19591.1 artículos/s
scincl/title_abstract: 25,600/26,000 — 14123.1 artículos/s
scincl/title_abstract: 26,000/26,000 — 12519.4 artículos/s
`torch_dtype` is deprecated! Use `dtype` instead!
scincl/title: 1,024/26,000 — 616.2 artículos/s
scincl/title: 2,048/26,000 — 693.1 artículos/s
scincl/title: 3,072/26,000 — 696.5 artículos/s
scincl/title: 4,096/26,000 — 670.3 artículos/s
scincl/title: 5,120/26,000 — 676.1 artículos/s
scincl/title: 6,144/26,000 — 729.1 artículos/s
scincl/title: 7,168/26,000 — 690.9 artículos/s
scincl/title: 8,192/26,000 — 712.7 artículos/s
scincl/title: 9,216/26,000 — 684.3 artículos/s
scincl/title: 10,240/26,000 — 704.7 artículos/s
scincl/title: 11,264/26,000 — 713.0 artículos/s
scincl/title: 12,288/26,000 — 714.6 artículos/s
scincl/title: 13,312/26,000 — 656.4 artículos/s
scincl/title: 14,336/26,000 — 671.0 artículos/s
scincl/title: 15,360/26,000 — 650.4 artículos/s
scincl/title: 16,384/26,000 — 653.8 artículos/s
scincl/title: 17,408/26,000 — 683.1 artículos/s
scincl/title: 18,432/26,000 — 622.9 artículos/s
scincl/title: 19,456/26,000 — 776.6 artículos/s
scincl/title: 20,480/26,000 — 733.3 artículos/s
scincl/title: 21,504/26,000 — 740.6 artículos/s
scincl/title: 22,528/26,000 — 760.1 artículos/s
scincl/title: 23,552/26,000 — 692.4 artículos/s
scincl/title: 24,576/26,000 — 641.2 artículos/s
scincl/title: 25,600/26,000 — 735.6 artículos/s
scincl/title: 26,000/26,000 — 735.2 artículos/s
scincl/abstract: 1,024/26,000 — 52.3 artículos/s
scincl/abstract: 2,048/26,000 — 53.1 artículos/s
scincl/abstract: 3,072/26,000 — 55.2 artículos/s
scincl/abstract: 4,096/26,000 — 54.2 artículos/s
scincl/abstract: 5,120/26,000 — 53.5 artículos/s
scincl/abstract: 6,144/26,000 — 52.8 artículos/s
scincl/abstract: 7,168/26,000 — 52.3 artículos/s
scincl/abstract: 8,192/26,000 — 53.2 artículos/s
scincl/abstract: 9,216/26,000 — 53.4 artículos/s
scincl/abstract: 10,240/26,000 — 54.1 artículos/s
scincl/abstract: 11,264/26,000 — 53.9 artículos/s
scincl/abstract: 12,288/26,000 — 54.1 artículos/s
scincl/abstract: 13,312/26,000 — 51.9 artículos/s
scincl/abstract: 14,336/26,000 — 53.2 artículos/s
scincl/abstract: 15,360/26,000 — 51.7 artículos/s
scincl/abstract: 16,384/26,000 — 53.1 artículos/s
scincl/abstract: 17,408/26,000 — 54.0 artículos/s
scincl/abstract: 18,432/26,000 — 56.9 artículos/s
scincl/abstract: 19,456/26,000 — 55.6 artículos/s
scincl/abstract: 20,480/26,000 — 59.8 artículos/s
scincl/abstract: 21,504/26,000 — 56.6 artículos/s
scincl/abstract: 22,528/26,000 — 53.3 artículos/s
scincl/abstract: 23,552/26,000 — 51.4 artículos/s
scincl/abstract: 24,576/26,000 — 51.0 artículos/s
scincl/abstract: 25,600/26,000 — 51.0 artículos/s
scincl/abstract: 26,000/26,000 — 48.3 artículos/s
scibert/title_abstract: 1,024/26,000 — 4423.0 artículos/s
scibert/title_abstract: 2,048/26,000 — 3488.9 artículos/s
scibert/title_abstract: 3,072/26,000 — 3190.6 artículos/s
scibert/title_abstract: 4,096/26,000 — 3446.8 artículos/s
scibert/title_abstract: 5,120/26,000 — 2503.1 artículos/s
scibert/title_abstract: 6,144/26,000 — 4071.2 artículos/s
scibert/title_abstract: 7,168/26,000 — 2496.7 artículos/s
scibert/title_abstract: 8,192/26,000 — 2643.0 artículos/s
scibert/title_abstract: 9,216/26,000 — 3359.9 artículos/s
scibert/title_abstract: 10,240/26,000 — 3118.3 artículos/s
scibert/title_abstract: 11,264/26,000 — 2668.5 artículos/s
scibert/title_abstract: 12,288/26,000 — 3767.8 artículos/s
scibert/title_abstract: 13,312/26,000 — 2892.9 artículos/s
scibert/title_abstract: 14,336/26,000 — 4703.9 artículos/s
scibert/title_abstract: 15,360/26,000 — 5064.6 artículos/s
scibert/title_abstract: 16,384/26,000 — 3529.5 artículos/s
scibert/title_abstract: 17,408/26,000 — 5552.3 artículos/s
scibert/title_abstract: 18,432/26,000 — 5150.9 artículos/s
scibert/title_abstract: 19,456/26,000 — 5891.5 artículos/s
scibert/title_abstract: 20,480/26,000 — 5487.0 artículos/s
scibert/title_abstract: 21,504/26,000 — 4893.5 artículos/s
scibert/title_abstract: 22,528/26,000 — 6763.8 artículos/s
scibert/title_abstract: 23,552/26,000 — 6303.2 artículos/s
scibert/title_abstract: 24,576/26,000 — 11125.8 artículos/s
scibert/title_abstract: 25,600/26,000 — 7122.5 artículos/s
scibert/title_abstract: 26,000/26,000 — 6298.0 artículos/s
`torch_dtype` is deprecated! Use `dtype` instead!
scibert/title: 1,024/26,000 — 615.4 artículos/s
scibert/title: 2,048/26,000 — 671.4 artículos/s
scibert/title: 3,072/26,000 — 680.0 artículos/s
scibert/title: 4,096/26,000 — 638.9 artículos/s
scibert/title: 5,120/26,000 — 659.4 artículos/s
scibert/title: 6,144/26,000 — 712.5 artículos/s
scibert/title: 7,168/26,000 — 674.5 artículos/s
scibert/title: 8,192/26,000 — 692.4 artículos/s
scibert/title: 9,216/26,000 — 665.9 artículos/s
scibert/title: 10,240/26,000 — 684.4 artículos/s
scibert/title: 11,264/26,000 — 698.4 artículos/s
scibert/title: 12,288/26,000 — 702.1 artículos/s
scibert/title: 13,312/26,000 — 637.9 artículos/s
scibert/title: 14,336/26,000 — 674.7 artículos/s
scibert/title: 15,360/26,000 — 635.7 artículos/s
scibert/title: 16,384/26,000 — 638.5 artículos/s
scibert/title: 17,408/26,000 — 667.1 artículos/s
scibert/title: 18,432/26,000 — 609.0 artículos/s
scibert/title: 19,456/26,000 — 758.7 artículos/s
scibert/title: 20,480/26,000 — 721.6 artículos/s
scibert/title: 21,504/26,000 — 706.2 artículos/s
scibert/title: 22,528/26,000 — 742.3 artículos/s
scibert/title: 23,552/26,000 — 682.1 artículos/s
scibert/title: 24,576/26,000 — 631.9 artículos/s
scibert/title: 25,600/26,000 — 724.2 artículos/s
scibert/title: 26,000/26,000 — 719.2 artículos/s
scibert/abstract: 1,024/26,000 — 52.5 artículos/s
scibert/abstract: 2,048/26,000 — 53.3 artículos/s
scibert/abstract: 3,072/26,000 — 55.3 artículos/s
scibert/abstract: 4,096/26,000 — 54.6 artículos/s
scibert/abstract: 5,120/26,000 — 53.8 artículos/s
scibert/abstract: 6,144/26,000 — 53.0 artículos/s
scibert/abstract: 7,168/26,000 — 52.3 artículos/s
scibert/abstract: 8,192/26,000 — 53.3 artículos/s
scibert/abstract: 9,216/26,000 — 53.5 artículos/s
scibert/abstract: 10,240/26,000 — 55.1 artículos/s
scibert/abstract: 11,264/26,000 — 54.0 artículos/s
scibert/abstract: 12,288/26,000 — 53.8 artículos/s
scibert/abstract: 13,312/26,000 — 51.6 artículos/s
scibert/abstract: 14,336/26,000 — 50.4 artículos/s
scibert/abstract: 15,360/26,000 — 49.9 artículos/s
scibert/abstract: 16,384/26,000 — 52.3 artículos/s
scibert/abstract: 17,408/26,000 — 52.8 artículos/s
scibert/abstract: 18,432/26,000 — 56.3 artículos/s
scibert/abstract: 19,456/26,000 — 56.0 artículos/s
scibert/abstract: 20,480/26,000 — 59.9 artículos/s
scibert/abstract: 21,504/26,000 — 56.6 artículos/s
scibert/abstract: 22,528/26,000 — 53.3 artículos/s
scibert/abstract: 23,552/26,000 — 51.4 artículos/s
scibert/abstract: 24,576/26,000 — 50.9 artículos/s
scibert/abstract: 25,600/26,000 — 51.0 artículos/s
scibert/abstract: 26,000/26,000 — 48.4 artículos/s
bert/title_abstract: 1,024/26,000 — 3922.2 artículos/s
bert/title_abstract: 2,048/26,000 — 3877.7 artículos/s
bert/title_abstract: 3,072/26,000 — 3887.3 artículos/s
bert/title_abstract: 4,096/26,000 — 3663.3 artículos/s
bert/title_abstract: 5,120/26,000 — 3799.5 artículos/s
bert/title_abstract: 6,144/26,000 — 3272.7 artículos/s
bert/title_abstract: 7,168/26,000 — 4491.8 artículos/s
bert/title_abstract: 8,192/26,000 — 2659.8 artículos/s
bert/title_abstract: 9,216/26,000 — 2650.0 artículos/s
bert/title_abstract: 10,240/26,000 — 2877.4 artículos/s
bert/title_abstract: 11,264/26,000 — 3844.9 artículos/s
bert/title_abstract: 12,288/26,000 — 4064.3 artículos/s
bert/title_abstract: 13,312/26,000 — 2753.5 artículos/s
bert/title_abstract: 14,336/26,000 — 4230.8 artículos/s
bert/title_abstract: 15,360/26,000 — 2743.4 artículos/s
bert/title_abstract: 16,384/26,000 — 3036.1 artículos/s
bert/title_abstract: 17,408/26,000 — 7822.6 artículos/s
bert/title_abstract: 18,432/26,000 — 5163.0 artículos/s
bert/title_abstract: 19,456/26,000 — 5352.9 artículos/s
bert/title_abstract: 20,480/26,000 — 5109.1 artículos/s
bert/title_abstract: 21,504/26,000 — 10577.9 artículos/s
bert/title_abstract: 22,528/26,000 — 4821.3 artículos/s
bert/title_abstract: 23,552/26,000 — 5141.8 artículos/s
bert/title_abstract: 24,576/26,000 — 6271.7 artículos/s
bert/title_abstract: 25,600/26,000 — 5530.2 artículos/s
bert/title_abstract: 26,000/26,000 — 4071.0 artículos/s
`torch_dtype` is deprecated! Use `dtype` instead!
bert/title: 1,024/26,000 — 573.1 artículos/s
bert/title: 2,048/26,000 — 631.2 artículos/s
bert/title: 3,072/26,000 — 627.6 artículos/s
bert/title: 4,096/26,000 — 595.1 artículos/s
bert/title: 5,120/26,000 — 610.7 artículos/s
bert/title: 6,144/26,000 — 656.2 artículos/s
bert/title: 7,168/26,000 — 611.7 artículos/s
bert/title: 8,192/26,000 — 616.4 artículos/s
bert/title: 9,216/26,000 — 591.0 artículos/s
bert/title: 10,240/26,000 — 635.7 artículos/s
bert/title: 11,264/26,000 — 662.1 artículos/s
bert/title: 12,288/26,000 — 644.2 artículos/s
bert/title: 13,312/26,000 — 584.3 artículos/s
bert/title: 14,336/26,000 — 620.9 artículos/s
bert/title: 15,360/26,000 — 574.4 artículos/s
bert/title: 16,384/26,000 — 579.1 artículos/s
bert/title: 17,408/26,000 — 633.7 artículos/s
bert/title: 18,432/26,000 — 543.1 artículos/s
bert/title: 19,456/26,000 — 709.8 artículos/s
bert/title: 20,480/26,000 — 644.8 artículos/s
bert/title: 21,504/26,000 — 654.0 artículos/s
bert/title: 22,528/26,000 — 642.8 artículos/s
bert/title: 23,552/26,000 — 586.7 artículos/s
bert/title: 24,576/26,000 — 567.3 artículos/s
bert/title: 25,600/26,000 — 655.7 artículos/s
bert/title: 26,000/26,000 — 676.8 artículos/s
bert/abstract: 1,024/26,000 — 51.1 artículos/s
bert/abstract: 2,048/26,000 — 52.0 artículos/s
bert/abstract: 3,072/26,000 — 52.5 artículos/s
bert/abstract: 4,096/26,000 — 52.2 artículos/s
bert/abstract: 5,120/26,000 — 51.7 artículos/s
bert/abstract: 6,144/26,000 — 50.9 artículos/s
bert/abstract: 7,168/26,000 — 50.9 artículos/s
bert/abstract: 8,192/26,000 — 51.4 artículos/s
bert/abstract: 9,216/26,000 — 51.4 artículos/s
bert/abstract: 10,240/26,000 — 52.7 artículos/s
bert/abstract: 11,264/26,000 — 51.5 artículos/s
bert/abstract: 12,288/26,000 — 51.8 artículos/s
bert/abstract: 13,312/26,000 — 49.8 artículos/s
bert/abstract: 14,336/26,000 — 51.6 artículos/s
bert/abstract: 15,360/26,000 — 49.9 artículos/s
bert/abstract: 16,384/26,000 — 52.1 artículos/s
bert/abstract: 17,408/26,000 — 52.9 artículos/s
bert/abstract: 18,432/26,000 — 53.8 artículos/s
bert/abstract: 19,456/26,000 — 55.2 artículos/s
bert/abstract: 20,480/26,000 — 57.3 artículos/s
bert/abstract: 21,504/26,000 — 54.3 artículos/s
bert/abstract: 22,528/26,000 — 51.3 artículos/s
bert/abstract: 23,552/26,000 — 49.1 artículos/s
bert/abstract: 24,576/26,000 — 49.7 artículos/s
bert/abstract: 25,600/26,000 — 49.3 artículos/s
bert/abstract: 26,000/26,000 — 48.0 artículos/s
mpnet/title_abstract: 1,024/26,000 — 10710.1 artículos/s
mpnet/title_abstract: 2,048/26,000 — 8656.0 artículos/s
mpnet/title_abstract: 3,072/26,000 — 11790.3 artículos/s
mpnet/title_abstract: 4,096/26,000 — 6887.8 artículos/s
mpnet/title_abstract: 5,120/26,000 — 6546.9 artículos/s
mpnet/title_abstract: 6,144/26,000 — 7257.4 artículos/s
mpnet/title_abstract: 7,168/26,000 — 9035.7 artículos/s
mpnet/title_abstract: 8,192/26,000 — 8848.9 artículos/s
mpnet/title_abstract: 9,216/26,000 — 10960.8 artículos/s
mpnet/title_abstract: 10,240/26,000 — 6705.0 artículos/s
mpnet/title_abstract: 11,264/26,000 — 7682.2 artículos/s
mpnet/title_abstract: 12,288/26,000 — 10845.5 artículos/s
mpnet/title_abstract: 13,312/26,000 — 7654.3 artículos/s
mpnet/title_abstract: 14,336/26,000 — 6414.0 artículos/s
mpnet/title_abstract: 15,360/26,000 — 5414.4 artículos/s
mpnet/title_abstract: 16,384/26,000 — 5461.0 artículos/s
mpnet/title_abstract: 17,408/26,000 — 10958.6 artículos/s
mpnet/title_abstract: 18,432/26,000 — 17978.7 artículos/s
mpnet/title_abstract: 19,456/26,000 — 13741.3 artículos/s
mpnet/title_abstract: 20,480/26,000 — 13728.1 artículos/s
mpnet/title_abstract: 21,504/26,000 — 12970.7 artículos/s
mpnet/title_abstract: 22,528/26,000 — 12979.2 artículos/s
mpnet/title_abstract: 23,552/26,000 — 13136.1 artículos/s
mpnet/title_abstract: 24,576/26,000 — 13738.4 artículos/s
mpnet/title_abstract: 25,600/26,000 — 12209.7 artículos/s
mpnet/title_abstract: 26,000/26,000 — 11278.1 artículos/s
`torch_dtype` is deprecated! Use `dtype` instead!
mpnet/title: 1,024/26,000 — 560.2 artículos/s
mpnet/title: 2,048/26,000 — 636.0 artículos/s
mpnet/title: 3,072/26,000 — 632.7 artículos/s
mpnet/title: 4,096/26,000 — 607.6 artículos/s
mpnet/title: 5,120/26,000 — 608.3 artículos/s
mpnet/title: 6,144/26,000 — 663.0 artículos/s
mpnet/title: 7,168/26,000 — 613.2 artículos/s
mpnet/title: 8,192/26,000 — 615.3 artículos/s
mpnet/title: 9,216/26,000 — 590.4 artículos/s
mpnet/title: 10,240/26,000 — 635.1 artículos/s
mpnet/title: 11,264/26,000 — 663.0 artículos/s
mpnet/title: 12,288/26,000 — 643.0 artículos/s
mpnet/title: 13,312/26,000 — 583.2 artículos/s
mpnet/title: 14,336/26,000 — 643.0 artículos/s
mpnet/title: 15,360/26,000 — 594.3 artículos/s
mpnet/title: 16,384/26,000 — 605.1 artículos/s
mpnet/title: 17,408/26,000 — 665.1 artículos/s
mpnet/title: 18,432/26,000 — 553.5 artículos/s
mpnet/title: 19,456/26,000 — 744.8 artículos/s
mpnet/title: 20,480/26,000 — 673.9 artículos/s
mpnet/title: 21,504/26,000 — 685.3 artículos/s
mpnet/title: 22,528/26,000 — 676.1 artículos/s
mpnet/title: 23,552/26,000 — 612.1 artículos/s
mpnet/title: 24,576/26,000 — 586.9 artículos/s
mpnet/title: 25,600/26,000 — 685.3 artículos/s
mpnet/title: 26,000/26,000 — 707.3 artículos/s
mpnet/abstract: 1,024/26,000 — 65.5 artículos/s
mpnet/abstract: 2,048/26,000 — 65.0 artículos/s
mpnet/abstract: 3,072/26,000 — 63.5 artículos/s
mpnet/abstract: 4,096/26,000 — 63.7 artículos/s
mpnet/abstract: 5,120/26,000 — 63.5 artículos/s
mpnet/abstract: 6,144/26,000 — 63.9 artículos/s
mpnet/abstract: 7,168/26,000 — 65.7 artículos/s
mpnet/abstract: 8,192/26,000 — 65.6 artículos/s
mpnet/abstract: 9,216/26,000 — 65.5 artículos/s
mpnet/abstract: 10,240/26,000 — 65.7 artículos/s
mpnet/abstract: 11,264/26,000 — 65.6 artículos/s
mpnet/abstract: 12,288/26,000 — 65.9 artículos/s
mpnet/abstract: 13,312/26,000 — 65.3 artículos/s
mpnet/abstract: 14,336/26,000 — 65.5 artículos/s
mpnet/abstract: 15,360/26,000 — 65.4 artículos/s
mpnet/abstract: 16,384/26,000 — 66.0 artículos/s
mpnet/abstract: 17,408/26,000 — 67.5 artículos/s
mpnet/abstract: 18,432/26,000 — 66.1 artículos/s
mpnet/abstract: 19,456/26,000 — 67.3 artículos/s
mpnet/abstract: 20,480/26,000 — 67.7 artículos/s
mpnet/abstract: 21,504/26,000 — 69.2 artículos/s
mpnet/abstract: 22,528/26,000 — 66.2 artículos/s
mpnet/abstract: 23,552/26,000 — 65.0 artículos/s
mpnet/abstract: 24,576/26,000 — 65.8 artículos/s
mpnet/abstract: 25,600/26,000 — 64.6 artículos/s
mpnet/abstract: 26,000/26,000 — 64.7 artículos/s
minilm/title_abstract: 2,048/26,000 — 10557.0 artículos/s
minilm/title_abstract: 3,072/26,000 — 8132.6 artículos/s
minilm/title_abstract: 4,096/26,000 — 8974.0 artículos/s
minilm/title_abstract: 5,120/26,000 — 6972.8 artículos/s
minilm/title_abstract: 6,144/26,000 — 7299.9 artículos/s
minilm/title_abstract: 7,168/26,000 — 7167.7 artículos/s
minilm/title_abstract: 8,192/26,000 — 7951.8 artículos/s
minilm/title_abstract: 9,216/26,000 — 6220.9 artículos/s
minilm/title_abstract: 10,240/26,000 — 6417.4 artículos/s
minilm/title_abstract: 11,264/26,000 — 6257.9 artículos/s
minilm/title_abstract: 12,288/26,000 — 6780.9 artículos/s
minilm/title_abstract: 13,312/26,000 — 6909.4 artículos/s
minilm/title_abstract: 14,336/26,000 — 6304.2 artículos/s
minilm/title_abstract: 15,360/26,000 — 9061.4 artículos/s
minilm/title_abstract: 16,384/26,000 — 8936.8 artículos/s
minilm/title_abstract: 17,408/26,000 — 14179.8 artículos/s
minilm/title_abstract: 18,432/26,000 — 19534.3 artículos/s
minilm/title_abstract: 19,456/26,000 — 15957.7 artículos/s
minilm/title_abstract: 20,480/26,000 — 21638.8 artículos/s
minilm/title_abstract: 21,504/26,000 — 20318.0 artículos/s
minilm/title_abstract: 22,528/26,000 — 13520.3 artículos/s
minilm/title_abstract: 23,552/26,000 — 17660.9 artículos/s
minilm/title_abstract: 24,576/26,000 — 18657.3 artículos/s
minilm/title_abstract: 25,600/26,000 — 16352.4 artículos/s
minilm/title_abstract: 26,000/26,000 — 16100.0 artículos/s
`torch_dtype` is deprecated! Use `dtype` instead!
minilm/title: 1,024/26,000 — 1515.6 artículos/s
minilm/title: 2,048/26,000 — 2244.8 artículos/s
minilm/title: 3,072/26,000 — 2284.0 artículos/s
minilm/title: 4,096/26,000 — 2238.4 artículos/s
minilm/title: 5,120/26,000 — 2251.6 artículos/s
minilm/title: 6,144/26,000 — 2372.0 artículos/s
minilm/title: 7,168/26,000 — 2265.8 artículos/s
minilm/title: 8,192/26,000 — 2234.9 artículos/s
minilm/title: 9,216/26,000 — 2151.1 artículos/s
minilm/title: 10,240/26,000 — 2295.7 artículos/s
minilm/title: 11,264/26,000 — 2409.7 artículos/s
minilm/title: 12,288/26,000 — 2308.4 artículos/s
minilm/title: 13,312/26,000 — 2158.3 artículos/s
minilm/title: 14,336/26,000 — 2311.5 artículos/s
minilm/title: 15,360/26,000 — 2139.3 artículos/s
minilm/title: 16,384/26,000 — 2181.8 artículos/s
minilm/title: 17,408/26,000 — 2322.2 artículos/s
minilm/title: 18,432/26,000 — 1944.1 artículos/s
minilm/title: 19,456/26,000 — 2472.7 artículos/s
minilm/title: 20,480/26,000 — 2329.0 artículos/s
minilm/title: 21,504/26,000 — 2304.7 artículos/s
minilm/title: 22,528/26,000 — 2332.8 artículos/s
minilm/title: 23,552/26,000 — 2219.7 artículos/s
minilm/title: 24,576/26,000 — 2118.6 artículos/s
minilm/title: 25,600/26,000 — 2459.0 artículos/s
minilm/title: 26,000/26,000 — 2404.1 artículos/s
minilm/abstract: 1,024/26,000 — 464.4 artículos/s
minilm/abstract: 2,048/26,000 — 464.0 artículos/s
minilm/abstract: 3,072/26,000 — 466.5 artículos/s
minilm/abstract: 4,096/26,000 — 474.5 artículos/s
minilm/abstract: 5,120/26,000 — 456.9 artículos/s
minilm/abstract: 6,144/26,000 — 473.8 artículos/s
minilm/abstract: 7,168/26,000 — 465.1 artículos/s
minilm/abstract: 8,192/26,000 — 464.6 artículos/s
minilm/abstract: 9,216/26,000 — 465.7 artículos/s
minilm/abstract: 10,240/26,000 — 466.0 artículos/s
minilm/abstract: 11,264/26,000 — 467.1 artículos/s
minilm/abstract: 12,288/26,000 — 466.8 artículos/s
minilm/abstract: 13,312/26,000 — 465.2 artículos/s
minilm/abstract: 14,336/26,000 — 456.2 artículos/s
minilm/abstract: 15,360/26,000 — 462.5 artículos/s
minilm/abstract: 16,384/26,000 — 458.4 artículos/s
minilm/abstract: 17,408/26,000 — 474.5 artículos/s
minilm/abstract: 18,432/26,000 — 469.9 artículos/s
minilm/abstract: 19,456/26,000 — 470.4 artículos/s
minilm/abstract: 20,480/26,000 — 471.4 artículos/s
minilm/abstract: 21,504/26,000 — 467.2 artículos/s
minilm/abstract: 22,528/26,000 — 462.6 artículos/s
minilm/abstract: 23,552/26,000 — 461.1 artículos/s
minilm/abstract: 24,576/26,000 — 462.6 artículos/s
minilm/abstract: 25,600/26,000 — 459.1 artículos/s
minilm/abstract: 26,000/26,000 — 466.9 artículos/s
pubmedbert/title_abstract: 1,024/26,000 — 3734.7 artículos/s
pubmedbert/title_abstract: 2,048/26,000 — 3937.8 artículos/s
pubmedbert/title_abstract: 3,072/26,000 — 4190.1 artículos/s
pubmedbert/title_abstract: 4,096/26,000 — 3422.7 artículos/s
pubmedbert/title_abstract: 5,120/26,000 — 3593.0 artículos/s
pubmedbert/title_abstract: 6,144/26,000 — 3420.0 artículos/s
pubmedbert/title_abstract: 7,168/26,000 — 2447.2 artículos/s
pubmedbert/title_abstract: 8,192/26,000 — 2468.3 artículos/s
pubmedbert/title_abstract: 9,216/26,000 — 3746.4 artículos/s
pubmedbert/title_abstract: 10,240/26,000 — 3160.0 artículos/s
pubmedbert/title_abstract: 11,264/26,000 — 2407.6 artículos/s
pubmedbert/title_abstract: 12,288/26,000 — 3519.3 artículos/s
pubmedbert/title_abstract: 13,312/26,000 — 2691.9 artículos/s
pubmedbert/title_abstract: 14,336/26,000 — 2788.6 artículos/s
pubmedbert/title_abstract: 15,360/26,000 — 2267.9 artículos/s
pubmedbert/title_abstract: 16,384/26,000 — 4354.6 artículos/s
pubmedbert/title_abstract: 17,408/26,000 — 6848.1 artículos/s
pubmedbert/title_abstract: 18,432/26,000 — 5007.7 artículos/s
pubmedbert/title_abstract: 19,456/26,000 — 6513.4 artículos/s
pubmedbert/title_abstract: 20,480/26,000 — 6405.4 artículos/s
pubmedbert/title_abstract: 21,504/26,000 — 6586.0 artículos/s
pubmedbert/title_abstract: 22,528/26,000 — 4474.2 artículos/s
pubmedbert/title_abstract: 23,552/26,000 — 7703.5 artículos/s
pubmedbert/title_abstract: 24,576/26,000 — 7168.7 artículos/s
pubmedbert/title_abstract: 25,600/26,000 — 7079.7 artículos/s
pubmedbert/title_abstract: 26,000/26,000 — 3950.8 artículos/s
`torch_dtype` is deprecated! Use `dtype` instead!
pubmedbert/title: 1,024/26,000 — 657.1 artículos/s
pubmedbert/title: 2,048/26,000 — 727.5 artículos/s
pubmedbert/title: 3,072/26,000 — 705.0 artículos/s
pubmedbert/title: 4,096/26,000 — 667.8 artículos/s
pubmedbert/title: 5,120/26,000 — 691.2 artículos/s
pubmedbert/title: 6,144/26,000 — 753.3 artículos/s
pubmedbert/title: 7,168/26,000 — 704.0 artículos/s
pubmedbert/title: 8,192/26,000 — 732.8 artículos/s
pubmedbert/title: 9,216/26,000 — 698.4 artículos/s
pubmedbert/title: 10,240/26,000 — 727.3 artículos/s
pubmedbert/title: 11,264/26,000 — 746.2 artículos/s
pubmedbert/title: 12,288/26,000 — 736.4 artículos/s
pubmedbert/title: 13,312/26,000 — 694.9 artículos/s
pubmedbert/title: 14,336/26,000 — 712.9 artículos/s
pubmedbert/title: 15,360/26,000 — 662.7 artículos/s
pubmedbert/title: 16,384/26,000 — 666.8 artículos/s
pubmedbert/title: 17,408/26,000 — 696.1 artículos/s
pubmedbert/title: 18,432/26,000 — 650.8 artículos/s
pubmedbert/title: 19,456/26,000 — 796.6 artículos/s
pubmedbert/title: 20,480/26,000 — 743.4 artículos/s
pubmedbert/title: 21,504/26,000 — 739.4 artículos/s
pubmedbert/title: 22,528/26,000 — 692.5 artículos/s
pubmedbert/title: 23,552/26,000 — 649.1 artículos/s
pubmedbert/title: 24,576/26,000 — 607.3 artículos/s
pubmedbert/title: 25,600/26,000 — 761.6 artículos/s
pubmedbert/title: 26,000/26,000 — 726.2 artículos/s
pubmedbert/abstract: 1,024/26,000 — 53.5 artículos/s
pubmedbert/abstract: 2,048/26,000 — 53.5 artículos/s
pubmedbert/abstract: 3,072/26,000 — 55.6 artículos/s
pubmedbert/abstract: 4,096/26,000 — 55.5 artículos/s
pubmedbert/abstract: 5,120/26,000 — 55.1 artículos/s
pubmedbert/abstract: 6,144/26,000 — 54.3 artículos/s
pubmedbert/abstract: 7,168/26,000 — 53.6 artículos/s
pubmedbert/abstract: 8,192/26,000 — 55.0 artículos/s
pubmedbert/abstract: 9,216/26,000 — 55.0 artículos/s
pubmedbert/abstract: 10,240/26,000 — 56.6 artículos/s
pubmedbert/abstract: 11,264/26,000 — 55.4 artículos/s
pubmedbert/abstract: 12,288/26,000 — 56.0 artículos/s
pubmedbert/abstract: 13,312/26,000 — 53.7 artículos/s
pubmedbert/abstract: 14,336/26,000 — 54.6 artículos/s
pubmedbert/abstract: 15,360/26,000 — 53.7 artículos/s
pubmedbert/abstract: 16,384/26,000 — 55.5 artículos/s
pubmedbert/abstract: 17,408/26,000 — 55.6 artículos/s
pubmedbert/abstract: 18,432/26,000 — 58.7 artículos/s
pubmedbert/abstract: 19,456/26,000 — 57.5 artículos/s
pubmedbert/abstract: 20,480/26,000 — 61.5 artículos/s
pubmedbert/abstract: 21,504/26,000 — 58.5 artículos/s
pubmedbert/abstract: 22,528/26,000 — 54.9 artículos/s
pubmedbert/abstract: 23,552/26,000 — 53.3 artículos/s
pubmedbert/abstract: 24,576/26,000 — 52.3 artículos/s
pubmedbert/abstract: 25,600/26,000 — 52.6 artículos/s
pubmedbert/abstract: 26,000/26,000 — 49.5 artículos/s
biobert/title_abstract: 1,024/26,000 — 4469.9 artículos/s
biobert/title_abstract: 2,048/26,000 — 3502.2 artículos/s
biobert/title_abstract: 3,072/26,000 — 2569.0 artículos/s
biobert/title_abstract: 4,096/26,000 — 2445.5 artículos/s
biobert/title_abstract: 5,120/26,000 — 3326.4 artículos/s
biobert/title_abstract: 6,144/26,000 — 3216.7 artículos/s
biobert/title_abstract: 7,168/26,000 — 2633.5 artículos/s
biobert/title_abstract: 8,192/26,000 — 3796.6 artículos/s
biobert/title_abstract: 9,216/26,000 — 2691.7 artículos/s
biobert/title_abstract: 10,240/26,000 — 3851.1 artículos/s
biobert/title_abstract: 11,264/26,000 — 3243.6 artículos/s
biobert/title_abstract: 12,288/26,000 — 2824.9 artículos/s
biobert/title_abstract: 13,312/26,000 — 4086.2 artículos/s
biobert/title_abstract: 14,336/26,000 — 2531.7 artículos/s
biobert/title_abstract: 15,360/26,000 — 2341.4 artículos/s
biobert/title_abstract: 16,384/26,000 — 2985.8 artículos/s
biobert/title_abstract: 17,408/26,000 — 5064.8 artículos/s
biobert/title_abstract: 18,432/26,000 — 6592.2 artículos/s
biobert/title_abstract: 19,456/26,000 — 5258.1 artículos/s
biobert/title_abstract: 20,480/26,000 — 4983.8 artículos/s
biobert/title_abstract: 21,504/26,000 — 5229.4 artículos/s
biobert/title_abstract: 22,528/26,000 — 6383.9 artículos/s
biobert/title_abstract: 23,552/26,000 — 4821.1 artículos/s
biobert/title_abstract: 24,576/26,000 — 4215.3 artículos/s
biobert/title_abstract: 25,600/26,000 — 7431.7 artículos/s
biobert/title_abstract: 26,000/26,000 — 4646.2 artículos/s
`torch_dtype` is deprecated! Use `dtype` instead!
biobert/title: 1,024/26,000 — 482.4 artículos/s
biobert/title: 2,048/26,000 — 532.5 artículos/s
biobert/title: 3,072/26,000 — 524.0 artículos/s
biobert/title: 4,096/26,000 — 520.6 artículos/s
biobert/title: 5,120/26,000 — 493.3 artículos/s
biobert/title: 6,144/26,000 — 526.9 artículos/s
biobert/title: 7,168/26,000 — 517.6 artículos/s
biobert/title: 8,192/26,000 — 529.9 artículos/s
biobert/title: 9,216/26,000 — 517.0 artículos/s
biobert/title: 10,240/26,000 — 534.5 artículos/s
biobert/title: 11,264/26,000 — 547.6 artículos/s
biobert/title: 12,288/26,000 — 550.9 artículos/s
biobert/title: 13,312/26,000 — 476.7 artículos/s
biobert/title: 14,336/26,000 — 512.1 artículos/s
biobert/title: 15,360/26,000 — 485.7 artículos/s
biobert/title: 16,384/26,000 — 497.4 artículos/s
biobert/title: 17,408/26,000 — 528.8 artículos/s
biobert/title: 18,432/26,000 — 476.6 artículos/s
biobert/title: 19,456/26,000 — 569.0 artículos/s
biobert/title: 20,480/26,000 — 519.9 artículos/s
biobert/title: 21,504/26,000 — 529.2 artículos/s
biobert/title: 22,528/26,000 — 540.8 artículos/s
biobert/title: 23,552/26,000 — 500.3 artículos/s
biobert/title: 24,576/26,000 — 475.1 artículos/s
biobert/title: 25,600/26,000 — 565.3 artículos/s
biobert/title: 26,000/26,000 — 563.5 artículos/s
biobert/abstract: 1,024/26,000 — 51.2 artículos/s
biobert/abstract: 2,048/26,000 — 51.9 artículos/s
biobert/abstract: 3,072/26,000 — 51.9 artículos/s
biobert/abstract: 4,096/26,000 — 51.5 artículos/s
biobert/abstract: 5,120/26,000 — 51.6 artículos/s
biobert/abstract: 6,144/26,000 — 51.3 artículos/s
biobert/abstract: 7,168/26,000 — 51.7 artículos/s
biobert/abstract: 8,192/26,000 — 50.6 artículos/s
biobert/abstract: 9,216/26,000 — 49.4 artículos/s
biobert/abstract: 10,240/26,000 — 52.2 artículos/s
biobert/abstract: 11,264/26,000 — 51.1 artículos/s
biobert/abstract: 12,288/26,000 — 51.5 artículos/s
biobert/abstract: 13,312/26,000 — 50.0 artículos/s
biobert/abstract: 14,336/26,000 — 51.7 artículos/s
biobert/abstract: 15,360/26,000 — 50.4 artículos/s
biobert/abstract: 16,384/26,000 — 52.1 artículos/s
biobert/abstract: 17,408/26,000 — 53.4 artículos/s
biobert/abstract: 18,432/26,000 — 53.5 artículos/s
biobert/abstract: 19,456/26,000 — 55.1 artículos/s
biobert/abstract: 20,480/26,000 — 56.6 artículos/s
biobert/abstract: 21,504/26,000 — 54.1 artículos/s
biobert/abstract: 22,528/26,000 — 51.6 artículos/s
biobert/abstract: 23,552/26,000 — 49.4 artículos/s
biobert/abstract: 24,576/26,000 — 50.2 artículos/s
biobert/abstract: 25,600/26,000 — 49.1 artículos/s
biobert/abstract: 26,000/26,000 — 49.2 artículos/s
simcse/title_abstract: 1,024/26,000 — 6934.4 artículos/s
simcse/title_abstract: 2,048/26,000 — 7943.7 artículos/s
simcse/title_abstract: 3,072/26,000 — 10669.4 artículos/s
simcse/title_abstract: 4,096/26,000 — 8211.6 artículos/s
simcse/title_abstract: 5,120/26,000 — 9278.8 artículos/s
simcse/title_abstract: 6,144/26,000 — 6011.9 artículos/s
simcse/title_abstract: 7,168/26,000 — 6253.7 artículos/s
simcse/title_abstract: 8,192/26,000 — 7261.9 artículos/s
simcse/title_abstract: 9,216/26,000 — 8386.5 artículos/s
simcse/title_abstract: 10,240/26,000 — 6738.9 artículos/s
simcse/title_abstract: 11,264/26,000 — 5872.4 artículos/s
simcse/title_abstract: 12,288/26,000 — 6054.5 artículos/s
simcse/title_abstract: 13,312/26,000 — 5264.2 artículos/s
simcse/title_abstract: 14,336/26,000 — 5599.7 artículos/s
simcse/title_abstract: 15,360/26,000 — 5650.7 artículos/s
simcse/title_abstract: 16,384/26,000 — 5583.4 artículos/s
simcse/title_abstract: 17,408/26,000 — 11223.0 artículos/s
simcse/title_abstract: 18,432/26,000 — 11353.3 artículos/s
simcse/title_abstract: 19,456/26,000 — 13965.6 artículos/s
simcse/title_abstract: 20,480/26,000 — 10830.3 artículos/s
simcse/title_abstract: 21,504/26,000 — 14100.6 artículos/s
simcse/title_abstract: 22,528/26,000 — 11564.6 artículos/s
simcse/title_abstract: 23,552/26,000 — 12824.5 artículos/s
simcse/title_abstract: 24,576/26,000 — 12309.3 artículos/s
simcse/title_abstract: 25,600/26,000 — 13988.0 artículos/s
simcse/title_abstract: 26,000/26,000 — 11704.4 artículos/s
`torch_dtype` is deprecated! Use `dtype` instead!
simcse/title: 1,024/26,000 — 578.2 artículos/s
simcse/title: 2,048/26,000 — 668.0 artículos/s
simcse/title: 3,072/26,000 — 658.3 artículos/s
simcse/title: 4,096/26,000 — 632.9 artículos/s
simcse/title: 5,120/26,000 — 639.0 artículos/s
simcse/title: 6,144/26,000 — 696.8 artículos/s
simcse/title: 7,168/26,000 — 645.2 artículos/s
simcse/title: 8,192/26,000 — 648.7 artículos/s
simcse/title: 9,216/26,000 — 619.4 artículos/s
simcse/title: 10,240/26,000 — 672.9 artículos/s
simcse/title: 11,264/26,000 — 701.9 artículos/s
simcse/title: 12,288/26,000 — 682.8 artículos/s
simcse/title: 13,312/26,000 — 614.3 artículos/s
simcse/title: 14,336/26,000 — 654.2 artículos/s
simcse/title: 15,360/26,000 — 605.0 artículos/s
simcse/title: 16,384/26,000 — 598.9 artículos/s
simcse/title: 17,408/26,000 — 672.6 artículos/s
simcse/title: 18,432/26,000 — 570.9 artículos/s
simcse/title: 19,456/26,000 — 756.2 artículos/s
simcse/title: 20,480/26,000 — 683.4 artículos/s
simcse/title: 21,504/26,000 — 695.0 artículos/s
simcse/title: 22,528/26,000 — 680.0 artículos/s
simcse/title: 23,552/26,000 — 619.7 artículos/s
simcse/title: 24,576/26,000 — 596.2 artículos/s
simcse/title: 25,600/26,000 — 691.6 artículos/s
simcse/title: 26,000/26,000 — 713.8 artículos/s
simcse/abstract: 1,024/26,000 — 52.0 artículos/s
simcse/abstract: 2,048/26,000 — 52.8 artículos/s
simcse/abstract: 3,072/26,000 — 53.3 artículos/s
simcse/abstract: 4,096/26,000 — 53.3 artículos/s
simcse/abstract: 5,120/26,000 — 53.0 artículos/s
simcse/abstract: 6,144/26,000 — 52.2 artículos/s
simcse/abstract: 7,168/26,000 — 52.2 artículos/s
simcse/abstract: 8,192/26,000 — 52.9 artículos/s
simcse/abstract: 9,216/26,000 — 52.8 artículos/s
simcse/abstract: 10,240/26,000 — 54.2 artículos/s
simcse/abstract: 11,264/26,000 — 53.0 artículos/s
simcse/abstract: 12,288/26,000 — 53.3 artículos/s
simcse/abstract: 13,312/26,000 — 48.9 artículos/s
simcse/abstract: 14,336/26,000 — 50.9 artículos/s
simcse/abstract: 15,360/26,000 — 51.2 artículos/s
simcse/abstract: 16,384/26,000 — 53.4 artículos/s
simcse/abstract: 17,408/26,000 — 54.3 artículos/s
simcse/abstract: 18,432/26,000 — 55.3 artículos/s
simcse/abstract: 19,456/26,000 — 56.7 artículos/s
simcse/abstract: 20,480/26,000 — 58.9 artículos/s
simcse/abstract: 21,504/26,000 — 55.8 artículos/s
simcse/abstract: 22,528/26,000 — 52.7 artículos/s
simcse/abstract: 23,552/26,000 — 50.5 artículos/s
simcse/abstract: 24,576/26,000 — 51.2 artículos/s
simcse/abstract: 25,600/26,000 — 50.7 artículos/s
simcse/abstract: 26,000/26,000 — 49.6 artículos/s
ALL INPUT CONDITIONS COMPLETE
INPUT QUEUE COMPLETE; ORIGINAL CHECKPOINT UNCHANGED
